../Drivers/CMSIS/Include/core_cm4.h:1933:34:__NVIC_SystemReset	4	static,ignoring_inline_asm
../LoRaWAN/App/lora_app.c:380:6:LoRaWAN_Init	32	static
../LoRaWAN/App/lora_app.c:475:6:HAL_GPIO_EXTI_Callback	16	static
../LoRaWAN/App/lora_app.c:502:5:humidity_conversion	16	static
../LoRaWAN/App/lora_app.c:506:5:temp_conversion	16	static
../LoRaWAN/App/lora_app.c:510:6:read_temp_humid	72	static
../LoRaWAN/App/lora_app.c:813:10:ADC_A2_GetLoadCellLevel	24	static
../LoRaWAN/App/lora_app.c:854:10:ADC_A1_GetOxygenLevel	24	static
../LoRaWAN/App/lora_app.c:894:10:ADC_A0_GetExternalBatteryLevel	24	static
../LoRaWAN/App/lora_app.c:937:13:OnRxData	56	static
../LoRaWAN/App/lora_app.c:1017:13:SendTxData	104	static
../LoRaWAN/App/lora_app.c:1215:13:OnTxTimerEvent	16	static
../LoRaWAN/App/lora_app.c:1230:13:OnTxTimerLedEvent	16	static
../LoRaWAN/App/lora_app.c:1235:13:OnRxTimerLedEvent	16	static
../LoRaWAN/App/lora_app.c:1240:13:OnJoinTimerLedEvent	16	static
../LoRaWAN/App/lora_app.c:1247:13:OnTxData	32	static
../LoRaWAN/App/lora_app.c:1276:13:OnJoinRequest	24	static
../LoRaWAN/App/lora_app.c:1306:13:OnBeaconStatusChange	96	static
../LoRaWAN/App/lora_app.c:1341:13:OnSysTimeUpdate	4	static
../LoRaWAN/App/lora_app.c:1348:13:OnClassChange	24	static
../LoRaWAN/App/lora_app.c:1355:13:OnMacProcessNotify	8	static
../LoRaWAN/App/lora_app.c:1367:13:OnTxPeriodicityChanged	16	static
../LoRaWAN/App/lora_app.c:1389:13:OnTxFrameCtrlChanged	16	static
../LoRaWAN/App/lora_app.c:1400:13:OnPingSlotPeriodicityChanged	16	static
../LoRaWAN/App/lora_app.c:1411:13:OnSystemReset	8	static
../LoRaWAN/App/lora_app.c:1425:13:StopJoin	8	static
../LoRaWAN/App/lora_app.c:1462:13:OnStopJoinTimerEvent	16	static
../LoRaWAN/App/lora_app.c:1478:13:StoreContext	16	static
../LoRaWAN/App/lora_app.c:1500:13:OnNvmDataChange	16	static
../LoRaWAN/App/lora_app.c:1518:13:OnStoreContextRequest	16	static
../LoRaWAN/App/lora_app.c:1533:13:OnRestoreContextRequest	16	static
