../Drivers/CMSIS/Include/core_cm4.h:1933:34:__NVIC_SystemReset	4	static,ignoring_inline_asm
../LoRaWAN/App/lora_app.c:380:6:LoRaWAN_Init	32	static
../LoRaWAN/App/lora_app.c:475:6:HAL_GPIO_EXTI_Callback	16	static
../LoRaWAN/App/lora_app.c:502:5:humidity_conversion	16	static
../LoRaWAN/App/lora_app.c:506:5:temp_conversion	16	static
../LoRaWAN/App/lora_app.c:510:6:read_temp_humid	72	static
../LoRaWAN/App/lora_app.c:536:13:OnRxData	56	static
../LoRaWAN/App/lora_app.c:616:13:SendTxData	96	static
../LoRaWAN/App/lora_app.c:790:13:OnTxTimerEvent	16	static
../LoRaWAN/App/lora_app.c:805:13:OnTxTimerLedEvent	16	static
../LoRaWAN/App/lora_app.c:810:13:OnRxTimerLedEvent	16	static
../LoRaWAN/App/lora_app.c:815:13:OnJoinTimerLedEvent	16	static
../LoRaWAN/App/lora_app.c:822:13:OnTxData	32	static
../LoRaWAN/App/lora_app.c:851:13:OnJoinRequest	24	static
../LoRaWAN/App/lora_app.c:881:13:OnBeaconStatusChange	96	static
../LoRaWAN/App/lora_app.c:916:13:OnSysTimeUpdate	4	static
../LoRaWAN/App/lora_app.c:923:13:OnClassChange	24	static
../LoRaWAN/App/lora_app.c:930:13:OnMacProcessNotify	8	static
../LoRaWAN/App/lora_app.c:942:13:OnTxPeriodicityChanged	16	static
../LoRaWAN/App/lora_app.c:964:13:OnTxFrameCtrlChanged	16	static
../LoRaWAN/App/lora_app.c:975:13:OnPingSlotPeriodicityChanged	16	static
../LoRaWAN/App/lora_app.c:986:13:OnSystemReset	8	static
../LoRaWAN/App/lora_app.c:1000:13:StopJoin	8	static
../LoRaWAN/App/lora_app.c:1037:13:OnStopJoinTimerEvent	16	static
../LoRaWAN/App/lora_app.c:1053:13:StoreContext	16	static
../LoRaWAN/App/lora_app.c:1075:13:OnNvmDataChange	16	static
../LoRaWAN/App/lora_app.c:1093:13:OnStoreContextRequest	16	static
../LoRaWAN/App/lora_app.c:1108:13:OnRestoreContextRequest	16	static
