../../Drivers/CMSIS/Include/core_cm4.h:1933:34:__NVIC_SystemReset	0	static,ignoring_inline_asm
/home/ante/STM32CubeIDE/workspace_1.16.1/LoRaWAN_End_Node/LoRaWAN/App/lora_app.c:870:13:OnSysTimeUpdate	0	static
/home/ante/STM32CubeIDE/workspace_1.16.1/LoRaWAN_End_Node/LoRaWAN/App/lora_app.c:918:13:OnTxFrameCtrlChanged	0	static
/home/ante/STM32CubeIDE/workspace_1.16.1/LoRaWAN_End_Node/LoRaWAN/App/lora_app.c:929:13:OnPingSlotPeriodicityChanged	0	static
/home/ante/STM32CubeIDE/workspace_1.16.1/LoRaWAN_End_Node/LoRaWAN/App/lora_app.c:835:13:OnBeaconStatusChange	72	static
/home/ante/STM32CubeIDE/workspace_1.16.1/LoRaWAN_End_Node/LoRaWAN/App/lora_app.c:877:13:OnClassChange	16	static
/home/ante/STM32CubeIDE/workspace_1.16.1/LoRaWAN_End_Node/LoRaWAN/App/lora_app.c:1029:13:OnNvmDataChange	8	static
/home/ante/STM32CubeIDE/workspace_1.16.1/LoRaWAN_End_Node/LoRaWAN/App/lora_app.c:744:13:OnTxTimerEvent	8	static
/home/ante/STM32CubeIDE/workspace_1.16.1/LoRaWAN_End_Node/LoRaWAN/App/lora_app.c:884:13:OnMacProcessNotify	8	static
/home/ante/STM32CubeIDE/workspace_1.16.1/LoRaWAN_End_Node/LoRaWAN/App/lora_app.c:940:13:OnSystemReset	8	static
/home/ante/STM32CubeIDE/workspace_1.16.1/LoRaWAN_End_Node/LoRaWAN/App/lora_app.c:896:13:OnTxPeriodicityChanged	8	static
/home/ante/STM32CubeIDE/workspace_1.16.1/LoRaWAN_End_Node/LoRaWAN/App/lora_app.c:776:13:OnTxData	24	static
/home/ante/STM32CubeIDE/workspace_1.16.1/LoRaWAN_End_Node/LoRaWAN/App/lora_app.c:805:13:OnJoinRequest	16	static
/home/ante/STM32CubeIDE/workspace_1.16.1/LoRaWAN_End_Node/LoRaWAN/App/lora_app.c:991:13:OnStopJoinTimerEvent	8	static
/home/ante/STM32CubeIDE/workspace_1.16.1/LoRaWAN_End_Node/LoRaWAN/App/lora_app.c:764:13:OnRxTimerLedEvent	8	static
/home/ante/STM32CubeIDE/workspace_1.16.1/LoRaWAN_End_Node/LoRaWAN/App/lora_app.c:759:13:OnTxTimerLedEvent	8	static
/home/ante/STM32CubeIDE/workspace_1.16.1/LoRaWAN_End_Node/LoRaWAN/App/lora_app.c:528:13:OnRxData	40	static
/home/ante/STM32CubeIDE/workspace_1.16.1/LoRaWAN_End_Node/LoRaWAN/App/lora_app.c:1047:13:OnStoreContextRequest	16	static
/home/ante/STM32CubeIDE/workspace_1.16.1/LoRaWAN_End_Node/LoRaWAN/App/lora_app.c:1062:13:OnRestoreContextRequest	8	static
/home/ante/STM32CubeIDE/workspace_1.16.1/LoRaWAN_End_Node/LoRaWAN/App/lora_app.c:954:13:StopJoin	16	static
/home/ante/STM32CubeIDE/workspace_1.16.1/LoRaWAN_End_Node/LoRaWAN/App/lora_app.c:1007:13:StoreContext	8	static
/home/ante/STM32CubeIDE/workspace_1.16.1/LoRaWAN_End_Node/LoRaWAN/App/lora_app.c:769:13:OnJoinTimerLedEvent	8	static
/home/ante/STM32CubeIDE/workspace_1.16.1/LoRaWAN_End_Node/LoRaWAN/App/lora_app.c:373:6:LoRaWAN_Init	48	static
/home/ante/STM32CubeIDE/workspace_1.16.1/LoRaWAN_End_Node/LoRaWAN/App/lora_app.c:468:6:HAL_GPIO_EXTI_Callback	8	static
/home/ante/STM32CubeIDE/workspace_1.16.1/LoRaWAN_End_Node/LoRaWAN/App/lora_app.c:495:5:humidity_conversion	8	static
/home/ante/STM32CubeIDE/workspace_1.16.1/LoRaWAN_End_Node/LoRaWAN/App/lora_app.c:499:5:temp_conversion	8	static
/home/ante/STM32CubeIDE/workspace_1.16.1/LoRaWAN_End_Node/LoRaWAN/App/lora_app.c:503:16:read_temp_humid	48	static
/home/ante/STM32CubeIDE/workspace_1.16.1/LoRaWAN_End_Node/LoRaWAN/App/lora_app.c:608:13:SendTxData	72	static
