2024-09-30 13:50:28,231 [INFO] Activator:176 - 


2024-09-30 13:50:28,237 [INFO] Activator:177 - !SESSION log4j initialized
2024-09-30 13:50:32,202 [INFO] LogOutputStream:77 - [STDOUT_REDIRECT] 
2024-09-30 13:50:33,376 [INFO] ApplicationProperties:184 - Using Application install path: /home/ante/st/stm32cubeide_1.16.1/plugins/com.st.stm32cube.common.mx_6.12.1.202409122256
2024-09-30 13:50:33,401 [INFO] DbMcusXml:78 - Set database path to: /home/ante/st/stm32cubeide_1.16.1/plugins/com.st.stm32cube.common.mx_6.12.1.202409122256//db//mcu/
2024-09-30 13:50:33,401 [INFO] ApiDb:274 - Set plugin database path to: /home/ante/st/stm32cubeide_1.16.1/plugins/com.st.stm32cube.common.mx_6.12.1.202409122256//db//plugins/boardmanager/
2024-09-30 13:50:33,401 [WARN] ApiDb:259 - Overriding images path with different value:  => /home/ante/st/stm32cubeide_1.16.1/plugins/com.st.stm32cube.common.mx_6.12.1.202409122256//db//plugins/mcufinder/images/
2024-09-30 13:50:33,408 [INFO] ApiDb:250 - Set database path to: /home/ante/.stmcufinder/plugins/mcufinder//mcu/
2024-09-30 13:50:33,410 [INFO] DbMcusAds:125 - Set database path to: /home/ante/.stmcufinder/plugins/mcufinder//mcu/
2024-09-30 13:50:33,414 [INFO] CrossReferenceDbSqlite:203 - Set database path to: /home/ante/.stmcufinder/plugins/mcufinder//mcu/cs/
2024-09-30 13:50:33,563 [INFO] RulesReader:64 - Compatibility file has been processed (297 Rules)
2024-09-30 13:50:33,624 [INFO] DbMcusXml:78 - Set database path to: /home/ante/st/stm32cubeide_1.16.1/plugins/com.st.stm32cube.common.mx_6.12.1.202409122256//db//mcu/
2024-09-30 13:50:33,624 [INFO] ApiDb:274 - Set plugin database path to: /home/ante/st/stm32cubeide_1.16.1/plugins/com.st.stm32cube.common.mx_6.12.1.202409122256//db//plugins/boardmanager/
2024-09-30 13:50:33,624 [INFO] ApiDb:261 - Set plugin images path to: /home/ante/st/stm32cubeide_1.16.1/plugins/com.st.stm32cube.common.mx_6.12.1.202409122256//db//plugins/mcufinder/images/
2024-09-30 13:50:33,624 [WARN] DbFile:41 - Overriding database path with different value: /home/ante/.stmcufinder/plugins/mcufinder/ => /home/ante/.stmcufinder/plugins/mcufinder
2024-09-30 13:50:33,624 [INFO] ApiDb:250 - Set database path to: /home/ante/.stmcufinder/plugins/mcufinder//mcu/
2024-09-30 13:50:33,624 [WARN] DbFile:41 - Overriding database path with different value: /home/ante/.stmcufinder/plugins/mcufinder/ => /home/ante/.stmcufinder/plugins/mcufinder
2024-09-30 13:50:33,625 [INFO] DbMcusAds:125 - Set database path to: /home/ante/.stmcufinder/plugins/mcufinder//mcu/
2024-09-30 13:50:33,625 [WARN] DbFile:41 - Overriding database path with different value: /home/ante/.stmcufinder/plugins/mcufinder/ => /home/ante/.stmcufinder/plugins/mcufinder
2024-09-30 13:50:33,625 [WARN] DbFile:41 - Overriding database path with different value: /home/ante/.stmcufinder/plugins/mcufinder/ => /home/ante/.stmcufinder/plugins/mcufinder
2024-09-30 13:50:33,625 [INFO] CrossReferenceDbSqlite:203 - Set database path to: /home/ante/.stmcufinder/plugins/mcufinder//mcu/cs/
2024-09-30 13:50:33,715 [INFO] MainPanel:268 - HeapMemory: 268435456
2024-09-30 13:50:33,849 [INFO] DbMcusXml:78 - Set database path to: /home/ante/st/stm32cubeide_1.16.1/plugins/com.st.stm32cube.common.mx_6.12.1.202409122256//db//mcu/
2024-09-30 13:50:33,849 [INFO] ApiDb:274 - Set plugin database path to: /home/ante/st/stm32cubeide_1.16.1/plugins/com.st.stm32cube.common.mx_6.12.1.202409122256//db//plugins/boardmanager/
2024-09-30 13:50:33,849 [INFO] ApiDb:261 - Set plugin images path to: /home/ante/st/stm32cubeide_1.16.1/plugins/com.st.stm32cube.common.mx_6.12.1.202409122256//db//plugins/mcufinder/images/
2024-09-30 13:50:33,850 [WARN] DbFile:41 - Overriding database path with different value: /home/ante/.stmcufinder/plugins/mcufinder/ => /home/ante/.stmcufinder/plugins/mcufinder
2024-09-30 13:50:33,850 [INFO] ApiDb:250 - Set database path to: /home/ante/.stmcufinder/plugins/mcufinder//mcu/
2024-09-30 13:50:33,850 [WARN] DbFile:41 - Overriding database path with different value: /home/ante/.stmcufinder/plugins/mcufinder/ => /home/ante/.stmcufinder/plugins/mcufinder
2024-09-30 13:50:33,850 [INFO] DbMcusAds:125 - Set database path to: /home/ante/.stmcufinder/plugins/mcufinder//mcu/
2024-09-30 13:50:33,850 [WARN] DbFile:41 - Overriding database path with different value: /home/ante/.stmcufinder/plugins/mcufinder/ => /home/ante/.stmcufinder/plugins/mcufinder
2024-09-30 13:50:33,850 [WARN] DbFile:41 - Overriding database path with different value: /home/ante/.stmcufinder/plugins/mcufinder/ => /home/ante/.stmcufinder/plugins/mcufinder
2024-09-30 13:50:33,850 [INFO] CrossReferenceDbSqlite:203 - Set database path to: /home/ante/.stmcufinder/plugins/mcufinder//mcu/cs/
2024-09-30 13:50:33,865 [INFO] ApplicationProperties:184 - Using Application install path: /home/ante/st/stm32cubeide_1.16.1/plugins/com.st.stm32cube.common.mx_6.12.1.202409122256
2024-09-30 13:50:33,867 [INFO] PluginManage:196 - Search for loadable plugins [exclusion list=, ]
2024-09-30 13:50:33,868 [INFO] PluginManage:310 - Check plugin analytics
2024-09-30 13:50:34,027 [INFO] AnalyticsPlugin:253 - Accepted Software Licenses: 
2024-09-30 13:50:34,027 [INFO] AnalyticsPlugin:255 - Accepted CMSIS Pack Licenses: 
2024-09-30 13:50:34,028 [INFO] AnalyticsPlugin:257 - Accepted Firmware Licenses: FW.WL.1.3.0
2024-09-30 13:50:34,031 [INFO] PluginManage:359 - Loaded plugin analytics (category:tool,tabindex:-1)
2024-09-30 13:50:34,032 [INFO] PluginManage:310 - Check plugin cadmodel
2024-09-30 13:50:34,036 [INFO] CADModel:105 - Init CAD model plugin
2024-09-30 13:50:34,037 [INFO] PluginManage:359 - Loaded plugin cadmodel (category:power,tabindex:5)
2024-09-30 13:50:34,037 [INFO] PluginManage:310 - Check plugin clock
2024-09-30 13:50:34,047 [INFO] PluginManage:359 - Loaded plugin clock (category:base,tabindex:2)
2024-09-30 13:50:34,047 [INFO] PluginManage:310 - Check plugin ddr
2024-09-30 13:50:34,049 [INFO] PluginManage:359 - Loaded plugin ddr (category:tool,tabindex:6)
2024-09-30 13:50:34,049 [INFO] PluginManage:310 - Check plugin filemanager
2024-09-30 13:50:34,303 [INFO] PluginManage:359 - Loaded plugin filemanager (category:base,tabindex:10)
2024-09-30 13:50:34,304 [INFO] PluginManage:310 - Check plugin ipmanager
2024-09-30 13:50:34,311 [INFO] PluginManage:359 - Loaded plugin ipmanager (category:base,tabindex:5)
2024-09-30 13:50:34,311 [INFO] PluginManage:310 - Check plugin lpbam
2024-09-30 13:50:34,325 [INFO] PluginManage:359 - Loaded plugin lpbam (category:base,tabindex:0)
2024-09-30 13:50:34,325 [INFO] PluginManage:310 - Check plugin memorymap
2024-09-30 13:50:34,342 [INFO] PluginManage:359 - Loaded plugin memorymap (category:base,tabindex:4)
2024-09-30 13:50:34,342 [INFO] PluginManage:310 - Check plugin pinoutandconfiguration
2024-09-30 13:50:34,353 [INFO] PluginManage:359 - Loaded plugin pinoutandconfiguration (category:base,tabindex:1)
2024-09-30 13:50:34,353 [INFO] PluginManage:310 - Check plugin pinoutconfig
2024-09-30 13:50:34,463 [WARN] SupportedApi:132 - Cannot load RTOS API schema: s4s-elt-must-match.1: The content of 'definitions' must match (annotation?, (simpleType | complexType)?, (unique | key | keyref)*)). A problem was found starting at: attribute.
2024-09-30 13:50:34,595 [INFO] PluginManage:359 - Loaded plugin pinoutconfig (category:base,tabindex:0)
2024-09-30 13:50:34,595 [INFO] PluginManage:310 - Check plugin power
2024-09-30 13:50:34,606 [INFO] PluginManage:359 - Loaded plugin power (category:power,tabindex:4)
2024-09-30 13:50:34,606 [INFO] PluginManage:310 - Check plugin projectmanager
2024-09-30 13:50:34,627 [INFO] PluginManage:359 - Loaded plugin projectmanager (category:projectmanager,tabindex:4)
2024-09-30 13:50:34,627 [INFO] PluginManage:310 - Check plugin rif
2024-09-30 13:50:34,634 [INFO] PluginManage:359 - Loaded plugin rif (category:base,tabindex:3)
2024-09-30 13:50:34,634 [INFO] PluginManage:310 - Check plugin thirdparty
2024-09-30 13:50:34,766 [WARN] IntegrityCheckThread:84 - waiting for thirdparty lock release [integrity check]
2024-09-30 13:50:34,766 [INFO] PluginManage:359 - Loaded plugin thirdparty (category:base,tabindex:-1)
2024-09-30 13:50:34,766 [INFO] IntegrityCheckThread:86 - entering critical section [integrity check]
2024-09-30 13:50:34,766 [INFO] PluginManage:310 - Check plugin tools
2024-09-30 13:50:34,767 [INFO] ThirdPartyUpdaterWithRetryManager:70 - Updater plugin not ready yet. [1/15]
2024-09-30 13:50:34,769 [INFO] PluginManage:359 - Loaded plugin tools (category:base,tabindex:7)
2024-09-30 13:50:34,769 [INFO] PluginManage:310 - Check plugin tutovideos
2024-09-30 13:50:35,009 [INFO] PluginManage:359 - Loaded plugin tutovideos (category:base,tabindex:-1)
2024-09-30 13:50:35,009 [INFO] PluginManage:310 - Check plugin updater
2024-09-30 13:50:35,027 [INFO] PluginManage:359 - Loaded plugin updater (category:base,tabindex:12)
2024-09-30 13:50:35,027 [INFO] PluginManage:310 - Check plugin userauth
2024-09-30 13:50:35,033 [INFO] UserAuth:113 - Init User Auth plugin
2024-09-30 13:50:35,033 [INFO] PluginManage:359 - Loaded plugin userauth (category:base,tabindex:14)
2024-09-30 13:50:35,034 [INFO] PluginManage:283 - PluginManage : Loaded plugins [18]
2024-09-30 13:50:35,193 [INFO] PinOutPanel:1561 - setPackage(No Configuration,No Configuration)
2024-09-30 13:50:35,256 [INFO] CADModel:165 - CPN selected for project level
2024-09-30 13:50:35,257 [INFO] CADModel:114 - Register for checkConnection events
2024-09-30 13:50:35,267 [INFO] IPUIPlugin:80 - create IPUIPlugin
2024-09-30 13:50:35,267 [INFO] PluginManager:220 - loadIPPluginJar : add genericplugin
2024-09-30 13:50:35,269 [INFO] IPUIPlugin:80 - create IPUIPlugin
2024-09-30 13:50:35,269 [INFO] PluginManager:220 - loadIPPluginJar : add ltdc
2024-09-30 13:50:35,274 [INFO] IPUIPlugin:80 - create IPUIPlugin
2024-09-30 13:50:35,274 [INFO] PluginManager:220 - loadIPPluginJar : add i2c
2024-09-30 13:50:35,276 [INFO] IPUIPlugin:80 - create IPUIPlugin
2024-09-30 13:50:35,276 [INFO] PluginManager:220 - loadIPPluginJar : add ucpd
2024-09-30 13:50:35,278 [INFO] IPUIPlugin:80 - create IPUIPlugin
2024-09-30 13:50:35,279 [INFO] PluginManager:220 - loadIPPluginJar : add sai
2024-09-30 13:50:35,281 [INFO] IPUIPlugin:80 - create IPUIPlugin
2024-09-30 13:50:35,281 [INFO] PluginManager:220 - loadIPPluginJar : add pdm2pcm
2024-09-30 13:50:35,283 [INFO] IPUIPlugin:80 - create IPUIPlugin
2024-09-30 13:50:35,283 [INFO] PluginManager:220 - loadIPPluginJar : add radio
2024-09-30 13:50:35,289 [INFO] IPUIPlugin:80 - create IPUIPlugin
2024-09-30 13:50:35,291 [INFO] PluginManager:220 - loadIPPluginJar : add plateformsettings
2024-09-30 13:50:35,299 [INFO] IPUIPlugin:80 - create IPUIPlugin
2024-09-30 13:50:35,299 [INFO] PluginManager:220 - loadIPPluginJar : add adc
2024-09-30 13:50:35,305 [INFO] IPUIPlugin:80 - create IPUIPlugin
2024-09-30 13:50:35,305 [INFO] PluginManager:220 - loadIPPluginJar : add mdma
2024-09-30 13:50:35,308 [INFO] IPUIPlugin:80 - create IPUIPlugin
2024-09-30 13:50:35,309 [INFO] PluginManager:220 - loadIPPluginJar : add nvic
2024-09-30 13:50:35,310 [INFO] IPUIPlugin:80 - create IPUIPlugin
2024-09-30 13:50:35,310 [INFO] PluginManager:220 - loadIPPluginJar : add comp
2024-09-30 13:50:35,313 [INFO] IPUIPlugin:80 - create IPUIPlugin
2024-09-30 13:50:35,313 [INFO] PluginManager:220 - loadIPPluginJar : add spi
2024-09-30 13:50:35,315 [INFO] IPUIPlugin:80 - create IPUIPlugin
2024-09-30 13:50:35,315 [INFO] PluginManager:220 - loadIPPluginJar : add hash
2024-09-30 13:50:35,319 [INFO] IPUIPlugin:80 - create IPUIPlugin
2024-09-30 13:50:35,319 [INFO] PluginManager:220 - loadIPPluginJar : add resmgrutility
2024-09-30 13:50:35,321 [INFO] IPUIPlugin:80 - create IPUIPlugin
2024-09-30 13:50:35,321 [INFO] PluginManager:220 - loadIPPluginJar : add gfxmmu
2024-09-30 13:50:35,323 [INFO] IPUIPlugin:80 - create IPUIPlugin
2024-09-30 13:50:35,324 [INFO] PluginManager:220 - loadIPPluginJar : add gtzc
2024-09-30 13:50:35,328 [INFO] IPUIPlugin:80 - create IPUIPlugin
2024-09-30 13:50:35,328 [INFO] PluginManager:220 - loadIPPluginJar : add gpio
2024-09-30 13:50:35,331 [INFO] IPUIPlugin:80 - create IPUIPlugin
2024-09-30 13:50:35,331 [INFO] PluginManager:220 - loadIPPluginJar : add lorawan
2024-09-30 13:50:35,332 [INFO] IPUIPlugin:80 - create IPUIPlugin
2024-09-30 13:50:35,333 [INFO] PluginManager:220 - loadIPPluginJar : add quadspi
2024-09-30 13:50:35,335 [INFO] IPUIPlugin:80 - create IPUIPlugin
2024-09-30 13:50:35,335 [INFO] PluginManager:220 - loadIPPluginJar : add can
2024-09-30 13:50:35,337 [INFO] IPUIPlugin:80 - create IPUIPlugin
2024-09-30 13:50:35,338 [INFO] PluginManager:220 - loadIPPluginJar : add aes
2024-09-30 13:50:35,340 [INFO] IPUIPlugin:80 - create IPUIPlugin
2024-09-30 13:50:35,340 [INFO] PluginManager:220 - loadIPPluginJar : add i3c
2024-09-30 13:50:35,343 [INFO] IPUIPlugin:80 - create IPUIPlugin
2024-09-30 13:50:35,344 [INFO] PluginManager:220 - loadIPPluginJar : add touchsensing
2024-09-30 13:50:35,346 [INFO] IPUIPlugin:80 - create IPUIPlugin
2024-09-30 13:50:35,346 [INFO] PluginManager:220 - loadIPPluginJar : add ddr_ctrl_phy
2024-09-30 13:50:35,348 [INFO] IPUIPlugin:80 - create IPUIPlugin
2024-09-30 13:50:35,348 [INFO] PluginManager:220 - loadIPPluginJar : add ts
2024-09-30 13:50:35,353 [INFO] IPUIPlugin:80 - create IPUIPlugin
2024-09-30 13:50:35,353 [INFO] PluginManager:220 - loadIPPluginJar : add freertos
2024-09-30 13:50:35,356 [INFO] IPUIPlugin:80 - create IPUIPlugin
2024-09-30 13:50:35,357 [INFO] PluginManager:220 - loadIPPluginJar : add ipddr
2024-09-30 13:50:35,359 [INFO] IPUIPlugin:80 - create IPUIPlugin
2024-09-30 13:50:35,359 [INFO] PluginManager:220 - loadIPPluginJar : add dfsdm
2024-09-30 13:50:35,362 [INFO] IPUIPlugin:80 - create IPUIPlugin
2024-09-30 13:50:35,362 [INFO] PluginManager:220 - loadIPPluginJar : add extmemmanager
2024-09-30 13:50:35,364 [INFO] IPUIPlugin:80 - create IPUIPlugin
2024-09-30 13:50:35,364 [INFO] PluginManager:220 - loadIPPluginJar : add cryp
2024-09-30 13:50:35,370 [INFO] IPUIPlugin:80 - create IPUIPlugin
2024-09-30 13:50:35,370 [INFO] PluginManager:220 - loadIPPluginJar : add gic
2024-09-30 13:50:35,372 [INFO] IPUIPlugin:80 - create IPUIPlugin
2024-09-30 13:50:35,373 [INFO] PluginManager:220 - loadIPPluginJar : add usbx
2024-09-30 13:50:35,375 [INFO] IPUIPlugin:80 - create IPUIPlugin
2024-09-30 13:50:35,376 [INFO] PluginManager:220 - loadIPPluginJar : add openamp
2024-09-30 13:50:35,377 [INFO] IPUIPlugin:80 - create IPUIPlugin
2024-09-30 13:50:35,378 [INFO] PluginManager:220 - loadIPPluginJar : add tracer_emb
2024-09-30 13:50:35,380 [INFO] IPUIPlugin:80 - create IPUIPlugin
2024-09-30 13:50:35,380 [INFO] PluginManager:220 - loadIPPluginJar : add usart
2024-09-30 13:50:35,382 [INFO] IPUIPlugin:80 - create IPUIPlugin
2024-09-30 13:50:35,382 [INFO] PluginManager:220 - loadIPPluginJar : add fatfs
2024-09-30 13:50:35,385 [INFO] IPUIPlugin:80 - create IPUIPlugin
2024-09-30 13:50:35,385 [INFO] PluginManager:220 - loadIPPluginJar : add opamp
2024-09-30 13:50:35,391 [INFO] IPUIPlugin:80 - create IPUIPlugin
2024-09-30 13:50:35,391 [INFO] PluginManager:220 - loadIPPluginJar : add stm32_wpan
2024-09-30 13:50:35,396 [INFO] IPUIPlugin:80 - create IPUIPlugin
2024-09-30 13:50:35,396 [INFO] PluginManager:220 - loadIPPluginJar : add fmc
2024-09-30 13:50:35,404 [INFO] IPUIPlugin:80 - create IPUIPlugin
2024-09-30 13:50:35,405 [INFO] PluginManager:220 - loadIPPluginJar : add linkedlist
2024-09-30 13:50:35,406 [INFO] IPUIPlugin:80 - create IPUIPlugin
2024-09-30 13:50:35,406 [INFO] PluginManager:220 - loadIPPluginJar : add tim
2024-09-30 13:50:35,408 [INFO] IPUIPlugin:80 - create IPUIPlugin
2024-09-30 13:50:35,408 [INFO] PluginManager:220 - loadIPPluginJar : add tsc
2024-09-30 13:50:35,414 [INFO] IPUIPlugin:80 - create IPUIPlugin
2024-09-30 13:50:35,414 [INFO] PluginManager:220 - loadIPPluginJar : add dma
2024-09-30 13:50:35,417 [INFO] IPUIPlugin:80 - create IPUIPlugin
2024-09-30 13:50:35,417 [INFO] PluginManager:220 - loadIPPluginJar : add i2s
2024-09-30 13:50:35,419 [INFO] IPUIPlugin:80 - create IPUIPlugin
2024-09-30 13:50:35,419 [INFO] PluginManager:220 - loadIPPluginJar : add dma3
2024-09-30 13:50:35,519 [INFO] CADModel:165 - CPN selected for project level
2024-09-30 13:50:35,519 [INFO] CADModel:114 - Register for checkConnection events
2024-09-30 13:50:35,520 [FATAL] Updater:334 - Updater called before beeing initialized
2024-09-30 13:50:35,520 [ERROR] CADModel:125 - Updater not yet initialized, retry later 
2024-09-30 13:50:35,657 [INFO] CADModel:165 - CPN selected for project level
2024-09-30 13:50:35,657 [INFO] CADModel:114 - Register for checkConnection events
2024-09-30 13:50:35,657 [FATAL] Updater:334 - Updater called before beeing initialized
2024-09-30 13:50:35,657 [ERROR] CADModel:125 - Updater not yet initialized, retry later 
2024-09-30 13:50:35,661 [FATAL] Updater:334 - Updater called before beeing initialized
2024-09-30 13:50:35,726 [FATAL] Updater:334 - Updater called before beeing initialized
2024-09-30 13:50:35,729 [INFO] DbMcusAds:53 - JSON generation date=Fri Sep 20 15:04:23 CEST 2024 (1726837463098)
2024-09-30 13:50:35,730 [FATAL] Updater:334 - Updater called before beeing initialized
2024-09-30 13:50:35,759 [WARN] DetailPanel:346 - Failed to get advertising image, set to default
2024-09-30 13:50:35,851 [FATAL] Updater:334 - Updater called before beeing initialized
2024-09-30 13:50:35,853 [FATAL] Updater:334 - Updater called before beeing initialized
2024-09-30 13:50:35,853 [FATAL] Updater:334 - Updater called before beeing initialized
2024-09-30 13:50:35,853 [WARN] DetailPanel:346 - Failed to get advertising image, set to default
2024-09-30 13:50:35,854 [FATAL] Updater:334 - Updater called before beeing initialized
2024-09-30 13:50:35,903 [ERROR] Updater:1164 - MainUpdater not yet initialized. External WinMGr cannot be set.
2024-09-30 13:50:35,905 [INFO] Updater:1100 - Updater Version found : 6.12.1
2024-09-30 13:50:35,936 [INFO] ApplicationProperties:184 - Using Application install path: /home/ante/st/stm32cubeide_1.16.1/plugins/com.st.stm32cube.common.mx_6.12.1.202409122256
2024-09-30 13:50:36,213 [INFO] MainUpdater:2873 - connection check result : 10
2024-09-30 13:50:36,214 [INFO] MainUpdater:3567 - Updater definition file requires update
2024-09-30 13:50:36,215 [INFO] MainUpdater:290 - Updater Check For Update Now.
2024-09-30 13:50:36,215 [INFO] MicroXplorer:498 - Change Database Version : DB.6.0.121
2024-09-30 13:50:36,223 [INFO] McuFinderGlobals:63 - Set McuFinder mode to 2 (CubeIDE integrated)
2024-09-30 13:50:36,223 [INFO] UserAuth:179 - activating auth plugin
2024-09-30 13:50:36,228 [INFO] UserAuth:417 - Internet connection configuration mode: 1
2024-09-30 13:50:36,247 [INFO] JxBrowserEngine:152 - Initiate JxBrowser Engine with user profile folder
2024-09-30 13:50:36,287 [INFO] ServerAccessManage:473 - Download File updaters.zip
2024-09-30 13:50:36,405 [INFO] FileExtend:240 - Unzip File : updaters.zip
2024-09-30 13:50:36,405 [INFO] FileExtend:255 - Standard Zip Deflate
2024-09-30 13:50:36,538 [INFO] ServerAccessManage:473 - Download File PacksControlFlags.xml
2024-09-30 13:50:36,642 [INFO] ServerAccessManage:473 - Download File cubemx.pidx
2024-09-30 13:50:37,278 [INFO] WebApp:167 - Instantiating new browser for Auth
2024-09-30 13:50:37,388 [INFO] ServerAccessManage:473 - Download File STMicroelectronics.X-CUBE-NFC9.pdsc
2024-09-30 13:50:37,487 [INFO] ServerAccessManage:473 - Download File STMicroelectronics.X-CUBE-NFC10.pdsc
2024-09-30 13:50:37,767 [WARN] MainUpdater:1194 - Updater busy. Cannot search thirdparties
2024-09-30 13:50:37,768 [INFO] ThirdPartyUpdaterWithRetryManager:96 - Updater plugin is busy. [1/15]
2024-09-30 13:50:38,208 [WARN] PackLoader:240 - Cannot read IP mode file for STMicroelectronics.X-CUBE-NFC9.1.0.0
2024-09-30 13:50:38,212 [INFO] WebApp:448 - Apply proxy settings
2024-09-30 13:50:38,213 [INFO] WebApp:533 - Chromium requires no authentication
2024-09-30 13:50:38,228 [INFO] WebApp:476 - Direct internet connection detected
2024-09-30 13:50:38,229 [WARN] PackLoader:240 - Cannot read IP mode file for STMicroelectronics.X-CUBE-NFC10.1.0.0
2024-09-30 13:50:38,237 [INFO] PopulateThirdPartyThread:66 - Ending populate Thread
2024-09-30 13:50:38,239 [INFO] ThirdParty:1030 - CMSIS Pack Vendor :STMicroelectronics X-CUBE-NFC9 1.0.0
2024-09-30 13:50:38,239 [INFO] ThirdParty:1030 - CMSIS Pack Vendor :STMicroelectronics X-CUBE-NFC10 1.0.0
2024-09-30 13:50:38,240 [INFO] LoadServerUpdatesThread:375 - End of LoadServerUpdate Thread
2024-09-30 13:50:38,260 [INFO] WebApp:869 - Register for checkConnection events
2024-09-30 13:50:38,261 [INFO] WebApp:448 - Apply proxy settings
2024-09-30 13:50:38,261 [INFO] WebApp:533 - Chromium requires no authentication
2024-09-30 13:50:38,262 [INFO] WebApp:476 - Direct internet connection detected
2024-09-30 13:50:38,341 [INFO] CheckServerUpdateThread:120 - End of CheckServer Thread
2024-09-30 13:50:38,397 [INFO] WebApp:220 - Starting web application
2024-09-30 13:50:38,397 [INFO] WebApp:578 - Web application path used /home/ante/st/stm32cubeide_1.16.1/plugins/com.st.stm32cube.common.mx_6.12.1.202409122256/db/plugins/mcufinder/reactClient1/index.html
2024-09-30 13:50:40,852 [WARN] PackLoader:240 - Cannot read IP mode file for STMicroelectronics.FP-SNS-MOTENVWB1.1.4.0
2024-09-30 13:50:40,858 [WARN] PackLoader:240 - Cannot read IP mode file for STMicroelectronics.X-CUBE-SMBUS.2.1.0
2024-09-30 13:50:40,882 [WARN] PackLoader:240 - Cannot read IP mode file for STMicroelectronics.X-CUBE-AZRTOS-F7.1.1.0
2024-09-30 13:50:40,960 [WARN] PackLoader:240 - Cannot read IP mode file for STMicroelectronics.X-CUBE-MEMS1.11.0.0
2024-09-30 13:50:41,136 [WARN] PackLoader:240 - Cannot read IP mode file for STMicroelectronics.FP-SNS-FLIGHT1.5.0.2
2024-09-30 13:50:41,142 [WARN] PackLoader:240 - Cannot read IP mode file for STMicroelectronics.X-CUBE-DISPLAY.3.0.0
2024-09-30 13:50:41,149 [WARN] PackLoader:240 - Cannot read IP mode file for STMicroelectronics.X-CUBE-BLE1.7.0.0
2024-09-30 13:50:41,154 [WARN] PackLoader:240 - Cannot read IP mode file for STMicroelectronics.X-CUBE-NFC10.1.0.0
2024-09-30 13:50:41,159 [WARN] PackLoader:240 - Cannot read IP mode file for emotas.I-CUBE-CANOPEN.1.3.0
2024-09-30 13:50:41,167 [WARN] PackLoader:240 - Cannot read IP mode file for STMicroelectronics.X-CUBE-BLEMGR.3.1.0
2024-09-30 13:50:41,172 [WARN] PackLoader:240 - Cannot read IP mode file for STMicroelectronics.FP-SNS-SMARTAG2.1.2.0
2024-09-30 13:50:41,178 [INFO] LogOutputStream:77 - [STDOUT_REDIRECT] 1 : Invalid condition id : UX_CORESTACK_Condition cause : null
2024-09-30 13:50:41,179 [INFO] LogOutputStream:77 - [STDOUT_REDIRECT] 1 : Invalid condition id : UX_CORESTACK_Condition cause : null
2024-09-30 13:50:41,179 [INFO] LogOutputStream:77 - [STDOUT_REDIRECT] 1 : Invalid condition id : UX_CORESTACK_Condition cause : null
2024-09-30 13:50:41,180 [INFO] LogOutputStream:77 - [STDOUT_REDIRECT] 1 : Invalid condition id : UX_CORESTACK_Condition cause : null
2024-09-30 13:50:41,180 [INFO] LogOutputStream:77 - [STDOUT_REDIRECT] 1 : Invalid condition id : UX_CORESTACK_Condition cause : null
2024-09-30 13:50:41,184 [WARN] PackLoader:240 - Cannot read IP mode file for STMicroelectronics.X-CUBE-AZRTOS-WL.2.0.0
2024-09-30 13:50:41,189 [WARN] PackLoader:240 - Cannot read IP mode file for STMicroelectronics.FP-SNS-MOTENV1.5.0.0
2024-09-30 13:50:41,194 [WARN] PackLoader:240 - Cannot read IP mode file for wolfSSL.I-CUBE-wolfMQTT.1.19.0
2024-09-30 13:50:41,199 [WARN] PackLoader:240 - Cannot read IP mode file for WES.I-CUBE-Cesium.1.3.0
2024-09-30 13:50:41,202 [WARN] PackLoader:240 - Cannot read IP mode file for STMicroelectronics.X-CUBE-BLE2.3.3.0
2024-09-30 13:50:41,207 [WARN] PackLoader:240 - Cannot read IP mode file for STMicroelectronics.X-CUBE-NFC9.1.0.0
2024-09-30 13:50:41,212 [WARN] PackLoader:240 - Cannot read IP mode file for STMicroelectronics.X-CUBE-TCPP.4.1.0
2024-09-30 13:50:41,230 [WARN] PackLoader:240 - Cannot read IP mode file for STMicroelectronics.X-CUBE-AZRTOS-G0.1.1.0
2024-09-30 13:50:41,236 [WARN] PackLoader:240 - Cannot read IP mode file for STMicroelectronics.X-CUBE-SAFEA1.1.2.2
2024-09-30 13:50:41,240 [WARN] PackLoader:240 - Cannot read IP mode file for STMicroelectronics.X-CUBE-NFC4.3.0.0
2024-09-30 13:50:41,247 [WARN] PackLoader:240 - Cannot read IP mode file for EmbeddedOffice.I-CUBE-FS-RTOS.1.0.1
2024-09-30 13:50:41,248 [ERROR] ConditionMgr:805 - Attr not supported : Dmpu
2024-09-30 13:50:41,248 [ERROR] ConditionMgr:805 - Attr not supported : Dmpu
2024-09-30 13:50:41,248 [ERROR] ConditionMgr:805 - Attr not supported : Dmpu
2024-09-30 13:50:41,248 [ERROR] ConditionMgr:805 - Attr not supported : Dmpu
2024-09-30 13:50:41,248 [ERROR] ConditionMgr:805 - Attr not supported : Dmpu
2024-09-30 13:50:41,249 [ERROR] ConditionMgr:805 - Attr not supported : Dmpu
2024-09-30 13:50:41,249 [ERROR] ConditionMgr:805 - Attr not supported : Dmpu
2024-09-30 13:50:41,249 [ERROR] ConditionMgr:805 - Attr not supported : Dmpu
2024-09-30 13:50:41,249 [ERROR] ConditionMgr:805 - Attr not supported : Dmpu
2024-09-30 13:50:41,249 [ERROR] ConditionMgr:805 - Attr not supported : Dmpu
2024-09-30 13:50:41,249 [ERROR] ConditionMgr:805 - Attr not supported : Dmpu
2024-09-30 13:50:41,249 [ERROR] ConditionMgr:805 - Attr not supported : Dmpu
2024-09-30 13:50:41,249 [ERROR] ConditionMgr:805 - Attr not supported : Dmpu
2024-09-30 13:50:41,250 [ERROR] ConditionMgr:805 - Attr not supported : Dmpu
2024-09-30 13:50:41,250 [ERROR] ConditionMgr:805 - Attr not supported : Dmpu
2024-09-30 13:50:41,250 [ERROR] ConditionMgr:805 - Attr not supported : Dmpu
2024-09-30 13:50:41,250 [ERROR] ConditionMgr:805 - Attr not supported : Dmpu
2024-09-30 13:50:41,250 [ERROR] ConditionMgr:805 - Attr not supported : Dmpu
2024-09-30 13:50:41,250 [ERROR] ConditionMgr:805 - Attr not supported : Dmpu
2024-09-30 13:50:41,250 [ERROR] ConditionMgr:805 - Attr not supported : Dmpu
2024-09-30 13:50:41,250 [ERROR] ConditionMgr:805 - Attr not supported : Dmpu
2024-09-30 13:50:41,250 [ERROR] ConditionMgr:805 - Attr not supported : Dmpu
2024-09-30 13:50:41,250 [ERROR] ConditionMgr:805 - Attr not supported : Dmpu
2024-09-30 13:50:41,250 [ERROR] ConditionMgr:805 - Attr not supported : Dmpu
2024-09-30 13:50:41,251 [ERROR] ConditionMgr:805 - Attr not supported : Dmpu
2024-09-30 13:50:41,251 [ERROR] ConditionMgr:805 - Attr not supported : Dmpu
2024-09-30 13:50:41,251 [ERROR] ConditionMgr:805 - Attr not supported : Dmpu
2024-09-30 13:50:41,251 [ERROR] ConditionMgr:805 - Attr not supported : Dmpu
2024-09-30 13:50:41,251 [ERROR] ConditionMgr:805 - Attr not supported : Dmpu
2024-09-30 13:50:41,251 [ERROR] ConditionMgr:805 - Attr not supported : Dmpu
2024-09-30 13:50:41,251 [ERROR] ConditionMgr:805 - Attr not supported : Dmpu
2024-09-30 13:50:41,251 [ERROR] ConditionMgr:805 - Attr not supported : Dmpu
2024-09-30 13:50:41,251 [ERROR] ConditionMgr:805 - Attr not supported : Dmpu
2024-09-30 13:50:41,251 [ERROR] ConditionMgr:805 - Attr not supported : Dmpu
2024-09-30 13:50:41,251 [ERROR] ConditionMgr:805 - Attr not supported : Dmpu
2024-09-30 13:50:41,251 [ERROR] ConditionMgr:805 - Attr not supported : Dmpu
2024-09-30 13:50:41,251 [ERROR] ConditionMgr:805 - Attr not supported : Dmpu
2024-09-30 13:50:41,251 [ERROR] ConditionMgr:805 - Attr not supported : Dmpu
2024-09-30 13:50:41,251 [ERROR] ConditionMgr:805 - Attr not supported : Dmpu
2024-09-30 13:50:41,251 [ERROR] ConditionMgr:805 - Attr not supported : Dmpu
2024-09-30 13:50:41,251 [ERROR] ConditionMgr:805 - Attr not supported : Dmpu
2024-09-30 13:50:41,252 [ERROR] ConditionMgr:805 - Attr not supported : Dmpu
2024-09-30 13:50:41,252 [ERROR] ConditionMgr:805 - Attr not supported : Dmpu
2024-09-30 13:50:41,252 [ERROR] ConditionMgr:805 - Attr not supported : Dmpu
2024-09-30 13:50:41,252 [ERROR] ConditionMgr:805 - Attr not supported : Dmpu
2024-09-30 13:50:41,252 [ERROR] ConditionMgr:805 - Attr not supported : Dmpu
2024-09-30 13:50:41,252 [ERROR] ConditionMgr:805 - Attr not supported : Dmpu
2024-09-30 13:50:41,252 [ERROR] ConditionMgr:805 - Attr not supported : Dmpu
2024-09-30 13:50:41,252 [ERROR] ConditionMgr:805 - Attr not supported : Dmpu
2024-09-30 13:50:41,252 [ERROR] ConditionMgr:805 - Attr not supported : Dmpu
2024-09-30 13:50:41,252 [ERROR] ConditionMgr:805 - Attr not supported : Dmpu
2024-09-30 13:50:41,252 [ERROR] ConditionMgr:805 - Attr not supported : Dmpu
2024-09-30 13:50:41,252 [ERROR] ConditionMgr:805 - Attr not supported : Dmpu
2024-09-30 13:50:41,252 [ERROR] ConditionMgr:805 - Attr not supported : Dmpu
2024-09-30 13:50:41,252 [ERROR] ConditionMgr:805 - Attr not supported : Dmpu
2024-09-30 13:50:41,253 [ERROR] ConditionMgr:805 - Attr not supported : Dmpu
2024-09-30 13:50:41,253 [ERROR] ConditionMgr:805 - Attr not supported : Dmpu
2024-09-30 13:50:41,253 [ERROR] ConditionMgr:805 - Attr not supported : Dmpu
2024-09-30 13:50:41,253 [ERROR] ConditionMgr:805 - Attr not supported : Dmpu
2024-09-30 13:50:41,253 [ERROR] ConditionMgr:805 - Attr not supported : Dmpu
2024-09-30 13:50:41,253 [ERROR] ConditionMgr:805 - Attr not supported : Dmpu
2024-09-30 13:50:41,253 [ERROR] ConditionMgr:805 - Attr not supported : Dmpu
2024-09-30 13:50:41,253 [ERROR] ConditionMgr:805 - Attr not supported : Dmpu
2024-09-30 13:50:41,253 [ERROR] ConditionMgr:805 - Attr not supported : Dmpu
2024-09-30 13:50:41,257 [WARN] PackLoader:240 - Cannot read IP mode file for RealThread.X-CUBE-RT-Thread_Nano.4.1.1
2024-09-30 13:50:41,260 [WARN] PackLoader:240 - Cannot read IP mode file for STMicroelectronics.FP-ATR-SIGFOX1.3.2.0
2024-09-30 13:50:41,262 [WARN] PackLoader:240 - Cannot read IP mode file for wolfSSL.I-CUBE-wolfSSL.5.7.2
2024-09-30 13:50:41,266 [WARN] PackLoader:240 - Cannot read IP mode file for STMicroelectronics.X-CUBE-EEPRMA1.5.1.0
2024-09-30 13:50:41,272 [WARN] PackLoader:240 - Cannot read IP mode file for ITTIA_DB.I-CUBE-ITTIADB.8.9.0
2024-09-30 13:50:41,295 [WARN] PackLoader:240 - Cannot read IP mode file for SEGGER.I-CUBE-embOS.1.3.1
2024-09-30 13:50:41,330 [WARN] PackLoader:240 - Cannot read IP mode file for STMicroelectronics.X-CUBE-ALGOBUILD.1.4.0
2024-09-30 13:50:41,342 [WARN] PackLoader:240 - Cannot read IP mode file for STMicroelectronics.X-CUBE-AZRTOS-F4.1.1.0
2024-09-30 13:50:41,347 [WARN] PackLoader:240 - Cannot read IP mode file for STMicroelectronics.X-CUBE-ISPU.2.1.0
2024-09-30 13:50:41,350 [WARN] PackLoader:240 - Cannot read IP mode file for STMicroelectronics.X-CUBE-FREERTOS.1.2.0
2024-09-30 13:50:41,362 [WARN] PackLoader:240 - Cannot read IP mode file for STMicroelectronics.X-CUBE-AZRTOS-L5.2.0.0
2024-09-30 13:50:41,369 [WARN] PackLoader:240 - Cannot read IP mode file for STMicroelectronics.X-CUBE-NFC6.3.1.0
2024-09-30 13:50:41,375 [WARN] PackLoader:240 - Cannot read IP mode file for STMicroelectronics.X-CUBE-DPower.1.2.0
2024-09-30 13:50:41,378 [WARN] PackLoader:240 - Cannot read IP mode file for STMicroelectronics.X-CUBE-AI.9.0.0
2024-09-30 13:50:41,382 [WARN] PackLoader:240 - Cannot read IP mode file for STMicroelectronics.X-CUBE-NFC7.1.0.1
2024-09-30 13:50:41,397 [WARN] ConditionMgr:438 - getConditionDescription Invalid condition id : LAN8742 Phy interface Condition cause : null
2024-09-30 13:50:41,398 [WARN] PackLoader:240 - Cannot read IP mode file for STMicroelectronics.X-CUBE-AZRTOS-L4.2.0.0
2024-09-30 13:50:41,399 [WARN] ConditionMgr:1039 - genDependencies : Invalid condition id : LAN8742 Phy interface Condition cause : null
2024-09-30 13:50:41,400 [WARN] ConditionMgr:1039 - genDependencies : Invalid condition id : LAN8742 Phy interface Condition cause : null
2024-09-30 13:50:41,400 [WARN] ConditionMgr:1039 - genDependencies : Invalid condition id : LAN8742 Phy interface Condition cause : null
2024-09-30 13:50:41,406 [WARN] PackLoader:240 - Cannot read IP mode file for STMicroelectronics.X-CUBE-SFXS2LP1.4.0.0
2024-09-30 13:50:41,421 [WARN] PackLoader:240 - Cannot read IP mode file for STMicroelectronics.X-CUBE-AZRTOS-H7.3.3.0
2024-09-30 13:50:41,439 [WARN] ConditionMgr:438 - getConditionDescription Invalid condition id : UX DEVICE CLASS RTOS Condition cause : null
2024-09-30 13:50:41,439 [WARN] ConditionMgr:438 - getConditionDescription Invalid condition id : UX DEVICE CLASS RTOS Condition cause : null
2024-09-30 13:50:41,441 [WARN] PackLoader:240 - Cannot read IP mode file for STMicroelectronics.X-CUBE-AZRTOS-WB.2.0.0
2024-09-30 13:50:41,442 [WARN] ConditionMgr:1039 - genDependencies : Invalid condition id : UX DEVICE CLASS RTOS Condition cause : null
2024-09-30 13:50:41,442 [WARN] ConditionMgr:1039 - genDependencies : Invalid condition id : UX DEVICE CLASS RTOS Condition cause : null
2024-09-30 13:50:41,442 [WARN] ConditionMgr:1039 - genDependencies : Invalid condition id : UX DEVICE CLASS RTOS Condition cause : null
2024-09-30 13:50:41,443 [WARN] ConditionMgr:1039 - genDependencies : Invalid condition id : UX DEVICE CLASS RTOS Condition cause : null
2024-09-30 13:50:41,443 [WARN] ConditionMgr:1039 - genDependencies : Invalid condition id : UX DEVICE CLASS RTOS Condition cause : null
2024-09-30 13:50:41,447 [WARN] PackLoader:240 - Cannot read IP mode file for STMicroelectronics.X-CUBE-GNSS1.7.0.0
2024-09-30 13:50:41,453 [WARN] PackLoader:240 - Cannot read IP mode file for STMicroelectronics.FP-SNS-STBOX1.2.0.0
2024-09-30 13:50:41,464 [WARN] PackLoader:240 - Cannot read IP mode file for STMicroelectronics.X-CUBE-SUBG2.5.0.0
2024-09-30 13:50:41,471 [WARN] PackLoader:240 - Cannot read IP mode file for Cesanta.I-CUBE-Mongoose.7.13.0
2024-09-30 13:50:41,481 [WARN] PackLoader:240 - Cannot read IP mode file for STMicroelectronics.X-CUBE-AZRTOS-G4.2.0.0
2024-09-30 13:50:41,485 [WARN] PackLoader:240 - Cannot read IP mode file for STMicroelectronics.X-CUBE-ALS.1.0.2
2024-09-30 13:50:41,488 [WARN] PackLoader:240 - Cannot read IP mode file for STMicroelectronics.X-CUBE-TOUCHGFX.4.24.1
2024-09-30 13:50:41,491 [WARN] PackLoader:240 - Cannot read IP mode file for wolfSSL.I-CUBE-wolfTPM.3.4.0
2024-09-30 13:50:41,496 [WARN] PackLoader:240 - Cannot read IP mode file for portGmbH.I-Cube-SoM-uGOAL.1.1.0
2024-09-30 13:50:41,511 [WARN] PackLoader:240 - Cannot read IP mode file for STMicroelectronics.X-CUBE-AZRTOS-H7RS.1.0.0
2024-09-30 13:50:41,516 [WARN] PackLoader:240 - Cannot read IP mode file for STMicroelectronics.FP-ATR-ASTRA1.2.0.0
2024-09-30 13:50:41,526 [WARN] PackLoader:240 - Cannot read IP mode file for STMicroelectronics.X-CUBE-TOF1.3.4.2
2024-09-30 13:50:41,553 [WARN] PackLoader:240 - Cannot read IP mode file for Infineon.AIROC-Wi-Fi-Bluetooth-STM32.1.6.1
2024-09-30 13:50:41,559 [WARN] PackLoader:240 - Cannot read IP mode file for wolfSSL.I-CUBE-wolfSSH.1.4.17
2024-09-30 13:50:41,559 [INFO] ThirdParty:978 - Integrity check success = true
2024-09-30 13:50:41,560 [INFO] IntegrityCheckThread:100 - exiting critical section [integrity check]
2024-09-30 13:50:41,560 [INFO] IntegrityCheckThread:103 - End integrity checks thread
2024-09-30 13:50:43,530 [INFO] WebApp:186 - Connection restablished
2024-09-30 16:43:54,934 [ERROR] LogOutputStream:75 - [STDERR_REDIRECT] 
