2024-10-02 09:10:51,067 [INFO] Activator:176 - 


2024-10-02 09:10:51,073 [INFO] Activator:177 - !SESSION log4j initialized
2024-10-02 09:10:54,896 [INFO] LogOutputStream:77 - [STDOUT_REDIRECT] 
2024-10-02 09:10:56,507 [INFO] ApplicationProperties:184 - Using Application install path: /home/ante/st/stm32cubeide_1.16.1/plugins/com.st.stm32cube.common.mx_6.12.1.202409122256
2024-10-02 09:10:56,533 [INFO] DbMcusXml:78 - Set database path to: /home/ante/st/stm32cubeide_1.16.1/plugins/com.st.stm32cube.common.mx_6.12.1.202409122256//db//mcu/
2024-10-02 09:10:56,534 [INFO] ApiDb:274 - Set plugin database path to: /home/ante/st/stm32cubeide_1.16.1/plugins/com.st.stm32cube.common.mx_6.12.1.202409122256//db//plugins/boardmanager/
2024-10-02 09:10:56,535 [WARN] ApiDb:259 - Overriding images path with different value:  => /home/ante/st/stm32cubeide_1.16.1/plugins/com.st.stm32cube.common.mx_6.12.1.202409122256//db//plugins/mcufinder/images/
2024-10-02 09:10:56,545 [INFO] ApiDb:250 - Set database path to: /home/ante/.stmcufinder/plugins/mcufinder//mcu/
2024-10-02 09:10:56,547 [INFO] DbMcusAds:125 - Set database path to: /home/ante/.stmcufinder/plugins/mcufinder//mcu/
2024-10-02 09:10:56,551 [INFO] CrossReferenceDbSqlite:203 - Set database path to: /home/ante/.stmcufinder/plugins/mcufinder//mcu/cs/
2024-10-02 09:10:56,752 [INFO] RulesReader:64 - Compatibility file has been processed (297 Rules)
2024-10-02 09:10:56,869 [INFO] DbMcusXml:78 - Set database path to: /home/ante/st/stm32cubeide_1.16.1/plugins/com.st.stm32cube.common.mx_6.12.1.202409122256//db//mcu/
2024-10-02 09:10:56,869 [INFO] ApiDb:274 - Set plugin database path to: /home/ante/st/stm32cubeide_1.16.1/plugins/com.st.stm32cube.common.mx_6.12.1.202409122256//db//plugins/boardmanager/
2024-10-02 09:10:56,869 [INFO] ApiDb:261 - Set plugin images path to: /home/ante/st/stm32cubeide_1.16.1/plugins/com.st.stm32cube.common.mx_6.12.1.202409122256//db//plugins/mcufinder/images/
2024-10-02 09:10:56,870 [WARN] DbFile:41 - Overriding database path with different value: /home/ante/.stmcufinder/plugins/mcufinder/ => /home/ante/.stmcufinder/plugins/mcufinder
2024-10-02 09:10:56,870 [INFO] ApiDb:250 - Set database path to: /home/ante/.stmcufinder/plugins/mcufinder//mcu/
2024-10-02 09:10:56,870 [WARN] DbFile:41 - Overriding database path with different value: /home/ante/.stmcufinder/plugins/mcufinder/ => /home/ante/.stmcufinder/plugins/mcufinder
2024-10-02 09:10:56,870 [INFO] DbMcusAds:125 - Set database path to: /home/ante/.stmcufinder/plugins/mcufinder//mcu/
2024-10-02 09:10:56,870 [WARN] DbFile:41 - Overriding database path with different value: /home/ante/.stmcufinder/plugins/mcufinder/ => /home/ante/.stmcufinder/plugins/mcufinder
2024-10-02 09:10:56,870 [WARN] DbFile:41 - Overriding database path with different value: /home/ante/.stmcufinder/plugins/mcufinder/ => /home/ante/.stmcufinder/plugins/mcufinder
2024-10-02 09:10:56,870 [INFO] CrossReferenceDbSqlite:203 - Set database path to: /home/ante/.stmcufinder/plugins/mcufinder//mcu/cs/
2024-10-02 09:10:56,967 [INFO] MainPanel:268 - HeapMemory: 268435456
2024-10-02 09:10:57,110 [INFO] DbMcusXml:78 - Set database path to: /home/ante/st/stm32cubeide_1.16.1/plugins/com.st.stm32cube.common.mx_6.12.1.202409122256//db//mcu/
2024-10-02 09:10:57,110 [INFO] ApiDb:274 - Set plugin database path to: /home/ante/st/stm32cubeide_1.16.1/plugins/com.st.stm32cube.common.mx_6.12.1.202409122256//db//plugins/boardmanager/
2024-10-02 09:10:57,110 [INFO] ApiDb:261 - Set plugin images path to: /home/ante/st/stm32cubeide_1.16.1/plugins/com.st.stm32cube.common.mx_6.12.1.202409122256//db//plugins/mcufinder/images/
2024-10-02 09:10:57,110 [WARN] DbFile:41 - Overriding database path with different value: /home/ante/.stmcufinder/plugins/mcufinder/ => /home/ante/.stmcufinder/plugins/mcufinder
2024-10-02 09:10:57,111 [INFO] ApiDb:250 - Set database path to: /home/ante/.stmcufinder/plugins/mcufinder//mcu/
2024-10-02 09:10:57,111 [WARN] DbFile:41 - Overriding database path with different value: /home/ante/.stmcufinder/plugins/mcufinder/ => /home/ante/.stmcufinder/plugins/mcufinder
2024-10-02 09:10:57,111 [INFO] DbMcusAds:125 - Set database path to: /home/ante/.stmcufinder/plugins/mcufinder//mcu/
2024-10-02 09:10:57,111 [WARN] DbFile:41 - Overriding database path with different value: /home/ante/.stmcufinder/plugins/mcufinder/ => /home/ante/.stmcufinder/plugins/mcufinder
2024-10-02 09:10:57,111 [WARN] DbFile:41 - Overriding database path with different value: /home/ante/.stmcufinder/plugins/mcufinder/ => /home/ante/.stmcufinder/plugins/mcufinder
2024-10-02 09:10:57,111 [INFO] CrossReferenceDbSqlite:203 - Set database path to: /home/ante/.stmcufinder/plugins/mcufinder//mcu/cs/
2024-10-02 09:10:57,129 [INFO] ApplicationProperties:184 - Using Application install path: /home/ante/st/stm32cubeide_1.16.1/plugins/com.st.stm32cube.common.mx_6.12.1.202409122256
2024-10-02 09:10:57,131 [INFO] PluginManage:196 - Search for loadable plugins [exclusion list=, ]
2024-10-02 09:10:57,133 [INFO] PluginManage:310 - Check plugin analytics
2024-10-02 09:10:57,341 [INFO] AnalyticsPlugin:253 - Accepted Software Licenses: 
2024-10-02 09:10:57,341 [INFO] AnalyticsPlugin:255 - Accepted CMSIS Pack Licenses: 
2024-10-02 09:10:57,341 [INFO] AnalyticsPlugin:257 - Accepted Firmware Licenses: FW.WL.1.3.0
2024-10-02 09:10:57,345 [INFO] PluginManage:359 - Loaded plugin analytics (category:tool,tabindex:-1)
2024-10-02 09:10:57,345 [INFO] PluginManage:310 - Check plugin cadmodel
2024-10-02 09:10:57,351 [INFO] CADModel:105 - Init CAD model plugin
2024-10-02 09:10:57,351 [INFO] PluginManage:359 - Loaded plugin cadmodel (category:power,tabindex:5)
2024-10-02 09:10:57,352 [INFO] PluginManage:310 - Check plugin clock
2024-10-02 09:10:57,371 [INFO] PluginManage:359 - Loaded plugin clock (category:base,tabindex:2)
2024-10-02 09:10:57,371 [INFO] PluginManage:310 - Check plugin ddr
2024-10-02 09:10:57,378 [INFO] PluginManage:359 - Loaded plugin ddr (category:tool,tabindex:6)
2024-10-02 09:10:57,378 [INFO] PluginManage:310 - Check plugin filemanager
2024-10-02 09:10:57,583 [INFO] PluginManage:359 - Loaded plugin filemanager (category:base,tabindex:10)
2024-10-02 09:10:57,584 [INFO] PluginManage:310 - Check plugin ipmanager
2024-10-02 09:10:57,591 [INFO] PluginManage:359 - Loaded plugin ipmanager (category:base,tabindex:5)
2024-10-02 09:10:57,591 [INFO] PluginManage:310 - Check plugin lpbam
2024-10-02 09:10:57,605 [INFO] PluginManage:359 - Loaded plugin lpbam (category:base,tabindex:0)
2024-10-02 09:10:57,605 [INFO] PluginManage:310 - Check plugin memorymap
2024-10-02 09:10:57,622 [INFO] PluginManage:359 - Loaded plugin memorymap (category:base,tabindex:4)
2024-10-02 09:10:57,623 [INFO] PluginManage:310 - Check plugin pinoutandconfiguration
2024-10-02 09:10:57,633 [INFO] PluginManage:359 - Loaded plugin pinoutandconfiguration (category:base,tabindex:1)
2024-10-02 09:10:57,634 [INFO] PluginManage:310 - Check plugin pinoutconfig
2024-10-02 09:10:57,755 [WARN] SupportedApi:132 - Cannot load RTOS API schema: s4s-elt-must-match.1: The content of 'definitions' must match (annotation?, (simpleType | complexType)?, (unique | key | keyref)*)). A problem was found starting at: attribute.
2024-10-02 09:10:57,952 [INFO] PluginManage:359 - Loaded plugin pinoutconfig (category:base,tabindex:0)
2024-10-02 09:10:57,953 [INFO] PluginManage:310 - Check plugin power
2024-10-02 09:10:57,964 [INFO] PluginManage:359 - Loaded plugin power (category:power,tabindex:4)
2024-10-02 09:10:57,965 [INFO] PluginManage:310 - Check plugin projectmanager
2024-10-02 09:10:57,988 [INFO] PluginManage:359 - Loaded plugin projectmanager (category:projectmanager,tabindex:4)
2024-10-02 09:10:57,988 [INFO] PluginManage:310 - Check plugin rif
2024-10-02 09:10:57,995 [INFO] PluginManage:359 - Loaded plugin rif (category:base,tabindex:3)
2024-10-02 09:10:57,995 [INFO] PluginManage:310 - Check plugin thirdparty
2024-10-02 09:10:58,129 [INFO] PluginManage:359 - Loaded plugin thirdparty (category:base,tabindex:-1)
2024-10-02 09:10:58,129 [WARN] IntegrityCheckThread:84 - waiting for thirdparty lock release [integrity check]
2024-10-02 09:10:58,129 [INFO] IntegrityCheckThread:86 - entering critical section [integrity check]
2024-10-02 09:10:58,129 [INFO] PluginManage:310 - Check plugin tools
2024-10-02 09:10:58,130 [INFO] ThirdPartyUpdaterWithRetryManager:70 - Updater plugin not ready yet. [1/15]
2024-10-02 09:10:58,132 [INFO] PluginManage:359 - Loaded plugin tools (category:base,tabindex:7)
2024-10-02 09:10:58,132 [INFO] PluginManage:310 - Check plugin tutovideos
2024-10-02 09:10:58,371 [INFO] PluginManage:359 - Loaded plugin tutovideos (category:base,tabindex:-1)
2024-10-02 09:10:58,371 [INFO] PluginManage:310 - Check plugin updater
2024-10-02 09:10:58,393 [INFO] PluginManage:359 - Loaded plugin updater (category:base,tabindex:12)
2024-10-02 09:10:58,393 [INFO] PluginManage:310 - Check plugin userauth
2024-10-02 09:10:58,400 [INFO] UserAuth:113 - Init User Auth plugin
2024-10-02 09:10:58,400 [INFO] PluginManage:359 - Loaded plugin userauth (category:base,tabindex:14)
2024-10-02 09:10:58,401 [INFO] PluginManage:283 - PluginManage : Loaded plugins [18]
2024-10-02 09:10:58,647 [INFO] PinOutPanel:1561 - setPackage(No Configuration,No Configuration)
2024-10-02 09:10:58,762 [INFO] CADModel:165 - CPN selected for project level
2024-10-02 09:10:58,762 [INFO] CADModel:114 - Register for checkConnection events
2024-10-02 09:10:58,776 [INFO] IPUIPlugin:80 - create IPUIPlugin
2024-10-02 09:10:58,776 [INFO] PluginManager:220 - loadIPPluginJar : add genericplugin
2024-10-02 09:10:58,778 [INFO] IPUIPlugin:80 - create IPUIPlugin
2024-10-02 09:10:58,778 [INFO] PluginManager:220 - loadIPPluginJar : add ltdc
2024-10-02 09:10:58,800 [INFO] IPUIPlugin:80 - create IPUIPlugin
2024-10-02 09:10:58,800 [INFO] PluginManager:220 - loadIPPluginJar : add i2c
2024-10-02 09:10:58,804 [INFO] IPUIPlugin:80 - create IPUIPlugin
2024-10-02 09:10:58,804 [INFO] PluginManager:220 - loadIPPluginJar : add ucpd
2024-10-02 09:10:58,811 [INFO] IPUIPlugin:80 - create IPUIPlugin
2024-10-02 09:10:58,811 [INFO] PluginManager:220 - loadIPPluginJar : add sai
2024-10-02 09:10:58,817 [INFO] IPUIPlugin:80 - create IPUIPlugin
2024-10-02 09:10:58,817 [INFO] PluginManager:220 - loadIPPluginJar : add pdm2pcm
2024-10-02 09:10:58,820 [INFO] IPUIPlugin:80 - create IPUIPlugin
2024-10-02 09:10:58,821 [INFO] PluginManager:220 - loadIPPluginJar : add radio
2024-10-02 09:10:58,831 [INFO] IPUIPlugin:80 - create IPUIPlugin
2024-10-02 09:10:58,835 [INFO] PluginManager:220 - loadIPPluginJar : add plateformsettings
2024-10-02 09:10:58,868 [INFO] IPUIPlugin:80 - create IPUIPlugin
2024-10-02 09:10:58,868 [INFO] PluginManager:220 - loadIPPluginJar : add adc
2024-10-02 09:10:58,874 [INFO] IPUIPlugin:80 - create IPUIPlugin
2024-10-02 09:10:58,874 [INFO] PluginManager:220 - loadIPPluginJar : add mdma
2024-10-02 09:10:58,878 [INFO] IPUIPlugin:80 - create IPUIPlugin
2024-10-02 09:10:58,878 [INFO] PluginManager:220 - loadIPPluginJar : add nvic
2024-10-02 09:10:58,880 [INFO] IPUIPlugin:80 - create IPUIPlugin
2024-10-02 09:10:58,880 [INFO] PluginManager:220 - loadIPPluginJar : add comp
2024-10-02 09:10:58,882 [INFO] IPUIPlugin:80 - create IPUIPlugin
2024-10-02 09:10:58,882 [INFO] PluginManager:220 - loadIPPluginJar : add spi
2024-10-02 09:10:58,885 [INFO] IPUIPlugin:80 - create IPUIPlugin
2024-10-02 09:10:58,885 [INFO] PluginManager:220 - loadIPPluginJar : add hash
2024-10-02 09:10:58,888 [INFO] IPUIPlugin:80 - create IPUIPlugin
2024-10-02 09:10:58,888 [INFO] PluginManager:220 - loadIPPluginJar : add resmgrutility
2024-10-02 09:10:58,890 [INFO] IPUIPlugin:80 - create IPUIPlugin
2024-10-02 09:10:58,890 [INFO] PluginManager:220 - loadIPPluginJar : add gfxmmu
2024-10-02 09:10:58,893 [INFO] IPUIPlugin:80 - create IPUIPlugin
2024-10-02 09:10:58,893 [INFO] PluginManager:220 - loadIPPluginJar : add gtzc
2024-10-02 09:10:58,897 [INFO] IPUIPlugin:80 - create IPUIPlugin
2024-10-02 09:10:58,897 [INFO] PluginManager:220 - loadIPPluginJar : add gpio
2024-10-02 09:10:58,900 [INFO] IPUIPlugin:80 - create IPUIPlugin
2024-10-02 09:10:58,900 [INFO] PluginManager:220 - loadIPPluginJar : add lorawan
2024-10-02 09:10:58,902 [INFO] IPUIPlugin:80 - create IPUIPlugin
2024-10-02 09:10:58,902 [INFO] PluginManager:220 - loadIPPluginJar : add quadspi
2024-10-02 09:10:58,904 [INFO] IPUIPlugin:80 - create IPUIPlugin
2024-10-02 09:10:58,905 [INFO] PluginManager:220 - loadIPPluginJar : add can
2024-10-02 09:10:58,907 [INFO] IPUIPlugin:80 - create IPUIPlugin
2024-10-02 09:10:58,907 [INFO] PluginManager:220 - loadIPPluginJar : add aes
2024-10-02 09:10:58,909 [INFO] IPUIPlugin:80 - create IPUIPlugin
2024-10-02 09:10:58,909 [INFO] PluginManager:220 - loadIPPluginJar : add i3c
2024-10-02 09:10:58,914 [INFO] IPUIPlugin:80 - create IPUIPlugin
2024-10-02 09:10:58,914 [INFO] PluginManager:220 - loadIPPluginJar : add touchsensing
2024-10-02 09:10:58,918 [INFO] IPUIPlugin:80 - create IPUIPlugin
2024-10-02 09:10:58,918 [INFO] PluginManager:220 - loadIPPluginJar : add ddr_ctrl_phy
2024-10-02 09:10:58,920 [INFO] IPUIPlugin:80 - create IPUIPlugin
2024-10-02 09:10:58,920 [INFO] PluginManager:220 - loadIPPluginJar : add ts
2024-10-02 09:10:58,926 [INFO] IPUIPlugin:80 - create IPUIPlugin
2024-10-02 09:10:58,926 [INFO] PluginManager:220 - loadIPPluginJar : add freertos
2024-10-02 09:10:58,929 [INFO] IPUIPlugin:80 - create IPUIPlugin
2024-10-02 09:10:58,930 [INFO] PluginManager:220 - loadIPPluginJar : add ipddr
2024-10-02 09:10:58,933 [INFO] IPUIPlugin:80 - create IPUIPlugin
2024-10-02 09:10:58,934 [INFO] PluginManager:220 - loadIPPluginJar : add dfsdm
2024-10-02 09:10:58,936 [INFO] IPUIPlugin:80 - create IPUIPlugin
2024-10-02 09:10:58,936 [INFO] PluginManager:220 - loadIPPluginJar : add extmemmanager
2024-10-02 09:10:58,939 [INFO] IPUIPlugin:80 - create IPUIPlugin
2024-10-02 09:10:58,939 [INFO] PluginManager:220 - loadIPPluginJar : add cryp
2024-10-02 09:10:58,944 [INFO] IPUIPlugin:80 - create IPUIPlugin
2024-10-02 09:10:58,945 [INFO] PluginManager:220 - loadIPPluginJar : add gic
2024-10-02 09:10:58,948 [INFO] IPUIPlugin:80 - create IPUIPlugin
2024-10-02 09:10:58,948 [INFO] PluginManager:220 - loadIPPluginJar : add usbx
2024-10-02 09:10:58,953 [INFO] IPUIPlugin:80 - create IPUIPlugin
2024-10-02 09:10:58,953 [INFO] PluginManager:220 - loadIPPluginJar : add openamp
2024-10-02 09:10:58,955 [INFO] IPUIPlugin:80 - create IPUIPlugin
2024-10-02 09:10:58,955 [INFO] PluginManager:220 - loadIPPluginJar : add tracer_emb
2024-10-02 09:10:58,958 [INFO] IPUIPlugin:80 - create IPUIPlugin
2024-10-02 09:10:58,958 [INFO] PluginManager:220 - loadIPPluginJar : add usart
2024-10-02 09:10:58,960 [INFO] IPUIPlugin:80 - create IPUIPlugin
2024-10-02 09:10:58,960 [INFO] PluginManager:220 - loadIPPluginJar : add fatfs
2024-10-02 09:10:58,962 [INFO] IPUIPlugin:80 - create IPUIPlugin
2024-10-02 09:10:58,963 [INFO] PluginManager:220 - loadIPPluginJar : add opamp
2024-10-02 09:10:58,969 [INFO] IPUIPlugin:80 - create IPUIPlugin
2024-10-02 09:10:58,969 [INFO] PluginManager:220 - loadIPPluginJar : add stm32_wpan
2024-10-02 09:10:58,974 [INFO] IPUIPlugin:80 - create IPUIPlugin
2024-10-02 09:10:58,974 [INFO] PluginManager:220 - loadIPPluginJar : add fmc
2024-10-02 09:10:58,983 [INFO] IPUIPlugin:80 - create IPUIPlugin
2024-10-02 09:10:58,983 [INFO] PluginManager:220 - loadIPPluginJar : add linkedlist
2024-10-02 09:10:58,985 [INFO] IPUIPlugin:80 - create IPUIPlugin
2024-10-02 09:10:58,985 [INFO] PluginManager:220 - loadIPPluginJar : add tim
2024-10-02 09:10:58,987 [INFO] IPUIPlugin:80 - create IPUIPlugin
2024-10-02 09:10:58,987 [INFO] PluginManager:220 - loadIPPluginJar : add tsc
2024-10-02 09:10:58,992 [INFO] IPUIPlugin:80 - create IPUIPlugin
2024-10-02 09:10:58,993 [INFO] PluginManager:220 - loadIPPluginJar : add dma
2024-10-02 09:10:58,995 [INFO] IPUIPlugin:80 - create IPUIPlugin
2024-10-02 09:10:58,996 [INFO] PluginManager:220 - loadIPPluginJar : add i2s
2024-10-02 09:10:58,999 [INFO] IPUIPlugin:80 - create IPUIPlugin
2024-10-02 09:10:58,999 [INFO] PluginManager:220 - loadIPPluginJar : add dma3
2024-10-02 09:10:59,103 [INFO] CADModel:165 - CPN selected for project level
2024-10-02 09:10:59,103 [INFO] CADModel:114 - Register for checkConnection events
2024-10-02 09:10:59,104 [FATAL] Updater:334 - Updater called before beeing initialized
2024-10-02 09:10:59,104 [ERROR] CADModel:125 - Updater not yet initialized, retry later 
2024-10-02 09:10:59,238 [INFO] CADModel:165 - CPN selected for project level
2024-10-02 09:10:59,238 [INFO] CADModel:114 - Register for checkConnection events
2024-10-02 09:10:59,238 [FATAL] Updater:334 - Updater called before beeing initialized
2024-10-02 09:10:59,238 [ERROR] CADModel:125 - Updater not yet initialized, retry later 
2024-10-02 09:10:59,242 [FATAL] Updater:334 - Updater called before beeing initialized
2024-10-02 09:10:59,335 [FATAL] Updater:334 - Updater called before beeing initialized
2024-10-02 09:10:59,339 [INFO] DbMcusAds:53 - JSON generation date=Fri Sep 20 15:04:23 CEST 2024 (1726837463098)
2024-10-02 09:10:59,339 [FATAL] Updater:334 - Updater called before beeing initialized
2024-10-02 09:10:59,376 [WARN] DetailPanel:346 - Failed to get advertising image, set to default
2024-10-02 09:10:59,451 [FATAL] Updater:334 - Updater called before beeing initialized
2024-10-02 09:10:59,452 [FATAL] Updater:334 - Updater called before beeing initialized
2024-10-02 09:10:59,452 [FATAL] Updater:334 - Updater called before beeing initialized
2024-10-02 09:10:59,453 [WARN] DetailPanel:346 - Failed to get advertising image, set to default
2024-10-02 09:10:59,454 [FATAL] Updater:334 - Updater called before beeing initialized
2024-10-02 09:10:59,484 [ERROR] Updater:1164 - MainUpdater not yet initialized. External WinMGr cannot be set.
2024-10-02 09:10:59,485 [INFO] Updater:1100 - Updater Version found : 6.12.1
2024-10-02 09:10:59,503 [INFO] ApplicationProperties:184 - Using Application install path: /home/ante/st/stm32cubeide_1.16.1/plugins/com.st.stm32cube.common.mx_6.12.1.202409122256
2024-10-02 09:10:59,796 [INFO] MainUpdater:2873 - connection check result : 10
2024-10-02 09:10:59,798 [INFO] MainUpdater:290 - Updater Check For Update Now.
2024-10-02 09:10:59,798 [INFO] MicroXplorer:498 - Change Database Version : DB.6.0.121
2024-10-02 09:10:59,805 [INFO] McuFinderGlobals:63 - Set McuFinder mode to 2 (CubeIDE integrated)
2024-10-02 09:10:59,805 [INFO] UserAuth:179 - activating auth plugin
2024-10-02 09:10:59,810 [INFO] UserAuth:417 - Internet connection configuration mode: 1
2024-10-02 09:10:59,833 [INFO] JxBrowserEngine:152 - Initiate JxBrowser Engine with user profile folder
2024-10-02 09:11:00,017 [INFO] CheckServerUpdateThread:120 - End of CheckServer Thread
2024-10-02 09:11:00,610 [INFO] WebApp:167 - Instantiating new browser for Auth
2024-10-02 09:11:01,242 [INFO] WebApp:448 - Apply proxy settings
2024-10-02 09:11:01,243 [INFO] WebApp:533 - Chromium requires no authentication
2024-10-02 09:11:01,252 [INFO] WebApp:476 - Direct internet connection detected
2024-10-02 09:11:01,272 [WARN] PackLoader:240 - Cannot read IP mode file for STMicroelectronics.FP-SNS-MOTENVWB1.1.4.0
2024-10-02 09:11:01,277 [INFO] WebApp:869 - Register for checkConnection events
2024-10-02 09:11:01,277 [INFO] WebApp:448 - Apply proxy settings
2024-10-02 09:11:01,277 [INFO] WebApp:533 - Chromium requires no authentication
2024-10-02 09:11:01,278 [INFO] WebApp:476 - Direct internet connection detected
2024-10-02 09:11:01,283 [WARN] PackLoader:240 - Cannot read IP mode file for STMicroelectronics.X-CUBE-SMBUS.2.1.0
2024-10-02 09:11:01,325 [WARN] PackLoader:240 - Cannot read IP mode file for STMicroelectronics.X-CUBE-AZRTOS-F7.1.1.0
2024-10-02 09:11:01,422 [WARN] PackLoader:240 - Cannot read IP mode file for STMicroelectronics.X-CUBE-MEMS1.11.0.0
2024-10-02 09:11:01,479 [INFO] WebApp:220 - Starting web application
2024-10-02 09:11:01,479 [INFO] WebApp:578 - Web application path used /home/ante/st/stm32cubeide_1.16.1/plugins/com.st.stm32cube.common.mx_6.12.1.202409122256/db/plugins/mcufinder/reactClient1/index.html
2024-10-02 09:11:01,543 [INFO] WebApp:186 - Connection restablished
2024-10-02 09:11:01,703 [WARN] PackLoader:240 - Cannot read IP mode file for STMicroelectronics.FP-SNS-FLIGHT1.5.0.2
2024-10-02 09:11:01,713 [WARN] PackLoader:240 - Cannot read IP mode file for STMicroelectronics.X-CUBE-DISPLAY.3.0.0
2024-10-02 09:11:01,728 [WARN] PackLoader:240 - Cannot read IP mode file for STMicroelectronics.X-CUBE-BLE1.7.0.0
2024-10-02 09:11:01,738 [WARN] PackLoader:240 - Cannot read IP mode file for STMicroelectronics.X-CUBE-NFC10.1.0.0
2024-10-02 09:11:01,745 [WARN] PackLoader:240 - Cannot read IP mode file for emotas.I-CUBE-CANOPEN.1.3.0
2024-10-02 09:11:01,758 [WARN] PackLoader:240 - Cannot read IP mode file for STMicroelectronics.X-CUBE-BLEMGR.3.1.0
2024-10-02 09:11:01,767 [WARN] PackLoader:240 - Cannot read IP mode file for STMicroelectronics.FP-SNS-SMARTAG2.1.2.0
2024-10-02 09:11:01,776 [INFO] LogOutputStream:77 - [STDOUT_REDIRECT] 1 : Invalid condition id : UX_CORESTACK_Condition cause : null
2024-10-02 09:11:01,776 [INFO] LogOutputStream:77 - [STDOUT_REDIRECT] 1 : Invalid condition id : UX_CORESTACK_Condition cause : null
2024-10-02 09:11:01,777 [INFO] LogOutputStream:77 - [STDOUT_REDIRECT] 1 : Invalid condition id : UX_CORESTACK_Condition cause : null
2024-10-02 09:11:01,777 [INFO] LogOutputStream:77 - [STDOUT_REDIRECT] 1 : Invalid condition id : UX_CORESTACK_Condition cause : null
2024-10-02 09:11:01,777 [INFO] LogOutputStream:77 - [STDOUT_REDIRECT] 1 : Invalid condition id : UX_CORESTACK_Condition cause : null
2024-10-02 09:11:01,783 [WARN] PackLoader:240 - Cannot read IP mode file for STMicroelectronics.X-CUBE-AZRTOS-WL.2.0.0
2024-10-02 09:11:01,789 [WARN] PackLoader:240 - Cannot read IP mode file for STMicroelectronics.FP-SNS-MOTENV1.5.0.0
2024-10-02 09:11:01,795 [WARN] PackLoader:240 - Cannot read IP mode file for wolfSSL.I-CUBE-wolfMQTT.1.19.0
2024-10-02 09:11:01,805 [WARN] PackLoader:240 - Cannot read IP mode file for WES.I-CUBE-Cesium.1.3.0
2024-10-02 09:11:01,810 [WARN] PackLoader:240 - Cannot read IP mode file for STMicroelectronics.X-CUBE-BLE2.3.3.0
2024-10-02 09:11:01,820 [WARN] PackLoader:240 - Cannot read IP mode file for STMicroelectronics.X-CUBE-NFC9.1.0.0
2024-10-02 09:11:01,830 [WARN] PackLoader:240 - Cannot read IP mode file for STMicroelectronics.X-CUBE-TCPP.4.1.0
2024-10-02 09:11:01,853 [WARN] PackLoader:240 - Cannot read IP mode file for STMicroelectronics.X-CUBE-AZRTOS-G0.1.1.0
2024-10-02 09:11:01,865 [WARN] PackLoader:240 - Cannot read IP mode file for STMicroelectronics.X-CUBE-SAFEA1.1.2.2
2024-10-02 09:11:01,873 [WARN] PackLoader:240 - Cannot read IP mode file for STMicroelectronics.X-CUBE-NFC4.3.0.0
2024-10-02 09:11:01,887 [WARN] PackLoader:240 - Cannot read IP mode file for EmbeddedOffice.I-CUBE-FS-RTOS.1.0.1
2024-10-02 09:11:01,887 [ERROR] ConditionMgr:805 - Attr not supported : Dmpu
2024-10-02 09:11:01,887 [ERROR] ConditionMgr:805 - Attr not supported : Dmpu
2024-10-02 09:11:01,888 [ERROR] ConditionMgr:805 - Attr not supported : Dmpu
2024-10-02 09:11:01,888 [ERROR] ConditionMgr:805 - Attr not supported : Dmpu
2024-10-02 09:11:01,888 [ERROR] ConditionMgr:805 - Attr not supported : Dmpu
2024-10-02 09:11:01,888 [ERROR] ConditionMgr:805 - Attr not supported : Dmpu
2024-10-02 09:11:01,888 [ERROR] ConditionMgr:805 - Attr not supported : Dmpu
2024-10-02 09:11:01,888 [ERROR] ConditionMgr:805 - Attr not supported : Dmpu
2024-10-02 09:11:01,888 [ERROR] ConditionMgr:805 - Attr not supported : Dmpu
2024-10-02 09:11:01,888 [ERROR] ConditionMgr:805 - Attr not supported : Dmpu
2024-10-02 09:11:01,888 [ERROR] ConditionMgr:805 - Attr not supported : Dmpu
2024-10-02 09:11:01,888 [ERROR] ConditionMgr:805 - Attr not supported : Dmpu
2024-10-02 09:11:01,889 [ERROR] ConditionMgr:805 - Attr not supported : Dmpu
2024-10-02 09:11:01,889 [ERROR] ConditionMgr:805 - Attr not supported : Dmpu
2024-10-02 09:11:01,889 [ERROR] ConditionMgr:805 - Attr not supported : Dmpu
2024-10-02 09:11:01,889 [ERROR] ConditionMgr:805 - Attr not supported : Dmpu
2024-10-02 09:11:01,889 [ERROR] ConditionMgr:805 - Attr not supported : Dmpu
2024-10-02 09:11:01,889 [ERROR] ConditionMgr:805 - Attr not supported : Dmpu
2024-10-02 09:11:01,889 [ERROR] ConditionMgr:805 - Attr not supported : Dmpu
2024-10-02 09:11:01,889 [ERROR] ConditionMgr:805 - Attr not supported : Dmpu
2024-10-02 09:11:01,890 [ERROR] ConditionMgr:805 - Attr not supported : Dmpu
2024-10-02 09:11:01,890 [ERROR] ConditionMgr:805 - Attr not supported : Dmpu
2024-10-02 09:11:01,890 [ERROR] ConditionMgr:805 - Attr not supported : Dmpu
2024-10-02 09:11:01,890 [ERROR] ConditionMgr:805 - Attr not supported : Dmpu
2024-10-02 09:11:01,890 [ERROR] ConditionMgr:805 - Attr not supported : Dmpu
2024-10-02 09:11:01,890 [ERROR] ConditionMgr:805 - Attr not supported : Dmpu
2024-10-02 09:11:01,890 [ERROR] ConditionMgr:805 - Attr not supported : Dmpu
2024-10-02 09:11:01,890 [ERROR] ConditionMgr:805 - Attr not supported : Dmpu
2024-10-02 09:11:01,890 [ERROR] ConditionMgr:805 - Attr not supported : Dmpu
2024-10-02 09:11:01,891 [ERROR] ConditionMgr:805 - Attr not supported : Dmpu
2024-10-02 09:11:01,891 [ERROR] ConditionMgr:805 - Attr not supported : Dmpu
2024-10-02 09:11:01,891 [ERROR] ConditionMgr:805 - Attr not supported : Dmpu
2024-10-02 09:11:01,891 [ERROR] ConditionMgr:805 - Attr not supported : Dmpu
2024-10-02 09:11:01,891 [ERROR] ConditionMgr:805 - Attr not supported : Dmpu
2024-10-02 09:11:01,892 [ERROR] ConditionMgr:805 - Attr not supported : Dmpu
2024-10-02 09:11:01,892 [ERROR] ConditionMgr:805 - Attr not supported : Dmpu
2024-10-02 09:11:01,892 [ERROR] ConditionMgr:805 - Attr not supported : Dmpu
2024-10-02 09:11:01,892 [ERROR] ConditionMgr:805 - Attr not supported : Dmpu
2024-10-02 09:11:01,892 [ERROR] ConditionMgr:805 - Attr not supported : Dmpu
2024-10-02 09:11:01,892 [ERROR] ConditionMgr:805 - Attr not supported : Dmpu
2024-10-02 09:11:01,892 [ERROR] ConditionMgr:805 - Attr not supported : Dmpu
2024-10-02 09:11:01,893 [ERROR] ConditionMgr:805 - Attr not supported : Dmpu
2024-10-02 09:11:01,893 [ERROR] ConditionMgr:805 - Attr not supported : Dmpu
2024-10-02 09:11:01,893 [ERROR] ConditionMgr:805 - Attr not supported : Dmpu
2024-10-02 09:11:01,893 [ERROR] ConditionMgr:805 - Attr not supported : Dmpu
2024-10-02 09:11:01,893 [ERROR] ConditionMgr:805 - Attr not supported : Dmpu
2024-10-02 09:11:01,893 [ERROR] ConditionMgr:805 - Attr not supported : Dmpu
2024-10-02 09:11:01,893 [ERROR] ConditionMgr:805 - Attr not supported : Dmpu
2024-10-02 09:11:01,893 [ERROR] ConditionMgr:805 - Attr not supported : Dmpu
2024-10-02 09:11:01,894 [ERROR] ConditionMgr:805 - Attr not supported : Dmpu
2024-10-02 09:11:01,894 [ERROR] ConditionMgr:805 - Attr not supported : Dmpu
2024-10-02 09:11:01,894 [ERROR] ConditionMgr:805 - Attr not supported : Dmpu
2024-10-02 09:11:01,894 [ERROR] ConditionMgr:805 - Attr not supported : Dmpu
2024-10-02 09:11:01,894 [ERROR] ConditionMgr:805 - Attr not supported : Dmpu
2024-10-02 09:11:01,894 [ERROR] ConditionMgr:805 - Attr not supported : Dmpu
2024-10-02 09:11:01,894 [ERROR] ConditionMgr:805 - Attr not supported : Dmpu
2024-10-02 09:11:01,895 [ERROR] ConditionMgr:805 - Attr not supported : Dmpu
2024-10-02 09:11:01,895 [ERROR] ConditionMgr:805 - Attr not supported : Dmpu
2024-10-02 09:11:01,895 [ERROR] ConditionMgr:805 - Attr not supported : Dmpu
2024-10-02 09:11:01,895 [ERROR] ConditionMgr:805 - Attr not supported : Dmpu
2024-10-02 09:11:01,895 [ERROR] ConditionMgr:805 - Attr not supported : Dmpu
2024-10-02 09:11:01,895 [ERROR] ConditionMgr:805 - Attr not supported : Dmpu
2024-10-02 09:11:01,895 [ERROR] ConditionMgr:805 - Attr not supported : Dmpu
2024-10-02 09:11:01,895 [ERROR] ConditionMgr:805 - Attr not supported : Dmpu
2024-10-02 09:11:01,901 [WARN] PackLoader:240 - Cannot read IP mode file for RealThread.X-CUBE-RT-Thread_Nano.4.1.1
2024-10-02 09:11:01,907 [WARN] PackLoader:240 - Cannot read IP mode file for STMicroelectronics.FP-ATR-SIGFOX1.3.2.0
2024-10-02 09:11:01,911 [WARN] PackLoader:240 - Cannot read IP mode file for wolfSSL.I-CUBE-wolfSSL.5.7.2
2024-10-02 09:11:01,919 [WARN] PackLoader:240 - Cannot read IP mode file for STMicroelectronics.X-CUBE-EEPRMA1.5.1.0
2024-10-02 09:11:01,929 [WARN] PackLoader:240 - Cannot read IP mode file for ITTIA_DB.I-CUBE-ITTIADB.8.9.0
2024-10-02 09:11:01,974 [WARN] PackLoader:240 - Cannot read IP mode file for SEGGER.I-CUBE-embOS.1.3.1
2024-10-02 09:11:02,056 [WARN] PackLoader:240 - Cannot read IP mode file for STMicroelectronics.X-CUBE-ALGOBUILD.1.4.0
2024-10-02 09:11:02,083 [WARN] PackLoader:240 - Cannot read IP mode file for STMicroelectronics.X-CUBE-AZRTOS-F4.1.1.0
2024-10-02 09:11:02,093 [WARN] PackLoader:240 - Cannot read IP mode file for STMicroelectronics.X-CUBE-ISPU.2.1.0
2024-10-02 09:11:02,103 [WARN] PackLoader:240 - Cannot read IP mode file for STMicroelectronics.X-CUBE-FREERTOS.1.2.0
2024-10-02 09:11:02,133 [WARN] PackLoader:240 - Cannot read IP mode file for STMicroelectronics.X-CUBE-AZRTOS-L5.2.0.0
2024-10-02 09:11:02,146 [WARN] PackLoader:240 - Cannot read IP mode file for STMicroelectronics.X-CUBE-NFC6.3.1.0
2024-10-02 09:11:02,154 [WARN] PackLoader:240 - Cannot read IP mode file for STMicroelectronics.X-CUBE-DPower.1.2.0
2024-10-02 09:11:02,157 [WARN] PackLoader:240 - Cannot read IP mode file for STMicroelectronics.X-CUBE-AI.9.0.0
2024-10-02 09:11:02,162 [WARN] PackLoader:240 - Cannot read IP mode file for STMicroelectronics.X-CUBE-NFC7.1.0.1
2024-10-02 09:11:02,185 [WARN] ConditionMgr:438 - getConditionDescription Invalid condition id : LAN8742 Phy interface Condition cause : null
2024-10-02 09:11:02,186 [WARN] PackLoader:240 - Cannot read IP mode file for STMicroelectronics.X-CUBE-AZRTOS-L4.2.0.0
2024-10-02 09:11:02,187 [WARN] ConditionMgr:1039 - genDependencies : Invalid condition id : LAN8742 Phy interface Condition cause : null
2024-10-02 09:11:02,188 [WARN] ConditionMgr:1039 - genDependencies : Invalid condition id : LAN8742 Phy interface Condition cause : null
2024-10-02 09:11:02,189 [WARN] ConditionMgr:1039 - genDependencies : Invalid condition id : LAN8742 Phy interface Condition cause : null
2024-10-02 09:11:02,198 [WARN] PackLoader:240 - Cannot read IP mode file for STMicroelectronics.X-CUBE-SFXS2LP1.4.0.0
2024-10-02 09:11:02,232 [WARN] PackLoader:240 - Cannot read IP mode file for STMicroelectronics.X-CUBE-AZRTOS-H7.3.3.0
2024-10-02 09:11:02,259 [WARN] ConditionMgr:438 - getConditionDescription Invalid condition id : UX DEVICE CLASS RTOS Condition cause : null
2024-10-02 09:11:02,259 [WARN] ConditionMgr:438 - getConditionDescription Invalid condition id : UX DEVICE CLASS RTOS Condition cause : null
2024-10-02 09:11:02,263 [WARN] PackLoader:240 - Cannot read IP mode file for STMicroelectronics.X-CUBE-AZRTOS-WB.2.0.0
2024-10-02 09:11:02,265 [WARN] ConditionMgr:1039 - genDependencies : Invalid condition id : UX DEVICE CLASS RTOS Condition cause : null
2024-10-02 09:11:02,265 [WARN] ConditionMgr:1039 - genDependencies : Invalid condition id : UX DEVICE CLASS RTOS Condition cause : null
2024-10-02 09:11:02,266 [WARN] ConditionMgr:1039 - genDependencies : Invalid condition id : UX DEVICE CLASS RTOS Condition cause : null
2024-10-02 09:11:02,267 [WARN] ConditionMgr:1039 - genDependencies : Invalid condition id : UX DEVICE CLASS RTOS Condition cause : null
2024-10-02 09:11:02,267 [WARN] ConditionMgr:1039 - genDependencies : Invalid condition id : UX DEVICE CLASS RTOS Condition cause : null
2024-10-02 09:11:02,275 [WARN] PackLoader:240 - Cannot read IP mode file for STMicroelectronics.X-CUBE-GNSS1.7.0.0
2024-10-02 09:11:02,285 [WARN] PackLoader:240 - Cannot read IP mode file for STMicroelectronics.FP-SNS-STBOX1.2.0.0
2024-10-02 09:11:02,302 [WARN] PackLoader:240 - Cannot read IP mode file for STMicroelectronics.X-CUBE-SUBG2.5.0.0
2024-10-02 09:11:02,314 [WARN] PackLoader:240 - Cannot read IP mode file for Cesanta.I-CUBE-Mongoose.7.13.0
2024-10-02 09:11:02,333 [WARN] PackLoader:240 - Cannot read IP mode file for STMicroelectronics.X-CUBE-AZRTOS-G4.2.0.0
2024-10-02 09:11:02,341 [WARN] PackLoader:240 - Cannot read IP mode file for STMicroelectronics.X-CUBE-ALS.1.0.2
2024-10-02 09:11:02,350 [WARN] PackLoader:240 - Cannot read IP mode file for STMicroelectronics.X-CUBE-TOUCHGFX.4.24.1
2024-10-02 09:11:02,354 [WARN] PackLoader:240 - Cannot read IP mode file for wolfSSL.I-CUBE-wolfTPM.3.4.0
2024-10-02 09:11:02,360 [WARN] PackLoader:240 - Cannot read IP mode file for portGmbH.I-Cube-SoM-uGOAL.1.1.0
2024-10-02 09:11:02,389 [WARN] PackLoader:240 - Cannot read IP mode file for STMicroelectronics.X-CUBE-AZRTOS-H7RS.1.0.0
2024-10-02 09:11:02,396 [WARN] PackLoader:240 - Cannot read IP mode file for STMicroelectronics.FP-ATR-ASTRA1.2.0.0
2024-10-02 09:11:02,411 [WARN] PackLoader:240 - Cannot read IP mode file for STMicroelectronics.X-CUBE-TOF1.3.4.2
2024-10-02 09:11:02,467 [WARN] PackLoader:240 - Cannot read IP mode file for Infineon.AIROC-Wi-Fi-Bluetooth-STM32.1.6.1
2024-10-02 09:11:02,477 [WARN] PackLoader:240 - Cannot read IP mode file for wolfSSL.I-CUBE-wolfSSH.1.4.17
2024-10-02 09:11:02,478 [INFO] ThirdParty:978 - Integrity check success = true
2024-10-02 09:11:02,478 [INFO] IntegrityCheckThread:100 - exiting critical section [integrity check]
2024-10-02 09:11:02,478 [INFO] IntegrityCheckThread:103 - End integrity checks thread
2024-10-02 10:07:47,290 [INFO] WebApp:189 - Connection lost
2024-10-02 10:07:53,041 [INFO] WebApp:186 - Connection restablished
2024-10-02 10:07:55,089 [INFO] WebApp:189 - Connection lost
2024-10-02 10:07:55,258 [INFO] WebApp:186 - Connection restablished
2024-10-02 10:12:30,261 [INFO] WebApp:189 - Connection lost
2024-10-02 10:12:37,112 [INFO] WebApp:186 - Connection restablished
2024-10-02 10:14:34,562 [ERROR] LogOutputStream:75 - [STDERR_REDIRECT] 
