../../Drivers/STM32WLxx_HAL_Driver/Inc/stm32wlxx_ll_bus.h:449:22:LL_AHB2_GRP1_EnableClock	8	static
../Core/Src/stm32wlxx_hal_msp.c:64:6:HAL_MspInit	0	static
../Core/Src/stm32wlxx_hal_msp.c:84:6:HAL_ADC_MspInit	88	static
../Core/Src/stm32wlxx_hal_msp.c:129:6:HAL_ADC_MspDeInit	0	static
../Core/Src/stm32wlxx_hal_msp.c:157:6:HAL_I2C_MspInit	88	static
../Core/Src/stm32wlxx_hal_msp.c:204:6:HAL_I2C_MspDeInit	8	static
../Core/Src/stm32wlxx_hal_msp.c:235:6:HAL_UART_MspInit	88	static
../Core/Src/stm32wlxx_hal_msp.c:286:6:HAL_UART_MspDeInit	8	static
