11:33:05 **** Incremental Build of configuration Debug for project beehive-endpoint_CM0PLUS ****
make -j8 all 
arm-none-eabi-gcc "/home/ante/STM32CubeIDE/workspace_1.16.1/beehive-endpoint/Drivers/STM32WLxx_HAL_Driver/Src/stm32wlxx_hal.c" -mcpu=cortex-m0plus -std=gnu11 -g3 -DDEBUG -DCORE_CM0PLUS -DSTM32WL55xx -DUSE_HAL_DRIVER -c -I../Core/Inc -I../../Drivers/STM32WLxx_HAL_Driver/Inc -I../../Drivers/STM32WLxx_HAL_Driver/Inc/Legacy -I../../Drivers/CMSIS/Device/ST/STM32WLxx/Include -I../../Drivers/CMSIS/Include -O0 -ffunction-sections -fdata-sections -Wall -fstack-usage -fcyclomatic-complexity -MMD -MP -MF"Drivers/STM32WLxx_HAL_Driver/stm32wlxx_hal.d" -MT"Drivers/STM32WLxx_HAL_Driver/stm32wlxx_hal.o" --specs=nano.specs -mfloat-abi=soft -mthumb -o "Drivers/STM32WLxx_HAL_Driver/stm32wlxx_hal.o"
arm-none-eabi-gcc "/home/ante/STM32CubeIDE/workspace_1.16.1/beehive-endpoint/Drivers/STM32WLxx_HAL_Driver/Src/stm32wlxx_hal_cortex.c" -mcpu=cortex-m0plus -std=gnu11 -g3 -DDEBUG -DCORE_CM0PLUS -DSTM32WL55xx -DUSE_HAL_DRIVER -c -I../Core/Inc -I../../Drivers/STM32WLxx_HAL_Driver/Inc -I../../Drivers/STM32WLxx_HAL_Driver/Inc/Legacy -I../../Drivers/CMSIS/Device/ST/STM32WLxx/Include -I../../Drivers/CMSIS/Include -O0 -ffunction-sections -fdata-sections -Wall -fstack-usage -fcyclomatic-complexity -MMD -MP -MF"Drivers/STM32WLxx_HAL_Driver/stm32wlxx_hal_cortex.d" -MT"Drivers/STM32WLxx_HAL_Driver/stm32wlxx_hal_cortex.o" --specs=nano.specs -mfloat-abi=soft -mthumb -o "Drivers/STM32WLxx_HAL_Driver/stm32wlxx_hal_cortex.o"
arm-none-eabi-gcc "/home/ante/STM32CubeIDE/workspace_1.16.1/beehive-endpoint/Drivers/STM32WLxx_HAL_Driver/Src/stm32wlxx_hal_dma.c" -mcpu=cortex-m0plus -std=gnu11 -g3 -DDEBUG -DCORE_CM0PLUS -DSTM32WL55xx -DUSE_HAL_DRIVER -c -I../Core/Inc -I../../Drivers/STM32WLxx_HAL_Driver/Inc -I../../Drivers/STM32WLxx_HAL_Driver/Inc/Legacy -I../../Drivers/CMSIS/Device/ST/STM32WLxx/Include -I../../Drivers/CMSIS/Include -O0 -ffunction-sections -fdata-sections -Wall -fstack-usage -fcyclomatic-complexity -MMD -MP -MF"Drivers/STM32WLxx_HAL_Driver/stm32wlxx_hal_dma.d" -MT"Drivers/STM32WLxx_HAL_Driver/stm32wlxx_hal_dma.o" --specs=nano.specs -mfloat-abi=soft -mthumb -o "Drivers/STM32WLxx_HAL_Driver/stm32wlxx_hal_dma.o"
arm-none-eabi-gcc "/home/ante/STM32CubeIDE/workspace_1.16.1/beehive-endpoint/Drivers/STM32WLxx_HAL_Driver/Src/stm32wlxx_hal_dma_ex.c" -mcpu=cortex-m0plus -std=gnu11 -g3 -DDEBUG -DCORE_CM0PLUS -DSTM32WL55xx -DUSE_HAL_DRIVER -c -I../Core/Inc -I../../Drivers/STM32WLxx_HAL_Driver/Inc -I../../Drivers/STM32WLxx_HAL_Driver/Inc/Legacy -I../../Drivers/CMSIS/Device/ST/STM32WLxx/Include -I../../Drivers/CMSIS/Include -O0 -ffunction-sections -fdata-sections -Wall -fstack-usage -fcyclomatic-complexity -MMD -MP -MF"Drivers/STM32WLxx_HAL_Driver/stm32wlxx_hal_dma_ex.d" -MT"Drivers/STM32WLxx_HAL_Driver/stm32wlxx_hal_dma_ex.o" --specs=nano.specs -mfloat-abi=soft -mthumb -o "Drivers/STM32WLxx_HAL_Driver/stm32wlxx_hal_dma_ex.o"
arm-none-eabi-gcc "/home/ante/STM32CubeIDE/workspace_1.16.1/beehive-endpoint/Drivers/STM32WLxx_HAL_Driver/Src/stm32wlxx_hal_exti.c" -mcpu=cortex-m0plus -std=gnu11 -g3 -DDEBUG -DCORE_CM0PLUS -DSTM32WL55xx -DUSE_HAL_DRIVER -c -I../Core/Inc -I../../Drivers/STM32WLxx_HAL_Driver/Inc -I../../Drivers/STM32WLxx_HAL_Driver/Inc/Legacy -I../../Drivers/CMSIS/Device/ST/STM32WLxx/Include -I../../Drivers/CMSIS/Include -O0 -ffunction-sections -fdata-sections -Wall -fstack-usage -fcyclomatic-complexity -MMD -MP -MF"Drivers/STM32WLxx_HAL_Driver/stm32wlxx_hal_exti.d" -MT"Drivers/STM32WLxx_HAL_Driver/stm32wlxx_hal_exti.o" --specs=nano.specs -mfloat-abi=soft -mthumb -o "Drivers/STM32WLxx_HAL_Driver/stm32wlxx_hal_exti.o"
arm-none-eabi-gcc "/home/ante/STM32CubeIDE/workspace_1.16.1/beehive-endpoint/Drivers/STM32WLxx_HAL_Driver/Src/stm32wlxx_hal_flash.c" -mcpu=cortex-m0plus -std=gnu11 -g3 -DDEBUG -DCORE_CM0PLUS -DSTM32WL55xx -DUSE_HAL_DRIVER -c -I../Core/Inc -I../../Drivers/STM32WLxx_HAL_Driver/Inc -I../../Drivers/STM32WLxx_HAL_Driver/Inc/Legacy -I../../Drivers/CMSIS/Device/ST/STM32WLxx/Include -I../../Drivers/CMSIS/Include -O0 -ffunction-sections -fdata-sections -Wall -fstack-usage -fcyclomatic-complexity -MMD -MP -MF"Drivers/STM32WLxx_HAL_Driver/stm32wlxx_hal_flash.d" -MT"Drivers/STM32WLxx_HAL_Driver/stm32wlxx_hal_flash.o" --specs=nano.specs -mfloat-abi=soft -mthumb -o "Drivers/STM32WLxx_HAL_Driver/stm32wlxx_hal_flash.o"
arm-none-eabi-gcc "/home/ante/STM32CubeIDE/workspace_1.16.1/beehive-endpoint/Drivers/STM32WLxx_HAL_Driver/Src/stm32wlxx_hal_flash_ex.c" -mcpu=cortex-m0plus -std=gnu11 -g3 -DDEBUG -DCORE_CM0PLUS -DSTM32WL55xx -DUSE_HAL_DRIVER -c -I../Core/Inc -I../../Drivers/STM32WLxx_HAL_Driver/Inc -I../../Drivers/STM32WLxx_HAL_Driver/Inc/Legacy -I../../Drivers/CMSIS/Device/ST/STM32WLxx/Include -I../../Drivers/CMSIS/Include -O0 -ffunction-sections -fdata-sections -Wall -fstack-usage -fcyclomatic-complexity -MMD -MP -MF"Drivers/STM32WLxx_HAL_Driver/stm32wlxx_hal_flash_ex.d" -MT"Drivers/STM32WLxx_HAL_Driver/stm32wlxx_hal_flash_ex.o" --specs=nano.specs -mfloat-abi=soft -mthumb -o "Drivers/STM32WLxx_HAL_Driver/stm32wlxx_hal_flash_ex.o"
arm-none-eabi-gcc "/home/ante/STM32CubeIDE/workspace_1.16.1/beehive-endpoint/Drivers/STM32WLxx_HAL_Driver/Src/stm32wlxx_hal_gpio.c" -mcpu=cortex-m0plus -std=gnu11 -g3 -DDEBUG -DCORE_CM0PLUS -DSTM32WL55xx -DUSE_HAL_DRIVER -c -I../Core/Inc -I../../Drivers/STM32WLxx_HAL_Driver/Inc -I../../Drivers/STM32WLxx_HAL_Driver/Inc/Legacy -I../../Drivers/CMSIS/Device/ST/STM32WLxx/Include -I../../Drivers/CMSIS/Include -O0 -ffunction-sections -fdata-sections -Wall -fstack-usage -fcyclomatic-complexity -MMD -MP -MF"Drivers/STM32WLxx_HAL_Driver/stm32wlxx_hal_gpio.d" -MT"Drivers/STM32WLxx_HAL_Driver/stm32wlxx_hal_gpio.o" --specs=nano.specs -mfloat-abi=soft -mthumb -o "Drivers/STM32WLxx_HAL_Driver/stm32wlxx_hal_gpio.o"
arm-none-eabi-gcc "/home/ante/STM32CubeIDE/workspace_1.16.1/beehive-endpoint/Drivers/STM32WLxx_HAL_Driver/Src/stm32wlxx_hal_pwr.c" -mcpu=cortex-m0plus -std=gnu11 -g3 -DDEBUG -DCORE_CM0PLUS -DSTM32WL55xx -DUSE_HAL_DRIVER -c -I../Core/Inc -I../../Drivers/STM32WLxx_HAL_Driver/Inc -I../../Drivers/STM32WLxx_HAL_Driver/Inc/Legacy -I../../Drivers/CMSIS/Device/ST/STM32WLxx/Include -I../../Drivers/CMSIS/Include -O0 -ffunction-sections -fdata-sections -Wall -fstack-usage -fcyclomatic-complexity -MMD -MP -MF"Drivers/STM32WLxx_HAL_Driver/stm32wlxx_hal_pwr.d" -MT"Drivers/STM32WLxx_HAL_Driver/stm32wlxx_hal_pwr.o" --specs=nano.specs -mfloat-abi=soft -mthumb -o "Drivers/STM32WLxx_HAL_Driver/stm32wlxx_hal_pwr.o"
arm-none-eabi-gcc "/home/ante/STM32CubeIDE/workspace_1.16.1/beehive-endpoint/Drivers/STM32WLxx_HAL_Driver/Src/stm32wlxx_hal_pwr_ex.c" -mcpu=cortex-m0plus -std=gnu11 -g3 -DDEBUG -DCORE_CM0PLUS -DSTM32WL55xx -DUSE_HAL_DRIVER -c -I../Core/Inc -I../../Drivers/STM32WLxx_HAL_Driver/Inc -I../../Drivers/STM32WLxx_HAL_Driver/Inc/Legacy -I../../Drivers/CMSIS/Device/ST/STM32WLxx/Include -I../../Drivers/CMSIS/Include -O0 -ffunction-sections -fdata-sections -Wall -fstack-usage -fcyclomatic-complexity -MMD -MP -MF"Drivers/STM32WLxx_HAL_Driver/stm32wlxx_hal_pwr_ex.d" -MT"Drivers/STM32WLxx_HAL_Driver/stm32wlxx_hal_pwr_ex.o" --specs=nano.specs -mfloat-abi=soft -mthumb -o "Drivers/STM32WLxx_HAL_Driver/stm32wlxx_hal_pwr_ex.o"
arm-none-eabi-gcc "/home/ante/STM32CubeIDE/workspace_1.16.1/beehive-endpoint/Drivers/STM32WLxx_HAL_Driver/Src/stm32wlxx_hal_rcc.c" -mcpu=cortex-m0plus -std=gnu11 -g3 -DDEBUG -DCORE_CM0PLUS -DSTM32WL55xx -DUSE_HAL_DRIVER -c -I../Core/Inc -I../../Drivers/STM32WLxx_HAL_Driver/Inc -I../../Drivers/STM32WLxx_HAL_Driver/Inc/Legacy -I../../Drivers/CMSIS/Device/ST/STM32WLxx/Include -I../../Drivers/CMSIS/Include -O0 -ffunction-sections -fdata-sections -Wall -fstack-usage -fcyclomatic-complexity -MMD -MP -MF"Drivers/STM32WLxx_HAL_Driver/stm32wlxx_hal_rcc.d" -MT"Drivers/STM32WLxx_HAL_Driver/stm32wlxx_hal_rcc.o" --specs=nano.specs -mfloat-abi=soft -mthumb -o "Drivers/STM32WLxx_HAL_Driver/stm32wlxx_hal_rcc.o"
arm-none-eabi-gcc "/home/ante/STM32CubeIDE/workspace_1.16.1/beehive-endpoint/Drivers/STM32WLxx_HAL_Driver/Src/stm32wlxx_hal_rcc_ex.c" -mcpu=cortex-m0plus -std=gnu11 -g3 -DDEBUG -DCORE_CM0PLUS -DSTM32WL55xx -DUSE_HAL_DRIVER -c -I../Core/Inc -I../../Drivers/STM32WLxx_HAL_Driver/Inc -I../../Drivers/STM32WLxx_HAL_Driver/Inc/Legacy -I../../Drivers/CMSIS/Device/ST/STM32WLxx/Include -I../../Drivers/CMSIS/Include -O0 -ffunction-sections -fdata-sections -Wall -fstack-usage -fcyclomatic-complexity -MMD -MP -MF"Drivers/STM32WLxx_HAL_Driver/stm32wlxx_hal_rcc_ex.d" -MT"Drivers/STM32WLxx_HAL_Driver/stm32wlxx_hal_rcc_ex.o" --specs=nano.specs -mfloat-abi=soft -mthumb -o "Drivers/STM32WLxx_HAL_Driver/stm32wlxx_hal_rcc_ex.o"
arm-none-eabi-gcc "../Core/Src/main.c" -mcpu=cortex-m0plus -std=gnu11 -g3 -DDEBUG -DCORE_CM0PLUS -DSTM32WL55xx -DUSE_HAL_DRIVER -c -I../Core/Inc -I../../Drivers/STM32WLxx_HAL_Driver/Inc -I../../Drivers/STM32WLxx_HAL_Driver/Inc/Legacy -I../../Drivers/CMSIS/Device/ST/STM32WLxx/Include -I../../Drivers/CMSIS/Include -O0 -ffunction-sections -fdata-sections -Wall -fstack-usage -fcyclomatic-complexity -MMD -MP -MF"Core/Src/main.d" -MT"Core/Src/main.o" --specs=nano.specs -mfloat-abi=soft -mthumb -o "Core/Src/main.o"
arm-none-eabi-gcc "../Core/Src/stm32wlxx_hal_msp.c" -mcpu=cortex-m0plus -std=gnu11 -g3 -DDEBUG -DCORE_CM0PLUS -DSTM32WL55xx -DUSE_HAL_DRIVER -c -I../Core/Inc -I../../Drivers/STM32WLxx_HAL_Driver/Inc -I../../Drivers/STM32WLxx_HAL_Driver/Inc/Legacy -I../../Drivers/CMSIS/Device/ST/STM32WLxx/Include -I../../Drivers/CMSIS/Include -O0 -ffunction-sections -fdata-sections -Wall -fstack-usage -fcyclomatic-complexity -MMD -MP -MF"Core/Src/stm32wlxx_hal_msp.d" -MT"Core/Src/stm32wlxx_hal_msp.o" --specs=nano.specs -mfloat-abi=soft -mthumb -o "Core/Src/stm32wlxx_hal_msp.o"
arm-none-eabi-gcc "../Core/Src/stm32wlxx_it.c" -mcpu=cortex-m0plus -std=gnu11 -g3 -DDEBUG -DCORE_CM0PLUS -DSTM32WL55xx -DUSE_HAL_DRIVER -c -I../Core/Inc -I../../Drivers/STM32WLxx_HAL_Driver/Inc -I../../Drivers/STM32WLxx_HAL_Driver/Inc/Legacy -I../../Drivers/CMSIS/Device/ST/STM32WLxx/Include -I../../Drivers/CMSIS/Include -O0 -ffunction-sections -fdata-sections -Wall -fstack-usage -fcyclomatic-complexity -MMD -MP -MF"Core/Src/stm32wlxx_it.d" -MT"Core/Src/stm32wlxx_it.o" --specs=nano.specs -mfloat-abi=soft -mthumb -o "Core/Src/stm32wlxx_it.o"
arm-none-eabi-gcc "/home/ante/STM32CubeIDE/workspace_1.16.1/beehive-endpoint/Common/System/system_stm32wlxx.c" -mcpu=cortex-m0plus -std=gnu11 -g3 -DDEBUG -DCORE_CM0PLUS -DSTM32WL55xx -DUSE_HAL_DRIVER -c -I../Core/Inc -I../../Drivers/STM32WLxx_HAL_Driver/Inc -I../../Drivers/STM32WLxx_HAL_Driver/Inc/Legacy -I../../Drivers/CMSIS/Device/ST/STM32WLxx/Include -I../../Drivers/CMSIS/Include -O0 -ffunction-sections -fdata-sections -Wall -fstack-usage -fcyclomatic-complexity -MMD -MP -MF"Common/System/system_stm32wlxx.d" -MT"Common/System/system_stm32wlxx.o" --specs=nano.specs -mfloat-abi=soft -mthumb -o "Common/System/system_stm32wlxx.o"
arm-none-eabi-g++ -o "beehive-endpoint_CM0PLUS.elf" @"objects.list"   -mcpu=cortex-m0plus -T"/home/ante/STM32CubeIDE/workspace_1.16.1/beehive-endpoint/CM0PLUS/STM32WL55JCIX_FLASH.ld" --specs=nosys.specs -Wl,-Map="beehive-endpoint_CM0PLUS.map" -Wl,--gc-sections -static --specs=nano.specs -mfloat-abi=soft -mthumb -Wl,--start-group -lc -lm -lstdc++ -lsupc++ -Wl,--end-group
Finished building target: beehive-endpoint_CM0PLUS.elf
 
arm-none-eabi-size  beehive-endpoint_CM0PLUS.elf 
arm-none-eabi-objdump -h -S beehive-endpoint_CM0PLUS.elf  > "beehive-endpoint_CM0PLUS.list"
   text	   data	    bss	    dec	    hex	filename
   2168	     12	   1572	   3752	    ea8	beehive-endpoint_CM0PLUS.elf
Finished building: default.size.stdout
 
Finished building: beehive-endpoint_CM0PLUS.list
 

11:33:06 Build Finished. 0 errors, 0 warnings. (took 1s.37ms)

