14:50:20 **** Incremental Build of configuration Debug for project LoRaWAN_End_Node ****
make -j8 all 
arm-none-eabi-gcc "/home/ante/STM32CubeIDE/workspace_1.16.1/LoRaWAN_End_Node/LoRaWAN/App/lora_app.c" -mcpu=cortex-m4 -std=gnu11 -g3 -DDEBUG -DCORE_CM4 -DUSE_HAL_DRIVER -DSTM32WL55xx -c -I../../Core/Inc -I../../LoRaWAN/App -I../../LoRaWAN/Target -I../../Drivers/STM32WLxx_HAL_Driver/Inc -I../../Drivers/STM32WLxx_HAL_Driver/Inc/Legacy -I../../Utilities/trace/adv_trace -I../../Utilities/misc -I../../Utilities/sequencer -I../../Utilities/timer -I../../Utilities/lpm/tiny_lpm -I../../Middlewares/Third_Party/LoRaWAN/LmHandler/Packages -I../../Drivers/CMSIS/Device/ST/STM32WLxx/Include -I../../Middlewares/Third_Party/LoRaWAN/Crypto -I../../Middlewares/Third_Party/LoRaWAN/Mac/Region -I../../Middlewares/Third_Party/LoRaWAN/Mac -I../../Middlewares/Third_Party/LoRaWAN/LmHandler -I../../Middlewares/Third_Party/LoRaWAN/Utilities -I../../Middlewares/Third_Party/SubGHz_Phy -I../../Middlewares/Third_Party/SubGHz_Phy/stm32_radio_driver -I../../Drivers/CMSIS/Include -I../../Drivers/BSP/STM32WLxx_Nucleo -Og -ffunction-sections -fdata-sections -Wall -fstack-usage -fcyclomatic-complexity -MMD -MP -MF"Application/User/LoRaWAN/App/lora_app.d" -MT"Application/User/LoRaWAN/App/lora_app.o" --specs=nano.specs -mfloat-abi=soft -mthumb -o "Application/User/LoRaWAN/App/lora_app.o"
/home/ante/STM32CubeIDE/workspace_1.16.1/LoRaWAN_End_Node/LoRaWAN/App/lora_app.c: In function 'humidity_conversion':
/home/ante/STM32CubeIDE/workspace_1.16.1/LoRaWAN_End_Node/LoRaWAN/App/lora_app.c:495:42: warning: implicit declaration of function 'pow' [-Wimplicit-function-declaration]
  495 |         return ((rh_high*256 + rh_low) / pow(2,14)) * 100;
      |                                          ^~~
/home/ante/STM32CubeIDE/workspace_1.16.1/LoRaWAN_End_Node/LoRaWAN/App/lora_app.c:40:1: note: include '<math.h>' or provide a declaration of 'pow'
   39 | #include "i2c.h"
  +++ |+#include <math.h>
   40 | /* USER CODE END Includes */
/home/ante/STM32CubeIDE/workspace_1.16.1/LoRaWAN_End_Node/LoRaWAN/App/lora_app.c:495:42: warning: incompatible implicit declaration of built-in function 'pow' [-Wbuiltin-declaration-mismatch]
  495 |         return ((rh_high*256 + rh_low) / pow(2,14)) * 100;
      |                                          ^~~
/home/ante/STM32CubeIDE/workspace_1.16.1/LoRaWAN_End_Node/LoRaWAN/App/lora_app.c:495:42: note: include '<math.h>' or provide a declaration of 'pow'
/home/ante/STM32CubeIDE/workspace_1.16.1/LoRaWAN_End_Node/LoRaWAN/App/lora_app.c: In function 'temp_conversion':
/home/ante/STM32CubeIDE/workspace_1.16.1/LoRaWAN_End_Node/LoRaWAN/App/lora_app.c:499:49: warning: incompatible implicit declaration of built-in function 'pow' [-Wbuiltin-declaration-mismatch]
  499 |         return ( ((temp_high*64 + temp_low/4) / pow(2,14)) * 165 ) - 40;
      |                                                 ^~~
/home/ante/STM32CubeIDE/workspace_1.16.1/LoRaWAN_End_Node/LoRaWAN/App/lora_app.c:499:49: note: include '<math.h>' or provide a declaration of 'pow'
/home/ante/STM32CubeIDE/workspace_1.16.1/LoRaWAN_End_Node/LoRaWAN/App/lora_app.c: In function 'SendTxData':
/home/ante/STM32CubeIDE/workspace_1.16.1/LoRaWAN_End_Node/LoRaWAN/App/lora_app.c:625:14: warning: unused variable 'altitudeGps' [-Wunused-variable]
  625 |     uint16_t altitudeGps = 0;
      |              ^~~~~~~~~~~
/home/ante/STM32CubeIDE/workspace_1.16.1/LoRaWAN_End_Node/LoRaWAN/App/lora_app.c:624:13: warning: variable 'longitude' set but not used [-Wunused-but-set-variable]
  624 |     int32_t longitude = 0;
      |             ^~~~~~~~~
/home/ante/STM32CubeIDE/workspace_1.16.1/LoRaWAN_End_Node/LoRaWAN/App/lora_app.c:623:13: warning: variable 'latitude' set but not used [-Wunused-but-set-variable]
  623 |     int32_t latitude = 0;
      |             ^~~~~~~~
/home/ante/STM32CubeIDE/workspace_1.16.1/LoRaWAN_End_Node/LoRaWAN/App/lora_app.c:621:14: warning: variable 'humidity' set but not used [-Wunused-but-set-variable]
  621 |     uint16_t humidity = 0;
      |              ^~~~~~~~
/home/ante/STM32CubeIDE/workspace_1.16.1/LoRaWAN_End_Node/LoRaWAN/App/lora_app.c:620:13: warning: variable 'temperature' set but not used [-Wunused-but-set-variable]
  620 |     int16_t temperature = 0;
      |             ^~~~~~~~~~~
/home/ante/STM32CubeIDE/workspace_1.16.1/LoRaWAN_End_Node/LoRaWAN/App/lora_app.c:619:14: warning: variable 'pressure' set but not used [-Wunused-but-set-variable]
  619 |     uint16_t pressure = 0;
      |              ^~~~~~~~
arm-none-eabi-gcc -o "LoRaWAN_End_Node.elf" @"objects.list"   -mcpu=cortex-m4 -T"/home/ante/STM32CubeIDE/workspace_1.16.1/LoRaWAN_End_Node/STM32CubeIDE/STM32WL55JCIX_FLASH.ld" --specs=nosys.specs -Wl,-Map="LoRaWAN_End_Node.map" -Wl,--gc-sections -static --specs=nano.specs -mfloat-abi=soft -mthumb -Wl,--start-group -lc -lm -Wl,--end-group
/home/ante/st/stm32cubeide_1.16.1/plugins/com.st.stm32cube.ide.mcu.externaltools.gnu-tools-for-stm32.12.3.rel1.linux64_1.0.200.202406132123/tools/bin/../lib/gcc/arm-none-eabi/12.3.1/../../../../arm-none-eabi/bin/ld: warning: LoRaWAN_End_Node.elf has a LOAD segment with RWX permissions
Finished building target: LoRaWAN_End_Node.elf
 
arm-none-eabi-size  LoRaWAN_End_Node.elf 
arm-none-eabi-objdump -h -S LoRaWAN_End_Node.elf  > "LoRaWAN_End_Node.list"
   text	   data	    bss	    dec	    hex	filename
  76488	    280	  11008	  87776	  156e0	LoRaWAN_End_Node.elf
Finished building: default.size.stdout
 
Finished building: LoRaWAN_End_Node.list
 

14:50:21 Build Finished. 0 errors, 10 warnings. (took 1s.30ms)

