Archive member included to satisfy reference by file (symbol)

/opt/stm32cubeide/plugins/com.st.stm32cube.ide.mcu.externaltools.gnu-tools-for-stm32.12.3.rel1.linux64_1.0.200.202406132123/tools/bin/../lib/gcc/arm-none-eabi/12.3.1/../../../../arm-none-eabi/lib/thumb/v7e-m/nofp/libc_nano.a(libc_a-exit.o)
                              /opt/stm32cubeide/plugins/com.st.stm32cube.ide.mcu.externaltools.gnu-tools-for-stm32.12.3.rel1.linux64_1.0.200.202406132123/tools/bin/../lib/gcc/arm-none-eabi/12.3.1/../../../../arm-none-eabi/lib/thumb/v7e-m/nofp/crt0.o (exit)
/opt/stm32cubeide/plugins/com.st.stm32cube.ide.mcu.externaltools.gnu-tools-for-stm32.12.3.rel1.linux64_1.0.200.202406132123/tools/bin/../lib/gcc/arm-none-eabi/12.3.1/../../../../arm-none-eabi/lib/thumb/v7e-m/nofp/libc_nano.a(libc_a-findfp.o)
                              /opt/stm32cubeide/plugins/com.st.stm32cube.ide.mcu.externaltools.gnu-tools-for-stm32.12.3.rel1.linux64_1.0.200.202406132123/tools/bin/../lib/gcc/arm-none-eabi/12.3.1/../../../../arm-none-eabi/lib/thumb/v7e-m/nofp/libc_nano.a(libc_a-exit.o) (__stdio_exit_handler)
/opt/stm32cubeide/plugins/com.st.stm32cube.ide.mcu.externaltools.gnu-tools-for-stm32.12.3.rel1.linux64_1.0.200.202406132123/tools/bin/../lib/gcc/arm-none-eabi/12.3.1/../../../../arm-none-eabi/lib/thumb/v7e-m/nofp/libc_nano.a(libc_a-fwalk.o)
                              /opt/stm32cubeide/plugins/com.st.stm32cube.ide.mcu.externaltools.gnu-tools-for-stm32.12.3.rel1.linux64_1.0.200.202406132123/tools/bin/../lib/gcc/arm-none-eabi/12.3.1/../../../../arm-none-eabi/lib/thumb/v7e-m/nofp/libc_nano.a(libc_a-findfp.o) (_fwalk_sglue)
/opt/stm32cubeide/plugins/com.st.stm32cube.ide.mcu.externaltools.gnu-tools-for-stm32.12.3.rel1.linux64_1.0.200.202406132123/tools/bin/../lib/gcc/arm-none-eabi/12.3.1/../../../../arm-none-eabi/lib/thumb/v7e-m/nofp/libc_nano.a(libc_a-sprintf.o)
                              ./Core/Src/main.o (sprintf)
/opt/stm32cubeide/plugins/com.st.stm32cube.ide.mcu.externaltools.gnu-tools-for-stm32.12.3.rel1.linux64_1.0.200.202406132123/tools/bin/../lib/gcc/arm-none-eabi/12.3.1/../../../../arm-none-eabi/lib/thumb/v7e-m/nofp/libc_nano.a(libc_a-stdio.o)
                              /opt/stm32cubeide/plugins/com.st.stm32cube.ide.mcu.externaltools.gnu-tools-for-stm32.12.3.rel1.linux64_1.0.200.202406132123/tools/bin/../lib/gcc/arm-none-eabi/12.3.1/../../../../arm-none-eabi/lib/thumb/v7e-m/nofp/libc_nano.a(libc_a-findfp.o) (__sread)
/opt/stm32cubeide/plugins/com.st.stm32cube.ide.mcu.externaltools.gnu-tools-for-stm32.12.3.rel1.linux64_1.0.200.202406132123/tools/bin/../lib/gcc/arm-none-eabi/12.3.1/../../../../arm-none-eabi/lib/thumb/v7e-m/nofp/libc_nano.a(libc_a-memset.o)
                              /opt/stm32cubeide/plugins/com.st.stm32cube.ide.mcu.externaltools.gnu-tools-for-stm32.12.3.rel1.linux64_1.0.200.202406132123/tools/bin/../lib/gcc/arm-none-eabi/12.3.1/../../../../arm-none-eabi/lib/thumb/v7e-m/nofp/crt0.o (memset)
/opt/stm32cubeide/plugins/com.st.stm32cube.ide.mcu.externaltools.gnu-tools-for-stm32.12.3.rel1.linux64_1.0.200.202406132123/tools/bin/../lib/gcc/arm-none-eabi/12.3.1/../../../../arm-none-eabi/lib/thumb/v7e-m/nofp/libc_nano.a(libc_a-closer.o)
                              /opt/stm32cubeide/plugins/com.st.stm32cube.ide.mcu.externaltools.gnu-tools-for-stm32.12.3.rel1.linux64_1.0.200.202406132123/tools/bin/../lib/gcc/arm-none-eabi/12.3.1/../../../../arm-none-eabi/lib/thumb/v7e-m/nofp/libc_nano.a(libc_a-stdio.o) (_close_r)
/opt/stm32cubeide/plugins/com.st.stm32cube.ide.mcu.externaltools.gnu-tools-for-stm32.12.3.rel1.linux64_1.0.200.202406132123/tools/bin/../lib/gcc/arm-none-eabi/12.3.1/../../../../arm-none-eabi/lib/thumb/v7e-m/nofp/libc_nano.a(libc_a-reent.o)
                              /opt/stm32cubeide/plugins/com.st.stm32cube.ide.mcu.externaltools.gnu-tools-for-stm32.12.3.rel1.linux64_1.0.200.202406132123/tools/bin/../lib/gcc/arm-none-eabi/12.3.1/../../../../arm-none-eabi/lib/thumb/v7e-m/nofp/libc_nano.a(libc_a-closer.o) (errno)
/opt/stm32cubeide/plugins/com.st.stm32cube.ide.mcu.externaltools.gnu-tools-for-stm32.12.3.rel1.linux64_1.0.200.202406132123/tools/bin/../lib/gcc/arm-none-eabi/12.3.1/../../../../arm-none-eabi/lib/thumb/v7e-m/nofp/libc_nano.a(libc_a-impure.o)
                              /opt/stm32cubeide/plugins/com.st.stm32cube.ide.mcu.externaltools.gnu-tools-for-stm32.12.3.rel1.linux64_1.0.200.202406132123/tools/bin/../lib/gcc/arm-none-eabi/12.3.1/../../../../arm-none-eabi/lib/thumb/v7e-m/nofp/libc_nano.a(libc_a-sprintf.o) (_impure_ptr)
/opt/stm32cubeide/plugins/com.st.stm32cube.ide.mcu.externaltools.gnu-tools-for-stm32.12.3.rel1.linux64_1.0.200.202406132123/tools/bin/../lib/gcc/arm-none-eabi/12.3.1/../../../../arm-none-eabi/lib/thumb/v7e-m/nofp/libc_nano.a(libc_a-lseekr.o)
[...]
Memory Configuration

Name             Origin             Length             Attributes
RAM              0x20000000         0x00008000         xrw
FLASH            0x08000000         0x00020000         xr
*default*        0x00000000         0xffffffff

Linker script and memory map

LOAD /opt/stm32cubeide/plugins/com.st.stm32cube.ide.mcu.externaltools.gnu-tools-for-stm32.12.3.rel1.linux64_1.0.200.202406132123/tools/bin/../lib/gcc/arm-none-eabi/12.3.1/thumb/v7e-m/nofp/crti.o
LOAD /opt/stm32cubeide/plugins/com.st.stm32cube.ide.mcu.externaltools.gnu-tools-for-stm32.12.3.rel1.linux64_1.0.200.202406132123/tools/bin/../lib/gcc/arm-none-eabi/12.3.1/thumb/v7e-m/nofp/crtbegin.o
LOAD /opt/stm32cubeide/plugins/com.st.stm32cube.ide.mcu.externaltools.gnu-tools-for-stm32.12.3.rel1.linux64_1.0.200.202406132123/tools/bin/../lib/gcc/arm-none-eabi/12.3.1/../../../../arm-none-eabi/lib/thumb/v7e-m/nofp/crt0.o
LOAD ./Common/System/system_stm32wlxx.o
LOAD ./Core/Src/main.o
LOAD ./Core/Src/stm32wlxx_hal_msp.o
LOAD ./Core/Src/stm32wlxx_it.o
LOAD ./Core/Src/syscalls.o
LOAD ./Core/Src/sysmem.o
LOAD ./Core/Startup/startup_stm32wl55jcix.o
LOAD ./Drivers/BSP/STM32WLxx_Nucleo/stm32wlxx_nucleo.o
LOAD ./Drivers/STM32WLxx_HAL_Driver/stm32wlxx_hal.o
LOAD ./Drivers/STM32WLxx_HAL_Driver/stm32wlxx_hal_adc.o
LOAD ./Drivers/STM32WLxx_HAL_Driver/stm32wlxx_hal_adc_ex.o
LOAD ./Drivers/STM32WLxx_HAL_Driver/stm32wlxx_hal_cortex.o
LOAD ./Drivers/STM32WLxx_HAL_Driver/stm32wlxx_hal_dma.o
LOAD ./Drivers/STM32WLxx_HAL_Driver/stm32wlxx_hal_dma_ex.o
LOAD ./Drivers/STM32WLxx_HAL_Driver/stm32wlxx_hal_exti.o
LOAD ./Drivers/STM32WLxx_HAL_Driver/stm32wlxx_hal_flash.o
LOAD ./Drivers/STM32WLxx_HAL_Driver/stm32wlxx_hal_flash_ex.o
LOAD ./Drivers/STM32WLxx_HAL_Driver/stm32wlxx_hal_gpio.o
LOAD ./Drivers/STM32WLxx_HAL_Driver/stm32wlxx_hal_i2c.o
LOAD ./Drivers/STM32WLxx_HAL_Driver/stm32wlxx_hal_i2c_ex.o
LOAD ./Drivers/STM32WLxx_HAL_Driver/stm32wlxx_hal_pwr.o
LOAD ./Drivers/STM32WLxx_HAL_Driver/stm32wlxx_hal_pwr_ex.o
LOAD ./Drivers/STM32WLxx_HAL_Driver/stm32wlxx_hal_rcc.o
LOAD ./Drivers/STM32WLxx_HAL_Driver/stm32wlxx_hal_rcc_ex.o
LOAD ./Drivers/STM32WLxx_HAL_Driver/stm32wlxx_hal_tim.o
LOAD ./Drivers/STM32WLxx_HAL_Driver/stm32wlxx_hal_tim_ex.o
LOAD ./Drivers/STM32WLxx_HAL_Driver/stm32wlxx_hal_uart.o
LOAD ./Drivers/STM32WLxx_HAL_Driver/stm32wlxx_hal_uart_ex.o
LOAD ./Drivers/STM32WLxx_HAL_Driver/stm32wlxx_hal_usart.o
LOAD ./Drivers/STM32WLxx_HAL_Driver/stm32wlxx_hal_usart_ex.o
LOAD ./Drivers/STM32WLxx_HAL_Driver/stm32wlxx_ll_adc.o
START GROUP
LOAD /opt/stm32cubeide/plugins/com.st.stm32cube.ide.mcu.externaltools.gnu-tools-for-stm32.12.3.rel1.linux64_1.0.200.202406132123/tools/bin/../lib/gcc/arm-none-eabi/12.3.1/../../../../arm-none-eabi/lib/thumb/v7e-m/nofp/libc_nano.a
LOAD /opt/stm32cubeide/plugins/com.st.stm32cube.ide.mcu.externaltools.gnu-tools-for-stm32.12.3.rel1.linux64_1.0.200.202406132123/tools/bin/../lib/gcc/arm-none-eabi/12.3.1/../../../../arm-none-eabi/lib/thumb/v7e-m/nofp/libm.a
END GROUP
START GROUP
LOAD /opt/stm32cubeide/plugins/com.st.stm32cube.ide.mcu.externaltools.gnu-tools-for-stm32.12.3.rel1.linux64_1.0.200.202406132123/tools/bin/../lib/gcc/arm-none-eabi/12.3.1/thumb/v7e-m/nofp/libgcc.a
LOAD /opt/stm32cubeide/plugins/com.st.stm32cube.ide.mcu.externaltools.gnu-tools-for-stm32.12.3.rel1.linux64_1.0.200.202406132123/tools/bin/../lib/gcc/arm-none-eabi/12.3.1/../../../../arm-none-eabi/lib/thumb/v7e-m/nofp/libc_nano.a
END GROUP
START GROUP
LOAD /opt/stm32cubeide/plugins/com.st.stm32cube.ide.mcu.externaltools.gnu-tools-for-stm32.12.3.rel1.linux64_1.0.200.202406132123/tools/bin/../lib/gcc/arm-none-eabi/12.3.1/thumb/v7e-m/nofp/libgcc.a
LOAD /opt/stm32cubeide/plugins/com.st.stm32cube.ide.mcu.externaltools.gnu-tools-for-stm32.12.3.rel1.linux64_1.0.200.202406132123/tools/bin/../lib/gcc/arm-none-eabi/12.3.1/../../../../arm-none-eabi/lib/thumb/v7e-m/nofp/libc_nano.a
LOAD /opt/stm32cubeide/plugins/com.st.stm32cube.ide.mcu.externaltools.gnu-tools-for-stm32.12.3.rel1.linux64_1.0.200.202406132123/tools/bin/../lib/gcc/arm-none-eabi/12.3.1/../../../../arm-none-eabi/lib/thumb/v7e-m/nofp/libnosys.a
END GROUP
START GROUP
LOAD /opt/stm32cubeide/plugins/com.st.stm32cube.ide.mcu.externaltools.gnu-tools-for-stm32.12.3.rel1.linux64_1.0.200.202406132123/tools/bin/../lib/gcc/arm-none-eabi/12.3.1/thumb/v7e-m/nofp/libgcc.a
LOAD /opt/stm32cubeide/plugins/com.st.stm32cube.ide.mcu.externaltools.gnu-tools-for-stm32.12.3.rel1.linux64_1.0.200.202406132123/tools/bin/../lib/gcc/arm-none-eabi/12.3.1/../../../../arm-none-eabi/lib/thumb/v7e-m/nofp/libc_nano.a
LOAD /opt/stm32cubeide/plugins/com.st.stm32cube.ide.mcu.externaltools.gnu-tools-for-stm32.12.3.rel1.linux64_1.0.200.202406132123/tools/bin/../lib/gcc/arm-none-eabi/12.3.1/../../../../arm-none-eabi/lib/thumb/v7e-m/nofp/libnosys.a
END GROUP
LOAD /opt/stm32cubeide/plugins/com.st.stm32cube.ide.mcu.externaltools.gnu-tools-for-stm32.12.3.rel1.linux64_1.0.200.202406132123/tools/bin/../lib/gcc/arm-none-eabi/12.3.1/thumb/v7e-m/nofp/crtend.o
LOAD /opt/stm32cubeide/plugins/com.st.stm32cube.ide.mcu.externaltools.gnu-tools-for-stm32.12.3.rel1.linux64_1.0.200.202406132123/tools/bin/../lib/gcc/arm-none-eabi/12.3.1/thumb/v7e-m/nofp/crtn.o
                0x20008000                        _estack = (ORIGIN (RAM) + LENGTH (RAM))
                0x00000200                        _Min_Heap_Size = 0x200
                0x00000400                        _Min_Stack_Size = 0x400

.isr_vector     0x08000000      0x138
                0x08000000                        . = ALIGN (0x4)
 *(.isr_vector)
 .isr_vector    0x08000000      0x138 ./Core/Startup/startup_stm32wl55jcix.o
                0x08000000                g_pfnVectors
                0x08000138                        . = ALIGN (0x4)

.text           0x08000140     0x53a0
                0x08000140                        . = ALIGN (0x4)
 *(.text)
 .text          0x08000140       0x40 /opt/stm32cubeide/plugins/com.st.stm32cube.ide.mcu.externaltools.gnu-tools-for-stm32.12.3.rel1.linux64_1.0.200.202406132123/tools/bin/../lib/gcc/arm-none-eabi/12.3.1/thumb/v7e-m/nofp/crtbegin.o
 .text          0x08000180       0x10 /opt/stm32cubeide/plugins/com.st.stm32cube.ide.mcu.externaltools.gnu-tools-for-stm32.12.3.rel1.linux64_1.0.200.202406132123/tools/bin/../lib/gcc/arm-none-eabi/12.3.1/../../../../arm-none-eabi/lib/thumb/v7e-m/nofp/libc_nano.a(libc_a-strlen.o)
                0x08000180                strlen
 .text          0x08000190       0xa0 /opt/stm32cubeide/plugins/com.st.stm32cube.ide.mcu.externaltools.gnu-tools-for-stm32.12.3.rel1.linux64_1.0.200.202406132123/tools/bin/../lib/gcc/arm-none-eabi/12.3.1/../../../../arm-none-eabi/lib/thumb/v7e-m/nofp/libc_nano.a(libc_a-memchr.o)
                0x08000190                memchr
 .text          0x08000230       0x30 /opt/stm32cubeide/plugins/com.st.stm32cube.ide.mcu.externaltools.gnu-tools-for-stm32.12.3.rel1.linux64_1.0.200.202406132123/tools/bin/../lib/gcc/arm-none-eabi/12.3.1/thumb/v7e-m/nofp/libgcc.a(_aeabi_uldivmod.o)
                0x08000230                __aeabi_uldivmod
 .text          0x08000260      0x2bc /opt/stm32cubeide/plugins/com.st.stm32cube.ide.mcu.externaltools.gnu-tools-for-stm32.12.3.rel1.linux64_1.0.200.202406132123/tools/bin/../lib/gcc/arm-none-eabi/12.3.1/thumb/v7e-m/nofp/libgcc.a(_udivmoddi4.o)
                0x08000260                __udivmoddi4
 .text          0x0800051c        0x4 /opt/stm32cubeide/plugins/com.st.stm32cube.ide.mcu.externaltools.gnu-tools-for-stm32.12.3.rel1.linux64_1.0.200.202406132123/tools/bin/../lib/gcc/arm-none-eabi/12.3.1/thumb/v7e-m/nofp/libgcc.a(_dvmd_tls.o)
                0x0800051c                __aeabi_ldiv0
                0x0800051c                __aeabi_idiv0
 *(.text*)
 .text.SystemInit
                0x08000520        0xc ./Common/System/system_stm32wlxx.o
                0x08000520                SystemInit
 .text.LL_AHB2_GRP1_EnableClock
                0x0800052c       0x30 ./Core/Src/main.o
 .text.read_vbat
                0x0800055c       0x60 ./Core/Src/main.o
                0x0800055c                read_vbat
 .text.main     0x080005bc       0x68 ./Core/Src/main.o
                0x080005bc                main
 .text.SystemClock_Config
                0x08000624       0xb0 ./Core/Src/main.o
                0x08000624                SystemClock_Config
 .text.MX_ADC_Init
                0x080006d4       0x9c ./Core/Src/main.o
 .text.MX_I2C2_Init
                0x08000770       0x80 ./Core/Src/main.o
 .text.MX_USART2_UART_Init
                0x080007f0       0x98 ./Core/Src/main.o
 .text.MX_GPIO_Init
                0x08000888       0x1a ./Core/Src/main.o
 .text.Error_Handler
                0x080008a2        0xc ./Core/Src/main.o
                0x080008a2                Error_Handler
 .text.LL_AHB2_GRP1_EnableClock
                0x080008ae       0x30 ./Core/Src/stm32wlxx_hal_msp.o
 .text.LL_APB1_GRP1_EnableClock
                0x080008de       0x30 ./Core/Src/stm32wlxx_hal_msp.o
 .text.LL_APB2_GRP1_EnableClock
                0x0800090e       0x30 ./Core/Src/stm32wlxx_hal_msp.o
 .text.HAL_MspInit
                0x0800093e        0xc ./Core/Src/stm32wlxx_hal_msp.o
                0x0800093e                HAL_MspInit
 *fill*         0x0800094a        0x2 
 .text.HAL_ADC_MspInit
                0x0800094c       0x88 ./Core/Src/stm32wlxx_hal_msp.o
                0x0800094c                HAL_ADC_MspInit
 .text.HAL_I2C_MspInit
                0x080009d4       0x8c ./Core/Src/stm32wlxx_hal_msp.o
                0x080009d4                HAL_I2C_MspInit
 .text.HAL_UART_MspInit
                0x08000a60       0x9c ./Core/Src/stm32wlxx_hal_msp.o
                0x08000a60                HAL_UART_MspInit
 .text.NMI_Handler
                0x08000afc        0x8 ./Core/Src/stm32wlxx_it.o
                0x08000afc                NMI_Handler
 .text.HardFault_Handler
                0x08000b04        0x8 ./Core/Src/stm32wlxx_it.o
                0x08000b04                HardFault_Handler
 .text.MemManage_Handler
                0x08000b0c        0x8 ./Core/Src/stm32wlxx_it.o
                0x08000b0c                MemManage_Handler
 .text.BusFault_Handler
                0x08000b14        0x8 ./Core/Src/stm32wlxx_it.o
                0x08000b14                BusFault_Handler
 .text.UsageFault_Handler
                0x08000b1c        0x8 ./Core/Src/stm32wlxx_it.o
                0x08000b1c                UsageFault_Handler
 .text.SVC_Handler
                0x08000b24        0xc ./Core/Src/stm32wlxx_it.o
                0x08000b24                SVC_Handler
 .text.DebugMon_Handler
                0x08000b30        0xc ./Core/Src/stm32wlxx_it.o
                0x08000b30                DebugMon_Handler
 .text.PendSV_Handler
                0x08000b3c        0xc ./Core/Src/stm32wlxx_it.o
                0x08000b3c                PendSV_Handler
 .text.SysTick_Handler
                0x08000b48        0xc ./Core/Src/stm32wlxx_it.o
                0x08000b48                SysTick_Handler
 .text.EXTI0_IRQHandler
                0x08000b54        0xe ./Core/Src/stm32wlxx_it.o
                0x08000b54                EXTI0_IRQHandler
 .text.EXTI1_IRQHandler
                0x08000b62        0xe ./Core/Src/stm32wlxx_it.o
                0x08000b62                EXTI1_IRQHandler
 .text.EXTI9_5_IRQHandler
                0x08000b70        0xe ./Core/Src/stm32wlxx_it.o
                0x08000b70                EXTI9_5_IRQHandler
 *fill*         0x08000b7e        0x2 
 .text.USART2_IRQHandler
                0x08000b80       0x14 ./Core/Src/stm32wlxx_it.o
                0x08000b80                USART2_IRQHandler
 .text._sbrk    0x08000b94       0x6c ./Core/Src/sysmem.o
                0x08000b94                _sbrk
 .text.Reset_Handler
                0x08000c00       0x50 ./Core/Startup/startup_stm32wl55jcix.o
                0x08000c00                Reset_Handler
 .text.Default_Handler
                0x08000c50        0x2 ./Core/Startup/startup_stm32wl55jcix.o
                0x08000c50                RTC_Alarm_IRQHandler
                0x08000c50                EXTI2_IRQHandler
                0x08000c50                TIM1_CC_IRQHandler
                0x08000c50                EXTI3_IRQHandler
                0x08000c50                LPTIM2_IRQHandler
                0x08000c50                I2C3_ER_IRQHandler
                0x08000c50                LPTIM3_IRQHandler
                0x08000c50                I2C2_EV_IRQHandler
                0x08000c50                TAMP_STAMP_LSECSS_SSRU_IRQHandler
                0x08000c50                SPI1_IRQHandler
                0x08000c50                DMA2_Channel2_IRQHandler
                0x08000c50                DMA1_Channel4_IRQHandler
                0x08000c50                PKA_IRQHandler
                0x08000c50                TIM17_IRQHandler
                0x08000c50                DMA1_Channel7_IRQHandler
                0x08000c50                SUBGHZSPI_IRQHandler
                0x08000c50                IPCC_C1_TX_IRQHandler
                0x08000c50                DMA2_Channel1_IRQHandler
                0x08000c50                I2C1_EV_IRQHandler
                0x08000c50                SUBGHZ_Radio_IRQHandler
                0x08000c50                DMAMUX1_OVR_IRQHandler
                0x08000c50                DMA1_Channel6_IRQHandler
                0x08000c50                TIM16_IRQHandler
                0x08000c50                DMA2_Channel4_IRQHandler
                0x08000c50                RCC_IRQHandler
                0x08000c50                TIM1_TRG_COM_IRQHandler
                0x08000c50                DMA1_Channel1_IRQHandler
                0x08000c50                Default_Handler
                0x08000c50                DMA2_Channel7_IRQHandler
                0x08000c50                EXTI15_10_IRQHandler
                0x08000c50                IPCC_C1_RX_IRQHandler
                0x08000c50                ADC_IRQHandler
                0x08000c50                C2SEV_PWR_C2H_IRQHandler
                0x08000c50                I2C3_EV_IRQHandler
                0x08000c50                RTC_WKUP_IRQHandler
                0x08000c50                PVD_PVM_IRQHandler
                0x08000c50                SPI2_IRQHandler
                0x08000c50                DMA2_Channel5_IRQHandler
                0x08000c50                DMA1_Channel5_IRQHandler
                0x08000c50                EXTI4_IRQHandler
                0x08000c50                RNG_IRQHandler
                0x08000c50                DMA1_Channel3_IRQHandler
                0x08000c50                COMP_IRQHandler
                0x08000c50                HSEM_IRQHandler
                0x08000c50                TIM1_UP_IRQHandler
                0x08000c50                WWDG_IRQHandler
                0x08000c50                LPUART1_IRQHandler
                0x08000c50                DMA2_Channel6_IRQHandler
                0x08000c50                TIM2_IRQHandler
                0x08000c50                TIM1_BRK_IRQHandler
                0x08000c50                DAC_IRQHandler
                0x08000c50                AES_IRQHandler
                0x08000c50                I2C2_ER_IRQHandler
                0x08000c50                DMA1_Channel2_IRQHandler
                0x08000c50                FLASH_IRQHandler
                0x08000c50                USART1_IRQHandler
                0x08000c50                I2C1_ER_IRQHandler
                0x08000c50                LPTIM1_IRQHandler
                0x08000c50                DMA2_Channel3_IRQHandler
 .text.LL_AHB2_GRP1_EnableClock
                0x08000c52       0x30 ./Drivers/BSP/STM32WLxx_Nucleo/stm32wlxx_nucleo.o
 *fill*         0x08000c82        0x2 
 .text.BSP_LED_Init
                0x08000c84       0x74 ./Drivers/BSP/STM32WLxx_Nucleo/stm32wlxx_nucleo.o
                0x08000c84                BSP_LED_Init
 .text.BSP_PB_Init
                0x08000cf8      0x10c ./Drivers/BSP/STM32WLxx_Nucleo/stm32wlxx_nucleo.o
                0x08000cf8                BSP_PB_Init
 .text.BSP_PB_IRQHandler
                0x08000e04       0x24 ./Drivers/BSP/STM32WLxx_Nucleo/stm32wlxx_nucleo.o
                0x08000e04                BSP_PB_IRQHandler
 .text.BSP_PB_Callback
                0x08000e28       0x14 ./Drivers/BSP/STM32WLxx_Nucleo/stm32wlxx_nucleo.o
                0x08000e28                BSP_PB_Callback
 .text.BUTTON_SW1_EXTI_Callback
                0x08000e3c        0xe ./Drivers/BSP/STM32WLxx_Nucleo/stm32wlxx_nucleo.o
 .text.BUTTON_SW2_EXTI_Callback
                0x08000e4a        0xe ./Drivers/BSP/STM32WLxx_Nucleo/stm32wlxx_nucleo.o
 .text.BUTTON_SW3_EXTI_Callback
                0x08000e58        0xe ./Drivers/BSP/STM32WLxx_Nucleo/stm32wlxx_nucleo.o
 *fill*         0x08000e66        0x2 
 .text.HAL_Init
                0x08000e68       0x40 ./Drivers/STM32WLxx_HAL_Driver/stm32wlxx_hal.o
                0x08000e68                HAL_Init
 .text.HAL_InitTick
                0x08000ea8       0x74 ./Drivers/STM32WLxx_HAL_Driver/stm32wlxx_hal.o
                0x08000ea8                HAL_InitTick
 .text.HAL_IncTick
                0x08000f1c       0x24 ./Drivers/STM32WLxx_HAL_Driver/stm32wlxx_hal.o
                0x08000f1c                HAL_IncTick
 .text.HAL_GetTick
                0x08000f40       0x14 ./Drivers/STM32WLxx_HAL_Driver/stm32wlxx_hal.o
                0x08000f40                HAL_GetTick
 .text.HAL_Delay
                0x08000f54       0x48 ./Drivers/STM32WLxx_HAL_Driver/stm32wlxx_hal.o
                0x08000f54                HAL_Delay
 .text.LL_ADC_GetCommonPathInternalCh
                0x08000f9c       0x1a ./Drivers/STM32WLxx_HAL_Driver/stm32wlxx_hal_adc.o
 .text.LL_ADC_SetSamplingTimeCommonChannels
                0x08000fb6       0x3c ./Drivers/STM32WLxx_HAL_Driver/stm32wlxx_hal_adc.o
 .text.LL_ADC_GetSamplingTimeCommonChannels
                0x08000ff2       0x30 ./Drivers/STM32WLxx_HAL_Driver/stm32wlxx_hal_adc.o
 .text.LL_ADC_REG_IsTriggerSourceSWStart
                0x08001022       0x24 ./Drivers/STM32WLxx_HAL_Driver/stm32wlxx_hal_adc.o
 .text.LL_ADC_EnableInternalRegulator
                0x08001046       0x26 ./Drivers/STM32WLxx_HAL_Driver/stm32wlxx_hal_adc.o
 .text.LL_ADC_IsInternalRegulatorEnabled
                0x0800106c       0x26 ./Drivers/STM32WLxx_HAL_Driver/stm32wlxx_hal_adc.o
 .text.LL_ADC_Enable
                0x08001092       0x26 ./Drivers/STM32WLxx_HAL_Driver/stm32wlxx_hal_adc.o
 .text.LL_ADC_IsEnabled
                0x080010b8       0x24 ./Drivers/STM32WLxx_HAL_Driver/stm32wlxx_hal_adc.o
 .text.LL_ADC_REG_StartConversion
                0x080010dc       0x26 ./Drivers/STM32WLxx_HAL_Driver/stm32wlxx_hal_adc.o
 .text.LL_ADC_REG_IsConversionOngoing
                0x08001102       0x24 ./Drivers/STM32WLxx_HAL_Driver/stm32wlxx_hal_adc.o
 *fill*         0x08001126        0x2 
 .text.HAL_ADC_Init
                0x08001128      0x328 ./Drivers/STM32WLxx_HAL_Driver/stm32wlxx_hal_adc.o
                0x08001128                HAL_ADC_Init
 .text.HAL_ADC_Start
                0x08001450       0x8c ./Drivers/STM32WLxx_HAL_Driver/stm32wlxx_hal_adc.o
                0x08001450                HAL_ADC_Start
 .text.HAL_ADC_PollForConversion
                0x080014dc      0x12e ./Drivers/STM32WLxx_HAL_Driver/stm32wlxx_hal_adc.o
                0x080014dc                HAL_ADC_PollForConversion
 .text.HAL_ADC_GetValue
                0x0800160a       0x18 ./Drivers/STM32WLxx_HAL_Driver/stm32wlxx_hal_adc.o
                0x0800160a                HAL_ADC_GetValue
 *fill*         0x08001622        0x2 
 .text.ADC_Enable
                0x08001624      0x10c ./Drivers/STM32WLxx_HAL_Driver/stm32wlxx_hal_adc.o
                0x08001624                ADC_Enable
 .text.__NVIC_SetPriorityGrouping
                0x08001730       0x48 ./Drivers/STM32WLxx_HAL_Driver/stm32wlxx_hal_cortex.o
 .text.__NVIC_GetPriorityGrouping
                0x08001778       0x1c ./Drivers/STM32WLxx_HAL_Driver/stm32wlxx_hal_cortex.o
 .text.__NVIC_EnableIRQ
                0x08001794       0x38 ./Drivers/STM32WLxx_HAL_Driver/stm32wlxx_hal_cortex.o
 .text.__NVIC_SetPriority
                0x080017cc       0x54 ./Drivers/STM32WLxx_HAL_Driver/stm32wlxx_hal_cortex.o
 .text.NVIC_EncodePriority
                0x08001820       0x64 ./Drivers/STM32WLxx_HAL_Driver/stm32wlxx_hal_cortex.o
 .text.SysTick_Config
                0x08001884       0x44 ./Drivers/STM32WLxx_HAL_Driver/stm32wlxx_hal_cortex.o
 .text.HAL_NVIC_SetPriorityGrouping
                0x080018c8       0x16 ./Drivers/STM32WLxx_HAL_Driver/stm32wlxx_hal_cortex.o
                0x080018c8                HAL_NVIC_SetPriorityGrouping
 .text.HAL_NVIC_SetPriority
                0x080018de       0x34 ./Drivers/STM32WLxx_HAL_Driver/stm32wlxx_hal_cortex.o
                0x080018de                HAL_NVIC_SetPriority
 .text.HAL_NVIC_EnableIRQ
                0x08001912       0x1c ./Drivers/STM32WLxx_HAL_Driver/stm32wlxx_hal_cortex.o
                0x08001912                HAL_NVIC_EnableIRQ
 .text.HAL_SYSTICK_Config
                0x0800192e       0x18 ./Drivers/STM32WLxx_HAL_Driver/stm32wlxx_hal_cortex.o
                0x0800192e                HAL_SYSTICK_Config
 .text.HAL_DMA_Abort
                0x08001946       0xbc ./Drivers/STM32WLxx_HAL_Driver/stm32wlxx_hal_dma.o
                0x08001946                HAL_DMA_Abort
 .text.HAL_DMA_Abort_IT
                0x08001a02       0xbe ./Drivers/STM32WLxx_HAL_Driver/stm32wlxx_hal_dma.o
                0x08001a02                HAL_DMA_Abort_IT
 .text.HAL_EXTI_RegisterCallback
                0x08001ac0       0x32 ./Drivers/STM32WLxx_HAL_Driver/stm32wlxx_hal_exti.o
                0x08001ac0                HAL_EXTI_RegisterCallback
 .text.HAL_EXTI_GetHandle
                0x08001af2       0x26 ./Drivers/STM32WLxx_HAL_Driver/stm32wlxx_hal_exti.o
                0x08001af2                HAL_EXTI_GetHandle
 .text.HAL_EXTI_IRQHandler
                0x08001b18       0x5e ./Drivers/STM32WLxx_HAL_Driver/stm32wlxx_hal_exti.o
                0x08001b18                HAL_EXTI_IRQHandler
 *fill*         0x08001b76        0x2 
 .text.HAL_GPIO_Init
                0x08001b78      0x2c0 ./Drivers/STM32WLxx_HAL_Driver/stm32wlxx_hal_gpio.o
                0x08001b78                HAL_GPIO_Init
 .text.HAL_GPIO_WritePin
                0x08001e38       0x2e ./Drivers/STM32WLxx_HAL_Driver/stm32wlxx_hal_gpio.o
                0x08001e38                HAL_GPIO_WritePin
 .text.HAL_I2C_Init
                0x08001e66      0x11e ./Drivers/STM32WLxx_HAL_Driver/stm32wlxx_hal_i2c.o
                0x08001e66                HAL_I2C_Init
 .text.HAL_I2CEx_ConfigAnalogFilter
                0x08001f84       0x94 ./Drivers/STM32WLxx_HAL_Driver/stm32wlxx_hal_i2c_ex.o
                0x08001f84                HAL_I2CEx_ConfigAnalogFilter
 .text.HAL_I2CEx_ConfigDigitalFilter
                0x08002018       0x96 ./Drivers/STM32WLxx_HAL_Driver/stm32wlxx_hal_i2c_ex.o
                0x08002018                HAL_I2CEx_ConfigDigitalFilter
 *fill*         0x080020ae        0x2 
 .text.HAL_PWR_EnableBkUpAccess
                0x080020b0       0x1c ./Drivers/STM32WLxx_HAL_Driver/stm32wlxx_hal_pwr.o
                0x080020b0                HAL_PWR_EnableBkUpAccess
 .text.LL_PWR_EnableBootC2
                0x080020cc       0x1c ./Drivers/STM32WLxx_HAL_Driver/stm32wlxx_hal_pwr_ex.o
 .text.HAL_PWREx_GetVoltageRange
                0x080020e8       0x18 ./Drivers/STM32WLxx_HAL_Driver/stm32wlxx_hal_pwr_ex.o
                0x080020e8                HAL_PWREx_GetVoltageRange
 .text.HAL_PWREx_ReleaseCore
                0x08002100       0x14 ./Drivers/STM32WLxx_HAL_Driver/stm32wlxx_hal_pwr_ex.o
                0x08002100                HAL_PWREx_ReleaseCore
 .text.LL_PWR_IsEnabledBkUpAccess
                0x08002114       0x24 ./Drivers/STM32WLxx_HAL_Driver/stm32wlxx_hal_rcc.o
 .text.LL_RCC_HSE_EnableTcxo
                0x08002138       0x1c ./Drivers/STM32WLxx_HAL_Driver/stm32wlxx_hal_rcc.o
 .text.LL_RCC_HSE_DisableTcxo
                0x08002154       0x1c ./Drivers/STM32WLxx_HAL_Driver/stm32wlxx_hal_rcc.o
 .text.LL_RCC_HSE_IsEnabledDiv2
                0x08002170       0x22 ./Drivers/STM32WLxx_HAL_Driver/stm32wlxx_hal_rcc.o
 .text.LL_RCC_HSE_Enable
                0x08002192       0x1c ./Drivers/STM32WLxx_HAL_Driver/stm32wlxx_hal_rcc.o
 .text.LL_RCC_HSE_Disable
                0x080021ae       0x1c ./Drivers/STM32WLxx_HAL_Driver/stm32wlxx_hal_rcc.o
 .text.LL_RCC_HSE_IsReady
                0x080021ca       0x22 ./Drivers/STM32WLxx_HAL_Driver/stm32wlxx_hal_rcc.o
 .text.LL_RCC_HSI_Enable
                0x080021ec       0x1c ./Drivers/STM32WLxx_HAL_Driver/stm32wlxx_hal_rcc.o
 .text.LL_RCC_HSI_Disable
                0x08002208       0x1c ./Drivers/STM32WLxx_HAL_Driver/stm32wlxx_hal_rcc.o
 .text.LL_RCC_HSI_IsReady
                0x08002224       0x22 ./Drivers/STM32WLxx_HAL_Driver/stm32wlxx_hal_rcc.o
 .text.LL_RCC_HSI_SetCalibTrimming
                0x08002246       0x28 ./Drivers/STM32WLxx_HAL_Driver/stm32wlxx_hal_rcc.o
 .text.LL_RCC_LSE_IsReady
                0x0800226e       0x22 ./Drivers/STM32WLxx_HAL_Driver/stm32wlxx_hal_rcc.o
 .text.LL_RCC_LSI_Enable
                0x08002290       0x20 ./Drivers/STM32WLxx_HAL_Driver/stm32wlxx_hal_rcc.o
 .text.LL_RCC_LSI_Disable
                0x080022b0       0x20 ./Drivers/STM32WLxx_HAL_Driver/stm32wlxx_hal_rcc.o
 .text.LL_RCC_LSI_IsReady
                0x080022d0       0x22 ./Drivers/STM32WLxx_HAL_Driver/stm32wlxx_hal_rcc.o
 .text.LL_RCC_MSI_Enable
                0x080022f2       0x1c ./Drivers/STM32WLxx_HAL_Driver/stm32wlxx_hal_rcc.o
 .text.LL_RCC_MSI_Disable
                0x0800230e       0x1c ./Drivers/STM32WLxx_HAL_Driver/stm32wlxx_hal_rcc.o
 .text.LL_RCC_MSI_IsReady
                0x0800232a       0x20 ./Drivers/STM32WLxx_HAL_Driver/stm32wlxx_hal_rcc.o
 .text.LL_RCC_MSI_IsEnabledRangeSelect
                0x0800234a       0x20 ./Drivers/STM32WLxx_HAL_Driver/stm32wlxx_hal_rcc.o
 .text.LL_RCC_MSI_GetRange
                0x0800236a       0x16 ./Drivers/STM32WLxx_HAL_Driver/stm32wlxx_hal_rcc.o
 .text.LL_RCC_MSI_GetRangeAfterStandby
                0x08002380       0x18 ./Drivers/STM32WLxx_HAL_Driver/stm32wlxx_hal_rcc.o
 .text.LL_RCC_MSI_SetCalibTrimming
                0x08002398       0x28 ./Drivers/STM32WLxx_HAL_Driver/stm32wlxx_hal_rcc.o
 .text.LL_RCC_SetSysClkSource
                0x080023c0       0x26 ./Drivers/STM32WLxx_HAL_Driver/stm32wlxx_hal_rcc.o
 .text.LL_RCC_GetSysClkSource
                0x080023e6       0x16 ./Drivers/STM32WLxx_HAL_Driver/stm32wlxx_hal_rcc.o
 .text.LL_RCC_SetAHBPrescaler
                0x080023fc       0x26 ./Drivers/STM32WLxx_HAL_Driver/stm32wlxx_hal_rcc.o
 .text.LL_C2_RCC_SetAHBPrescaler
                0x08002422       0x2a ./Drivers/STM32WLxx_HAL_Driver/stm32wlxx_hal_rcc.o
 .text.LL_RCC_SetAHB3Prescaler
                0x0800244c       0x2c ./Drivers/STM32WLxx_HAL_Driver/stm32wlxx_hal_rcc.o
 .text.LL_RCC_SetAPB1Prescaler
                0x08002478       0x26 ./Drivers/STM32WLxx_HAL_Driver/stm32wlxx_hal_rcc.o
 .text.LL_RCC_SetAPB2Prescaler
                0x0800249e       0x26 ./Drivers/STM32WLxx_HAL_Driver/stm32wlxx_hal_rcc.o
 .text.LL_RCC_GetAHBPrescaler
                0x080024c4       0x16 ./Drivers/STM32WLxx_HAL_Driver/stm32wlxx_hal_rcc.o
 .text.LL_RCC_GetAHB3Prescaler
                0x080024da       0x1a ./Drivers/STM32WLxx_HAL_Driver/stm32wlxx_hal_rcc.o
 .text.LL_RCC_GetAPB1Prescaler
                0x080024f4       0x16 ./Drivers/STM32WLxx_HAL_Driver/stm32wlxx_hal_rcc.o
 .text.LL_RCC_GetAPB2Prescaler
                0x0800250a       0x16 ./Drivers/STM32WLxx_HAL_Driver/stm32wlxx_hal_rcc.o
 .text.LL_RCC_PLL_Enable
                0x08002520       0x1c ./Drivers/STM32WLxx_HAL_Driver/stm32wlxx_hal_rcc.o
 .text.LL_RCC_PLL_Disable
                0x0800253c       0x1c ./Drivers/STM32WLxx_HAL_Driver/stm32wlxx_hal_rcc.o
 .text.LL_RCC_PLL_IsReady
                0x08002558       0x22 ./Drivers/STM32WLxx_HAL_Driver/stm32wlxx_hal_rcc.o
 .text.LL_RCC_PLL_GetN
                0x0800257a       0x18 ./Drivers/STM32WLxx_HAL_Driver/stm32wlxx_hal_rcc.o
 .text.LL_RCC_PLL_GetR
                0x08002592       0x16 ./Drivers/STM32WLxx_HAL_Driver/stm32wlxx_hal_rcc.o
 .text.LL_RCC_PLL_GetDivider
                0x080025a8       0x16 ./Drivers/STM32WLxx_HAL_Driver/stm32wlxx_hal_rcc.o
 .text.LL_RCC_PLL_GetMainSource
                0x080025be       0x16 ./Drivers/STM32WLxx_HAL_Driver/stm32wlxx_hal_rcc.o
 .text.LL_RCC_IsActiveFlag_HPRE
                0x080025d4       0x22 ./Drivers/STM32WLxx_HAL_Driver/stm32wlxx_hal_rcc.o
 .text.LL_RCC_IsActiveFlag_C2HPRE
                0x080025f6       0x24 ./Drivers/STM32WLxx_HAL_Driver/stm32wlxx_hal_rcc.o
 .text.LL_RCC_IsActiveFlag_SHDHPRE
                0x0800261a       0x24 ./Drivers/STM32WLxx_HAL_Driver/stm32wlxx_hal_rcc.o
 .text.LL_RCC_IsActiveFlag_PPRE1
                0x0800263e       0x22 ./Drivers/STM32WLxx_HAL_Driver/stm32wlxx_hal_rcc.o
 .text.LL_RCC_IsActiveFlag_PPRE2
                0x08002660       0x22 ./Drivers/STM32WLxx_HAL_Driver/stm32wlxx_hal_rcc.o
 *fill*         0x08002682        0x2 
 .text.HAL_RCC_OscConfig
                0x08002684      0x704 ./Drivers/STM32WLxx_HAL_Driver/stm32wlxx_hal_rcc.o
                0x08002684                HAL_RCC_OscConfig
 .text.HAL_RCC_ClockConfig
                0x08002d88      0x284 ./Drivers/STM32WLxx_HAL_Driver/stm32wlxx_hal_rcc.o
                0x08002d88                HAL_RCC_ClockConfig
 .text.HAL_RCC_GetSysClockFreq
                0x0800300c      0x140 ./Drivers/STM32WLxx_HAL_Driver/stm32wlxx_hal_rcc.o
                0x0800300c                HAL_RCC_GetSysClockFreq
 .text.HAL_RCC_GetHCLKFreq
                0x0800314c       0x28 ./Drivers/STM32WLxx_HAL_Driver/stm32wlxx_hal_rcc.o
                0x0800314c                HAL_RCC_GetHCLKFreq
 .text.HAL_RCC_GetPCLK1Freq
                0x08003174       0x24 ./Drivers/STM32WLxx_HAL_Driver/stm32wlxx_hal_rcc.o
                0x08003174                HAL_RCC_GetPCLK1Freq
 .text.HAL_RCC_GetPCLK2Freq
                0x08003198       0x24 ./Drivers/STM32WLxx_HAL_Driver/stm32wlxx_hal_rcc.o
                0x08003198                HAL_RCC_GetPCLK2Freq
 .text.RCC_SetFlashLatencyFromMSIRange
                0x080031bc       0x60 ./Drivers/STM32WLxx_HAL_Driver/stm32wlxx_hal_rcc.o
 .text.RCC_SetFlashLatency
                0x0800321c      0x104 ./Drivers/STM32WLxx_HAL_Driver/stm32wlxx_hal_rcc.o
 .text.LL_RCC_LSE_IsReady
                0x08003320       0x22 ./Drivers/STM32WLxx_HAL_Driver/stm32wlxx_hal_rcc_ex.o
 .text.LL_RCC_SetUSARTClockSource
                0x08003342       0x30 ./Drivers/STM32WLxx_HAL_Driver/stm32wlxx_hal_rcc_ex.o
 .text.LL_RCC_SetI2SClockSource
                0x08003372       0x2a ./Drivers/STM32WLxx_HAL_Driver/stm32wlxx_hal_rcc_ex.o
 .text.LL_RCC_SetLPUARTClockSource
                0x0800339c       0x2a ./Drivers/STM32WLxx_HAL_Driver/stm32wlxx_hal_rcc_ex.o
 .text.LL_RCC_SetI2CClockSource
                0x080033c6       0x38 ./Drivers/STM32WLxx_HAL_Driver/stm32wlxx_hal_rcc_ex.o
 .text.LL_RCC_SetLPTIMClockSource
                0x080033fe       0x32 ./Drivers/STM32WLxx_HAL_Driver/stm32wlxx_hal_rcc_ex.o
 .text.LL_RCC_SetRNGClockSource
                0x08003430       0x2a ./Drivers/STM32WLxx_HAL_Driver/stm32wlxx_hal_rcc_ex.o
 .text.LL_RCC_SetADCClockSource
                0x0800345a       0x2a ./Drivers/STM32WLxx_HAL_Driver/stm32wlxx_hal_rcc_ex.o
 .text.LL_RCC_SetRTCClockSource
                0x08003484       0x2a ./Drivers/STM32WLxx_HAL_Driver/stm32wlxx_hal_rcc_ex.o
 .text.LL_RCC_GetRTCClockSource
                0x080034ae       0x18 ./Drivers/STM32WLxx_HAL_Driver/stm32wlxx_hal_rcc_ex.o
 .text.LL_RCC_ForceBackupDomainReset
                0x080034c6       0x20 ./Drivers/STM32WLxx_HAL_Driver/stm32wlxx_hal_rcc_ex.o
 .text.LL_RCC_ReleaseBackupDomainReset
                0x080034e6       0x20 ./Drivers/STM32WLxx_HAL_Driver/stm32wlxx_hal_rcc_ex.o
 *fill*         0x08003506        0x2 
 .text.HAL_RCCEx_PeriphCLKConfig
                0x08003508      0x234 ./Drivers/STM32WLxx_HAL_Driver/stm32wlxx_hal_rcc_ex.o
                0x08003508                HAL_RCCEx_PeriphCLKConfig
 .text.LL_RCC_GetUSARTClockSource
                0x0800373c       0x24 ./Drivers/STM32WLxx_HAL_Driver/stm32wlxx_hal_uart.o
 .text.LL_RCC_GetLPUARTClockSource
                0x08003760       0x1e ./Drivers/STM32WLxx_HAL_Driver/stm32wlxx_hal_uart.o
 .text.HAL_UART_Init
                0x0800377e       0xa0 ./Drivers/STM32WLxx_HAL_Driver/stm32wlxx_hal_uart.o
                0x0800377e                HAL_UART_Init
 .text.HAL_UART_Transmit
                0x0800381e      0x10c ./Drivers/STM32WLxx_HAL_Driver/stm32wlxx_hal_uart.o
                0x0800381e                HAL_UART_Transmit
 *fill*         0x0800392a        0x2 
 .text.HAL_UART_IRQHandler
                0x0800392c      0x648 ./Drivers/STM32WLxx_HAL_Driver/stm32wlxx_hal_uart.o
                0x0800392c                HAL_UART_IRQHandler
 .text.HAL_UART_TxCpltCallback
                0x08003f74       0x12 ./Drivers/STM32WLxx_HAL_Driver/stm32wlxx_hal_uart.o
                0x08003f74                HAL_UART_TxCpltCallback
 .text.HAL_UART_ErrorCallback
                0x08003f86       0x12 ./Drivers/STM32WLxx_HAL_Driver/stm32wlxx_hal_uart.o
                0x08003f86                HAL_UART_ErrorCallback
 .text.HAL_UARTEx_RxEventCallback
                0x08003f98       0x16 ./Drivers/STM32WLxx_HAL_Driver/stm32wlxx_hal_uart.o
                0x08003f98                HAL_UARTEx_RxEventCallback
 *fill*         0x08003fae        0x2 
 .text.UART_SetConfig
                0x08003fb0      0x4e8 ./Drivers/STM32WLxx_HAL_Driver/stm32wlxx_hal_uart.o
                0x08003fb0                UART_SetConfig
 .text.UART_AdvFeatureConfig
                0x08004498      0x142 ./Drivers/STM32WLxx_HAL_Driver/stm32wlxx_hal_uart.o
                0x08004498                UART_AdvFeatureConfig
 .text.UART_CheckIdleState
                0x080045da       0x9c ./Drivers/STM32WLxx_HAL_Driver/stm32wlxx_hal_uart.o
                0x080045da                UART_CheckIdleState
 .text.UART_WaitOnFlagUntilTimeout
                0x08004676      0x190 ./Drivers/STM32WLxx_HAL_Driver/stm32wlxx_hal_uart.o
                0x08004676                UART_WaitOnFlagUntilTimeout
 .text.UART_EndRxTransfer
                0x08004806       0xca ./Drivers/STM32WLxx_HAL_Driver/stm32wlxx_hal_uart.o
 .text.UART_DMAAbortOnError
                0x080048d0       0x2c ./Drivers/STM32WLxx_HAL_Driver/stm32wlxx_hal_uart.o
 .text.UART_EndTransmit_IT
                0x080048fc       0x56 ./Drivers/STM32WLxx_HAL_Driver/stm32wlxx_hal_uart.o
 .text.HAL_UARTEx_WakeupCallback
                0x08004952       0x12 ./Drivers/STM32WLxx_HAL_Driver/stm32wlxx_hal_uart_ex.o
                0x08004952                HAL_UARTEx_WakeupCallback
 .text.HAL_UARTEx_RxFifoFullCallback
                0x08004964       0x12 ./Drivers/STM32WLxx_HAL_Driver/stm32wlxx_hal_uart_ex.o
                0x08004964                HAL_UARTEx_RxFifoFullCallback
 .text.HAL_UARTEx_TxFifoEmptyCallback
                0x08004976       0x12 ./Drivers/STM32WLxx_HAL_Driver/stm32wlxx_hal_uart_ex.o
                0x08004976                HAL_UARTEx_TxFifoEmptyCallback
 .text.HAL_UARTEx_DisableFifoMode
                0x08004988       0x70 ./Drivers/STM32WLxx_HAL_Driver/stm32wlxx_hal_uart_ex.o
                0x08004988                HAL_UARTEx_DisableFifoMode
 .text.HAL_UARTEx_SetTxFifoThreshold
                0x080049f8       0x7c ./Drivers/STM32WLxx_HAL_Driver/stm32wlxx_hal_uart_ex.o
                0x080049f8                HAL_UARTEx_SetTxFifoThreshold
 .text.HAL_UARTEx_SetRxFifoThreshold
                0x08004a74       0x7c ./Drivers/STM32WLxx_HAL_Driver/stm32wlxx_hal_uart_ex.o
                0x08004a74                HAL_UARTEx_SetRxFifoThreshold
 .text.UARTEx_SetNbDataToProcess
                0x08004af0       0x98 ./Drivers/STM32WLxx_HAL_Driver/stm32wlxx_hal_uart_ex.o
 .text.sprintf  0x08004b88       0x40 /opt/stm32cubeide/plugins/com.st.stm32cube.ide.mcu.externaltools.gnu-tools-for-stm32.12.3.rel1.linux64_1.0.200.202406132123/tools/bin/../lib/gcc/arm-none-eabi/12.3.1/../../../../arm-none-eabi/lib/thumb/v7e-m/nofp/libc_nano.a(libc_a-sprintf.o)
                0x08004b88                sprintf
                0x08004b88                siprintf
 .text.memset   0x08004bc8       0x10 /opt/stm32cubeide/plugins/com.st.stm32cube.ide.mcu.externaltools.gnu-tools-for-stm32.12.3.rel1.linux64_1.0.200.202406132123/tools/bin/../lib/gcc/arm-none-eabi/12.3.1/../../../../arm-none-eabi/lib/thumb/v7e-m/nofp/libc_nano.a(libc_a-memset.o)
                0x08004bc8                memset
 .text.__errno  0x08004bd8        0xc /opt/stm32cubeide/plugins/com.st.stm32cube.ide.mcu.externaltools.gnu-tools-for-stm32.12.3.rel1.linux64_1.0.200.202406132123/tools/bin/../lib/gcc/arm-none-eabi/12.3.1/../../../../arm-none-eabi/lib/thumb/v7e-m/nofp/libc_nano.a(libc_a-errno.o)
                0x08004bd8                __errno
 .text.__libc_init_array
                0x08004be4       0x48 /opt/stm32cubeide/plugins/com.st.stm32cube.ide.mcu.externaltools.gnu-tools-for-stm32.12.3.rel1.linux64_1.0.200.202406132123/tools/bin/../lib/gcc/arm-none-eabi/12.3.1/../../../../arm-none-eabi/lib/thumb/v7e-m/nofp/libc_nano.a(libc_a-init.o)
                0x08004be4                __libc_init_array
 .text.__retarget_lock_acquire_recursive
                0x08004c2c        0x2 /opt/stm32cubeide/plugins/com.st.stm32cube.ide.mcu.externaltools.gnu-tools-for-stm32.12.3.rel1.linux64_1.0.200.202406132123/tools/bin/../lib/gcc/arm-none-eabi/12.3.1/../../../../arm-none-eabi/lib/thumb/v7e-m/nofp/libc_nano.a(libc_a-lock.o)
                0x08004c2c                __retarget_lock_acquire_recursive
 .text.__retarget_lock_release_recursive
                0x08004c2e        0x2 /opt/stm32cubeide/plugins/com.st.stm32cube.ide.mcu.externaltools.gnu-tools-for-stm32.12.3.rel1.linux64_1.0.200.202406132123/tools/bin/../lib/gcc/arm-none-eabi/12.3.1/../../../../arm-none-eabi/lib/thumb/v7e-m/nofp/libc_nano.a(libc_a-lock.o)
                0x08004c2e                __retarget_lock_release_recursive
 .text._free_r  0x08004c30       0x94 /opt/stm32cubeide/plugins/com.st.stm32cube.ide.mcu.externaltools.gnu-tools-for-stm32.12.3.rel1.linux64_1.0.200.202406132123/tools/bin/../lib/gcc/arm-none-eabi/12.3.1/../../../../arm-none-eabi/lib/thumb/v7e-m/nofp/libc_nano.a(libc_a-freer.o)
                0x08004c30                _free_r
 .text.sbrk_aligned
                0x08004cc4       0x44 /opt/stm32cubeide/plugins/com.st.stm32cube.ide.mcu.externaltools.gnu-tools-for-stm32.12.3.rel1.linux64_1.0.200.202406132123/tools/bin/../lib/gcc/arm-none-eabi/12.3.1/../../../../arm-none-eabi/lib/thumb/v7e-m/nofp/libc_nano.a(libc_a-mallocr.o)
 .text._malloc_r
                0x08004d08      0x100 /opt/stm32cubeide/plugins/com.st.stm32cube.ide.mcu.externaltools.gnu-tools-for-stm32.12.3.rel1.linux64_1.0.200.202406132123/tools/bin/../lib/gcc/arm-none-eabi/12.3.1/../../../../arm-none-eabi/lib/thumb/v7e-m/nofp/libc_nano.a(libc_a-mallocr.o)
                0x08004d08                _malloc_r
 .text.__malloc_lock
                0x08004e08        0xc /opt/stm32cubeide/plugins/com.st.stm32cube.ide.mcu.externaltools.gnu-tools-for-stm32.12.3.rel1.linux64_1.0.200.202406132123/tools/bin/../lib/gcc/arm-none-eabi/12.3.1/../../../../arm-none-eabi/lib/thumb/v7e-m/nofp/libc_nano.a(libc_a-mlock.o)
                0x08004e08                __malloc_lock
 .text.__malloc_unlock
                0x08004e14        0xc /opt/stm32cubeide/plugins/com.st.stm32cube.ide.mcu.externaltools.gnu-tools-for-stm32.12.3.rel1.linux64_1.0.200.202406132123/tools/bin/../lib/gcc/arm-none-eabi/12.3.1/../../../../arm-none-eabi/lib/thumb/v7e-m/nofp/libc_nano.a(libc_a-mlock.o)
                0x08004e14                __malloc_unlock
 .text.__ssputs_r
                0x08004e20       0xb6 /opt/stm32cubeide/plugins/com.st.stm32cube.ide.mcu.externaltools.gnu-tools-for-stm32.12.3.rel1.linux64_1.0.200.202406132123/tools/bin/../lib/gcc/arm-none-eabi/12.3.1/../../../../arm-none-eabi/lib/thumb/v7e-m/nofp/libc_nano.a(libc_a-nano-svfprintf.o)
                0x08004e20                __ssputs_r
 *fill*         0x08004ed6        0x2 
 .text._svfprintf_r
                0x08004ed8      0x1f8 /opt/stm32cubeide/plugins/com.st.stm32cube.ide.mcu.externaltools.gnu-tools-for-stm32.12.3.rel1.linux64_1.0.200.202406132123/tools/bin/../lib/gcc/arm-none-eabi/12.3.1/../../../../arm-none-eabi/lib/thumb/v7e-m/nofp/libc_nano.a(libc_a-nano-svfprintf.o)
                0x08004ed8                _svfprintf_r
                0x08004ed8                _svfiprintf_r
 .text._printf_common
                0x080050d0       0xda /opt/stm32cubeide/plugins/com.st.stm32cube.ide.mcu.externaltools.gnu-tools-for-stm32.12.3.rel1.linux64_1.0.200.202406132123/tools/bin/../lib/gcc/arm-none-eabi/12.3.1/../../../../arm-none-eabi/lib/thumb/v7e-m/nofp/libc_nano.a(libc_a-nano-vfprintf_i.o)
                0x080050d0                _printf_common
 *fill*         0x080051aa        0x2 
 .text._printf_i
                0x080051ac      0x240 /opt/stm32cubeide/plugins/com.st.stm32cube.ide.mcu.externaltools.gnu-tools-for-stm32.12.3.rel1.linux64_1.0.200.202406132123/tools/bin/../lib/gcc/arm-none-eabi/12.3.1/../../../../arm-none-eabi/lib/thumb/v7e-m/nofp/libc_nano.a(libc_a-nano-vfprintf_i.o)
                0x080051ac                _printf_i
 .text.memmove  0x080053ec       0x34 /opt/stm32cubeide/plugins/com.st.stm32cube.ide.mcu.externaltools.gnu-tools-for-stm32.12.3.rel1.linux64_1.0.200.202406132123/tools/bin/../lib/gcc/arm-none-eabi/12.3.1/../../../../arm-none-eabi/lib/thumb/v7e-m/nofp/libc_nano.a(libc_a-memmove.o)
                0x080053ec                memmove
 .text._sbrk_r  0x08005420       0x20 /opt/stm32cubeide/plugins/com.st.stm32cube.ide.mcu.externaltools.gnu-tools-for-stm32.12.3.rel1.linux64_1.0.200.202406132123/tools/bin/../lib/gcc/arm-none-eabi/12.3.1/../../../../arm-none-eabi/lib/thumb/v7e-m/nofp/libc_nano.a(libc_a-sbrkr.o)
                0x08005420                _sbrk_r
 .text.memcpy   0x08005440       0x1c /opt/stm32cubeide/plugins/com.st.stm32cube.ide.mcu.externaltools.gnu-tools-for-stm32.12.3.rel1.linux64_1.0.200.202406132123/tools/bin/../lib/gcc/arm-none-eabi/12.3.1/../../../../arm-none-eabi/lib/thumb/v7e-m/nofp/libc_nano.a(libc_a-memcpy-stub.o)
                0x08005440                memcpy
 .text._realloc_r
                0x0800545c       0x5c /opt/stm32cubeide/plugins/com.st.stm32cube.ide.mcu.externaltools.gnu-tools-for-stm32.12.3.rel1.linux64_1.0.200.202406132123/tools/bin/../lib/gcc/arm-none-eabi/12.3.1/../../../../arm-none-eabi/lib/thumb/v7e-m/nofp/libc_nano.a(libc_a-reallocr.o)
                0x0800545c                _realloc_r
 .text._malloc_usable_size_r
                0x080054b8       0x10 /opt/stm32cubeide/plugins/com.st.stm32cube.ide.mcu.externaltools.gnu-tools-for-stm32.12.3.rel1.linux64_1.0.200.202406132123/tools/bin/../lib/gcc/arm-none-eabi/12.3.1/../../../../arm-none-eabi/lib/thumb/v7e-m/nofp/libc_nano.a(libc_a-msizer.o)
                0x080054b8                _malloc_usable_size_r
 *(.glue_7)
 .glue_7        0x080054c8        0x0 linker stubs
 *(.glue_7t)
 .glue_7t       0x080054c8        0x0 linker stubs
 *(.eh_frame)
 .eh_frame      0x080054c8        0x0 /opt/stm32cubeide/plugins/com.st.stm32cube.ide.mcu.externaltools.gnu-tools-for-stm32.12.3.rel1.linux64_1.0.200.202406132123/tools/bin/../lib/gcc/arm-none-eabi/12.3.1/thumb/v7e-m/nofp/crtbegin.o
 *(.init)
 .init          0x080054c8        0x4 /opt/stm32cubeide/plugins/com.st.stm32cube.ide.mcu.externaltools.gnu-tools-for-stm32.12.3.rel1.linux64_1.0.200.202406132123/tools/bin/../lib/gcc/arm-none-eabi/12.3.1/thumb/v7e-m/nofp/crti.o
                0x080054c8                _init
 .init          0x080054cc        0x8 /opt/stm32cubeide/plugins/com.st.stm32cube.ide.mcu.externaltools.gnu-tools-for-stm32.12.3.rel1.linux64_1.0.200.202406132123/tools/bin/../lib/gcc/arm-none-eabi/12.3.1/thumb/v7e-m/nofp/crtn.o
 *(.fini)
 .fini          0x080054d4        0x4 /opt/stm32cubeide/plugins/com.st.stm32cube.ide.mcu.externaltools.gnu-tools-for-stm32.12.3.rel1.linux64_1.0.200.202406132123/tools/bin/../lib/gcc/arm-none-eabi/12.3.1/thumb/v7e-m/nofp/crti.o
                0x080054d4                _fini
 .fini          0x080054d8        0x8 /opt/stm32cubeide/plugins/com.st.stm32cube.ide.mcu.externaltools.gnu-tools-for-stm32.12.3.rel1.linux64_1.0.200.202406132123/tools/bin/../lib/gcc/arm-none-eabi/12.3.1/thumb/v7e-m/nofp/crtn.o
                0x080054e0                        . = ALIGN (0x4)
                0x080054e0                        _etext = .

.vfp11_veneer   0x080054e0        0x0
 .vfp11_veneer  0x080054e0        0x0 linker stubs

.v4_bx          0x080054e0        0x0
 .v4_bx         0x080054e0        0x0 linker stubs

.iplt           0x080054e0        0x0
 .iplt          0x080054e0        0x0 /opt/stm32cubeide/plugins/com.st.stm32cube.ide.mcu.externaltools.gnu-tools-for-stm32.12.3.rel1.linux64_1.0.200.202406132123/tools/bin/../lib/gcc/arm-none-eabi/12.3.1/thumb/v7e-m/nofp/crtbegin.o

.rodata         0x080054e0      0x16c
                0x080054e0                        . = ALIGN (0x4)
 *(.rodata)
 .rodata        0x080054e0       0x31 ./Core/Src/main.o
 *fill*         0x08005511        0x3 
 .rodata        0x08005514       0x1c ./Drivers/STM32WLxx_HAL_Driver/stm32wlxx_hal_rcc.o
 *(.rodata*)
 .rodata.AHBPrescTable
                0x08005530       0x40 ./Common/System/system_stm32wlxx.o
                0x08005530                AHBPrescTable
 .rodata.APBPrescTable
                0x08005570       0x20 ./Common/System/system_stm32wlxx.o
                0x08005570                APBPrescTable
 .rodata.MSIRangeTable
                0x08005590       0x40 ./Common/System/system_stm32wlxx.o
                0x08005590                MSIRangeTable
 .rodata.LED_PIN
                0x080055d0        0x6 ./Drivers/BSP/STM32WLxx_Nucleo/stm32wlxx_nucleo.o
 *fill*         0x080055d6        0x2 
 .rodata.BUTTON_PIN
                0x080055d8        0x6 ./Drivers/BSP/STM32WLxx_Nucleo/stm32wlxx_nucleo.o
 *fill*         0x080055de        0x2 
 .rodata.BUTTON_IRQn
                0x080055e0        0x3 ./Drivers/BSP/STM32WLxx_Nucleo/stm32wlxx_nucleo.o
 *fill*         0x080055e3        0x1 
 .rodata.button_exti_line.2
                0x080055e4        0xc ./Drivers/BSP/STM32WLxx_Nucleo/stm32wlxx_nucleo.o
 .rodata.UARTPrescTable
                0x080055f0       0x18 ./Drivers/STM32WLxx_HAL_Driver/stm32wlxx_hal_uart.o
                0x080055f0                UARTPrescTable
 .rodata.numerator.1
                0x08005608        0x8 ./Drivers/STM32WLxx_HAL_Driver/stm32wlxx_hal_uart_ex.o
 .rodata.denominator.0
                0x08005610        0x8 ./Drivers/STM32WLxx_HAL_Driver/stm32wlxx_hal_uart_ex.o
 .rodata._svfprintf_r.str1.1
                0x08005618       0x11 /opt/stm32cubeide/plugins/com.st.stm32cube.ide.mcu.externaltools.gnu-tools-for-stm32.12.3.rel1.linux64_1.0.200.202406132123/tools/bin/../lib/gcc/arm-none-eabi/12.3.1/../../../../arm-none-eabi/lib/thumb/v7e-m/nofp/libc_nano.a(libc_a-nano-svfprintf.o)
 .rodata._printf_i.str1.1
                0x08005629       0x22 /opt/stm32cubeide/plugins/com.st.stm32cube.ide.mcu.externaltools.gnu-tools-for-stm32.12.3.rel1.linux64_1.0.200.202406132123/tools/bin/../lib/gcc/arm-none-eabi/12.3.1/../../../../arm-none-eabi/lib/thumb/v7e-m/nofp/libc_nano.a(libc_a-nano-vfprintf_i.o)
                0x0800564c                        . = ALIGN (0x4)
 *fill*         0x0800564b        0x1 

.ARM.extab      0x0800564c        0x0
                0x0800564c                        . = ALIGN (0x4)
 *(.ARM.extab* .gnu.linkonce.armextab.*)
                0x0800564c                        . = ALIGN (0x4)

.ARM            0x0800564c        0x8
                0x0800564c                        . = ALIGN (0x4)
                0x0800564c                        __exidx_start = .
 *(.ARM.exidx*)
 .ARM.exidx     0x0800564c        0x8 /opt/stm32cubeide/plugins/com.st.stm32cube.ide.mcu.externaltools.gnu-tools-for-stm32.12.3.rel1.linux64_1.0.200.202406132123/tools/bin/../lib/gcc/arm-none-eabi/12.3.1/../../../../arm-none-eabi/lib/thumb/v7e-m/nofp/libc_nano.a(libc_a-strlen.o)
 .ARM.exidx     0x08005654        0x0 /opt/stm32cubeide/plugins/com.st.stm32cube.ide.mcu.externaltools.gnu-tools-for-stm32.12.3.rel1.linux64_1.0.200.202406132123/tools/bin/../lib/gcc/arm-none-eabi/12.3.1/../../../../arm-none-eabi/lib/thumb/v7e-m/nofp/libc_nano.a(libc_a-memchr.o)
                                  0x8 (size before relaxing)
 .ARM.exidx     0x08005654        0x0 /opt/stm32cubeide/plugins/com.st.stm32cube.ide.mcu.externaltools.gnu-tools-for-stm32.12.3.rel1.linux64_1.0.200.202406132123/tools/bin/../lib/gcc/arm-none-eabi/12.3.1/thumb/v7e-m/nofp/libgcc.a(_udivmoddi4.o)
                                  0x8 (size before relaxing)
                0x08005654                        __exidx_end = .
                0x08005654                        . = ALIGN (0x4)

.preinit_array  0x08005654        0x0
                0x08005654                        . = ALIGN (0x4)
                0x08005654                        PROVIDE (__preinit_array_start = .)
 *(.preinit_array*)
                0x08005654                        PROVIDE (__preinit_array_end = .)
                0x08005654                        . = ALIGN (0x4)

.init_array     0x08005654        0x4
                0x08005654                        . = ALIGN (0x4)
                0x08005654                        PROVIDE (__init_array_start = .)
 *(SORT_BY_NAME(.init_array.*))
 *(.init_array*)
 .init_array    0x08005654        0x4 /opt/stm32cubeide/plugins/com.st.stm32cube.ide.mcu.externaltools.gnu-tools-for-stm32.12.3.rel1.linux64_1.0.200.202406132123/tools/bin/../lib/gcc/arm-none-eabi/12.3.1/thumb/v7e-m/nofp/crtbegin.o
                0x08005658                        PROVIDE (__init_array_end = .)
                0x08005658                        . = ALIGN (0x4)

.fini_array     0x08005658        0x4
                0x08005658                        . = ALIGN (0x4)
                [!provide]                        PROVIDE (__fini_array_start = .)
 *(SORT_BY_NAME(.fini_array.*))
 *(.fini_array*)
 .fini_array    0x08005658        0x4 /opt/stm32cubeide/plugins/com.st.stm32cube.ide.mcu.externaltools.gnu-tools-for-stm32.12.3.rel1.linux64_1.0.200.202406132123/tools/bin/../lib/gcc/arm-none-eabi/12.3.1/thumb/v7e-m/nofp/crtbegin.o
                [!provide]                        PROVIDE (__fini_array_end = .)
                0x0800565c                        . = ALIGN (0x4)
                0x0800565c                        _sidata = LOADADDR (.data)

.rel.dyn        0x0800565c        0x0
 .rel.iplt      0x0800565c        0x0 /opt/stm32cubeide/plugins/com.st.stm32cube.ide.mcu.externaltools.gnu-tools-for-stm32.12.3.rel1.linux64_1.0.200.202406132123/tools/bin/../lib/gcc/arm-none-eabi/12.3.1/thumb/v7e-m/nofp/crtbegin.o

.data           0x20000000       0x8c load address 0x0800565c
                0x20000000                        . = ALIGN (0x4)
                0x20000000                        _sdata = .
 *(.data)
 *(.data*)
 .data.SystemCoreClock
                0x20000000        0x4 ./Common/System/system_stm32wlxx.o
                0x20000000                SystemCoreClock
 .data.LED_PORT
                0x20000004        0xc ./Drivers/BSP/STM32WLxx_Nucleo/stm32wlxx_nucleo.o
 .data.BUTTON_PORT
                0x20000010        0xc ./Drivers/BSP/STM32WLxx_Nucleo/stm32wlxx_nucleo.o
 .data.button_callback.1
                0x2000001c        0xc ./Drivers/BSP/STM32WLxx_Nucleo/stm32wlxx_nucleo.o
 .data.button_interrupt_priority.0
                0x20000028        0xc ./Drivers/BSP/STM32WLxx_Nucleo/stm32wlxx_nucleo.o
 .data.uwTickPrio
                0x20000034        0x4 ./Drivers/STM32WLxx_HAL_Driver/stm32wlxx_hal.o
                0x20000034                uwTickPrio
 .data.uwTickFreq
                0x20000038        0x1 ./Drivers/STM32WLxx_HAL_Driver/stm32wlxx_hal.o
                0x20000038                uwTickFreq
 *fill*         0x20000039        0x3 
 .data._impure_ptr
                0x2000003c        0x4 /opt/stm32cubeide/plugins/com.st.stm32cube.ide.mcu.externaltools.gnu-tools-for-stm32.12.3.rel1.linux64_1.0.200.202406132123/tools/bin/../lib/gcc/arm-none-eabi/12.3.1/../../../../arm-none-eabi/lib/thumb/v7e-m/nofp/libc_nano.a(libc_a-impure.o)
                0x2000003c                _impure_ptr
 .data._impure_data
                0x20000040       0x4c /opt/stm32cubeide/plugins/com.st.stm32cube.ide.mcu.externaltools.gnu-tools-for-stm32.12.3.rel1.linux64_1.0.200.202406132123/tools/bin/../lib/gcc/arm-none-eabi/12.3.1/../../../../arm-none-eabi/lib/thumb/v7e-m/nofp/libc_nano.a(libc_a-impure.o)
                0x20000040                _impure_data
 *(.RamFunc)
 *(.RamFunc*)
                0x2000008c                        . = ALIGN (0x4)
                0x2000008c                        _edata = .

.igot.plt       0x2000008c        0x0 load address 0x080056e8
 .igot.plt      0x2000008c        0x0 /opt/stm32cubeide/plugins/com.st.stm32cube.ide.mcu.externaltools.gnu-tools-for-stm32.12.3.rel1.linux64_1.0.200.202406132123/tools/bin/../lib/gcc/arm-none-eabi/12.3.1/thumb/v7e-m/nofp/crtbegin.o
                0x2000008c                        . = ALIGN (0x4)

.bss            0x2000008c      0x2d0 load address 0x080056e8
                0x2000008c                        _sbss = .
                0x2000008c                        __bss_start__ = _sbss
 *(.bss)
 .bss           0x2000008c       0x1c /opt/stm32cubeide/plugins/com.st.stm32cube.ide.mcu.externaltools.gnu-tools-for-stm32.12.3.rel1.linux64_1.0.200.202406132123/tools/bin/../lib/gcc/arm-none-eabi/12.3.1/thumb/v7e-m/nofp/crtbegin.o
 *(.bss*)
 .bss.hadc      0x200000a8       0x64 ./Core/Src/main.o
                0x200000a8                hadc
 .bss.hi2c2     0x2000010c       0x54 ./Core/Src/main.o
                0x2000010c                hi2c2
 .bss.huart2    0x20000160       0x94 ./Core/Src/main.o
                0x20000160                huart2
 .bss.__sbrk_heap_end
                0x200001f4        0x4 ./Core/Src/sysmem.o
 .bss.hpb_exti  0x200001f8       0x18 ./Drivers/BSP/STM32WLxx_Nucleo/stm32wlxx_nucleo.o
                0x200001f8                hpb_exti
 .bss.uwTick    0x20000210        0x4 ./Drivers/STM32WLxx_HAL_Driver/stm32wlxx_hal.o
                0x20000210                uwTick
 .bss.__sf      0x20000214      0x138 /opt/stm32cubeide/plugins/com.st.stm32cube.ide.mcu.externaltools.gnu-tools-for-stm32.12.3.rel1.linux64_1.0.200.202406132123/tools/bin/../lib/gcc/arm-none-eabi/12.3.1/../../../../arm-none-eabi/lib/thumb/v7e-m/nofp/libc_nano.a(libc_a-findfp.o)
                0x20000214                __sf
 .bss.errno     0x2000034c        0x4 /opt/stm32cubeide/plugins/com.st.stm32cube.ide.mcu.externaltools.gnu-tools-for-stm32.12.3.rel1.linux64_1.0.200.202406132123/tools/bin/../lib/gcc/arm-none-eabi/12.3.1/../../../../arm-none-eabi/lib/thumb/v7e-m/nofp/libc_nano.a(libc_a-reent.o)
                0x2000034c                errno
 .bss.__lock___malloc_recursive_mutex
                0x20000350        0x1 /opt/stm32cubeide/plugins/com.st.stm32cube.ide.mcu.externaltools.gnu-tools-for-stm32.12.3.rel1.linux64_1.0.200.202406132123/tools/bin/../lib/gcc/arm-none-eabi/12.3.1/../../../../arm-none-eabi/lib/thumb/v7e-m/nofp/libc_nano.a(libc_a-lock.o)
                0x20000350                __lock___malloc_recursive_mutex
 *fill*         0x20000351        0x3 
 .bss.__malloc_sbrk_start
                0x20000354        0x4 /opt/stm32cubeide/plugins/com.st.stm32cube.ide.mcu.externaltools.gnu-tools-for-stm32.12.3.rel1.linux64_1.0.200.202406132123/tools/bin/../lib/gcc/arm-none-eabi/12.3.1/../../../../arm-none-eabi/lib/thumb/v7e-m/nofp/libc_nano.a(libc_a-mallocr.o)
                0x20000354                __malloc_sbrk_start
 .bss.__malloc_free_list
                0x20000358        0x4 /opt/stm32cubeide/plugins/com.st.stm32cube.ide.mcu.externaltools.gnu-tools-for-stm32.12.3.rel1.linux64_1.0.200.202406132123/tools/bin/../lib/gcc/arm-none-eabi/12.3.1/../../../../arm-none-eabi/lib/thumb/v7e-m/nofp/libc_nano.a(libc_a-mallocr.o)
                0x20000358                __malloc_free_list
 *(COMMON)
                0x2000035c                        . = ALIGN (0x4)
                0x2000035c                        _ebss = .
                0x2000035c                        __bss_end__ = _ebss

._user_heap_stack
                0x2000035c      0x604 load address 0x080056e8
                0x20000360                        . = ALIGN (0x8)
 *fill*         0x2000035c        0x4 
                [!provide]                        PROVIDE (end = .)
                0x20000360                        PROVIDE (_end = .)
                0x20000560                        . = (. + _Min_Heap_Size)
 *fill*         0x20000360      0x200 
                0x20000960                        . = (. + _Min_Stack_Size)
 *fill*         0x20000560      0x400 
                0x20000960                        . = ALIGN (0x8)

/DISCARD/
 libc.a(*)
 libm.a(*)
 libgcc.a(*)

.ARM.attributes
                0x00000000       0x2a
 *(.ARM.attributes)
 .ARM.attributes
                0x00000000       0x1e /opt/stm32cubeide/plugins/com.st.stm32cube.ide.mcu.externaltools.gnu-tools-for-stm32.12.3.rel1.linux64_1.0.200.202406132123/tools/bin/../lib/gcc/arm-none-eabi/12.3.1/thumb/v7e-m/nofp/crti.o
 .ARM.attributes
                0x0000001e       0x2e /opt/stm32cubeide/plugins/com.st.stm32cube.ide.mcu.externaltools.gnu-tools-for-stm32.12.3.rel1.linux64_1.0.200.202406132123/tools/bin/../lib/gcc/arm-none-eabi/12.3.1/thumb/v7e-m/nofp/crtbegin.o
 .ARM.attributes
                0x0000004c       0x2e ./Common/System/system_stm32wlxx.o
 .ARM.attributes
                0x0000007a       0x2e ./Core/Src/main.o
 .ARM.attributes
                0x000000a8       0x2e ./Core/Src/stm32wlxx_hal_msp.o
 .ARM.attributes
                0x000000d6       0x2e ./Core/Src/stm32wlxx_it.o
 .ARM.attributes
                0x00000104       0x2e ./Core/Src/sysmem.o
 .ARM.attributes
                0x00000132       0x21 ./Core/Startup/startup_stm32wl55jcix.o
 .ARM.attributes
                0x00000153       0x2e ./Drivers/BSP/STM32WLxx_Nucleo/stm32wlxx_nucleo.o
 .ARM.attributes
                0x00000181       0x2e ./Drivers/STM32WLxx_HAL_Driver/stm32wlxx_hal.o
 .ARM.attributes
                0x000001af       0x2e ./Drivers/STM32WLxx_HAL_Driver/stm32wlxx_hal_adc.o
 .ARM.attributes
                0x000001dd       0x2e ./Drivers/STM32WLxx_HAL_Driver/stm32wlxx_hal_cortex.o
 .ARM.attributes
                0x0000020b       0x2e ./Drivers/STM32WLxx_HAL_Driver/stm32wlxx_hal_dma.o
 .ARM.attributes
                0x00000239       0x2e ./Drivers/STM32WLxx_HAL_Driver/stm32wlxx_hal_exti.o
 .ARM.attributes
                0x00000267       0x2e ./Drivers/STM32WLxx_HAL_Driver/stm32wlxx_hal_gpio.o
 .ARM.attributes
                0x00000295       0x2e ./Drivers/STM32WLxx_HAL_Driver/stm32wlxx_hal_i2c.o
 .ARM.attributes
                0x000002c3       0x2e ./Drivers/STM32WLxx_HAL_Driver/stm32wlxx_hal_i2c_ex.o
 .ARM.attributes
                0x000002f1       0x2e ./Drivers/STM32WLxx_HAL_Driver/stm32wlxx_hal_pwr.o
 .ARM.attributes
                0x0000031f       0x2e ./Drivers/STM32WLxx_HAL_Driver/stm32wlxx_hal_pwr_ex.o
 .ARM.attributes
                0x0000034d       0x2e ./Drivers/STM32WLxx_HAL_Driver/stm32wlxx_hal_rcc.o
 .ARM.attributes
                0x0000037b       0x2e ./Drivers/STM32WLxx_HAL_Driver/stm32wlxx_hal_rcc_ex.o
 .ARM.attributes
                0x000003a9       0x2e ./Drivers/STM32WLxx_HAL_Driver/stm32wlxx_hal_uart.o
 .ARM.attributes
                0x000003d7       0x2e ./Drivers/STM32WLxx_HAL_Driver/stm32wlxx_hal_uart_ex.o
 .ARM.attributes
                0x00000405       0x2e /opt/stm32cubeide/plugins/com.st.stm32cube.ide.mcu.externaltools.gnu-tools-for-stm32.12.3.rel1.linux64_1.0.200.202406132123/tools/bin/../lib/gcc/arm-none-eabi/12.3.1/../../../../arm-none-eabi/lib/thumb/v7e-m/nofp/libc_nano.a(libc_a-findfp.o)
 .ARM.attributes
                0x00000433       0x2e /opt/stm32cubeide/plugins/com.st.stm32cube.ide.mcu.externaltools.gnu-tools-for-stm32.12.3.rel1.linux64_1.0.200.202406132123/tools/bin/../lib/gcc/arm-none-eabi/12.3.1/../../../../arm-none-eabi/lib/thumb/v7e-m/nofp/libc_nano.a(libc_a-sprintf.o)
 .ARM.attributes
                0x00000461       0x2e /opt/stm32cubeide/plugins/com.st.stm32cube.ide.mcu.externaltools.gnu-tools-for-stm32.12.3.rel1.linux64_1.0.200.202406132123/tools/bin/../lib/gcc/arm-none-eabi/12.3.1/../../../../arm-none-eabi/lib/thumb/v7e-m/nofp/libc_nano.a(libc_a-memset.o)
 .ARM.attributes
                0x0000048f       0x2e /opt/stm32cubeide/plugins/com.st.stm32cube.ide.mcu.externaltools.gnu-tools-for-stm32.12.3.rel1.linux64_1.0.200.202406132123/tools/bin/../lib/gcc/arm-none-eabi/12.3.1/../../../../arm-none-eabi/lib/thumb/v7e-m/nofp/libc_nano.a(libc_a-reent.o)
 .ARM.attributes
                0x000004bd       0x2e /opt/stm32cubeide/plugins/com.st.stm32cube.ide.mcu.externaltools.gnu-tools-for-stm32.12.3.rel1.linux64_1.0.200.202406132123/tools/bin/../lib/gcc/arm-none-eabi/12.3.1/../../../../arm-none-eabi/lib/thumb/v7e-m/nofp/libc_nano.a(libc_a-impure.o)
 .ARM.attributes
                0x000004eb       0x2e /opt/stm32cubeide/plugins/com.st.stm32cube.ide.mcu.externaltools.gnu-tools-for-stm32.12.3.rel1.linux64_1.0.200.202406132123/tools/bin/../lib/gcc/arm-none-eabi/12.3.1/../../../../arm-none-eabi/lib/thumb/v7e-m/nofp/libc_nano.a(libc_a-errno.o)
 .ARM.attributes
                0x00000519       0x2e /opt/stm32cubeide/plugins/com.st.stm32cube.ide.mcu.externaltools.gnu-tools-for-stm32.12.3.rel1.linux64_1.0.200.202406132123/tools/bin/../lib/gcc/arm-none-eabi/12.3.1/../../../../arm-none-eabi/lib/thumb/v7e-m/nofp/libc_nano.a(libc_a-init.o)
 .ARM.attributes
                0x00000547       0x2e /opt/stm32cubeide/plugins/com.st.stm32cube.ide.mcu.externaltools.gnu-tools-for-stm32.12.3.rel1.linux64_1.0.200.202406132123/tools/bin/../lib/gcc/arm-none-eabi/12.3.1/../../../../arm-none-eabi/lib/thumb/v7e-m/nofp/libc_nano.a(libc_a-lock.o)
 .ARM.attributes
                0x00000575       0x17 /opt/stm32cubeide/plugins/com.st.stm32cube.ide.mcu.externaltools.gnu-tools-for-stm32.12.3.rel1.linux64_1.0.200.202406132123/tools/bin/../lib/gcc/arm-none-eabi/12.3.1/../../../../arm-none-eabi/lib/thumb/v7e-m/nofp/libc_nano.a(libc_a-strlen.o)
 .ARM.attributes
                0x0000058c       0x2e /opt/stm32cubeide/plugins/com.st.stm32cube.ide.mcu.externaltools.gnu-tools-for-stm32.12.3.rel1.linux64_1.0.200.202406132123/tools/bin/../lib/gcc/arm-none-eabi/12.3.1/../../../../arm-none-eabi/lib/thumb/v7e-m/nofp/libc_nano.a(libc_a-freer.o)
 .ARM.attributes
                0x000005ba       0x2e /opt/stm32cubeide/plugins/com.st.stm32cube.ide.mcu.externaltools.gnu-tools-for-stm32.12.3.rel1.linux64_1.0.200.202406132123/tools/bin/../lib/gcc/arm-none-eabi/12.3.1/../../../../arm-none-eabi/lib/thumb/v7e-m/nofp/libc_nano.a(libc_a-mallocr.o)
 .ARM.attributes
                0x000005e8       0x2e /opt/stm32cubeide/plugins/com.st.stm32cube.ide.mcu.externaltools.gnu-tools-for-stm32.12.3.rel1.linux64_1.0.200.202406132123/tools/bin/../lib/gcc/arm-none-eabi/12.3.1/../../../../arm-none-eabi/lib/thumb/v7e-m/nofp/libc_nano.a(libc_a-mlock.o)
 .ARM.attributes
                0x00000616       0x2e /opt/stm32cubeide/plugins/com.st.stm32cube.ide.mcu.externaltools.gnu-tools-for-stm32.12.3.rel1.linux64_1.0.200.202406132123/tools/bin/../lib/gcc/arm-none-eabi/12.3.1/../../../../arm-none-eabi/lib/thumb/v7e-m/nofp/libc_nano.a(libc_a-nano-svfprintf.o)
 .ARM.attributes
                0x00000644       0x2e /opt/stm32cubeide/plugins/com.st.stm32cube.ide.mcu.externaltools.gnu-tools-for-stm32.12.3.rel1.linux64_1.0.200.202406132123/tools/bin/../lib/gcc/arm-none-eabi/12.3.1/../../../../arm-none-eabi/lib/thumb/v7e-m/nofp/libc_nano.a(libc_a-nano-vfprintf_i.o)
 .ARM.attributes
                0x00000672       0x2e /opt/stm32cubeide/plugins/com.st.stm32cube.ide.mcu.externaltools.gnu-tools-for-stm32.12.3.rel1.linux64_1.0.200.202406132123/tools/bin/../lib/gcc/arm-none-eabi/12.3.1/../../../../arm-none-eabi/lib/thumb/v7e-m/nofp/libc_nano.a(libc_a-memmove.o)
 .ARM.attributes
                0x000006a0       0x2e /opt/stm32cubeide/plugins/com.st.stm32cube.ide.mcu.externaltools.gnu-tools-for-stm32.12.3.rel1.linux64_1.0.200.202406132123/tools/bin/../lib/gcc/arm-none-eabi/12.3.1/../../../../arm-none-eabi/lib/thumb/v7e-m/nofp/libc_nano.a(libc_a-sbrkr.o)
 .ARM.attributes
                0x000006ce       0x1c /opt/stm32cubeide/plugins/com.st.stm32cube.ide.mcu.externaltools.gnu-tools-for-stm32.12.3.rel1.linux64_1.0.200.202406132123/tools/bin/../lib/gcc/arm-none-eabi/12.3.1/../../../../arm-none-eabi/lib/thumb/v7e-m/nofp/libc_nano.a(libc_a-memchr.o)
 .ARM.attributes
                0x000006ea       0x2e /opt/stm32cubeide/plugins/com.st.stm32cube.ide.mcu.externaltools.gnu-tools-for-stm32.12.3.rel1.linux64_1.0.200.202406132123/tools/bin/../lib/gcc/arm-none-eabi/12.3.1/../../../../arm-none-eabi/lib/thumb/v7e-m/nofp/libc_nano.a(libc_a-memcpy-stub.o)
 .ARM.attributes
                0x00000718       0x2e /opt/stm32cubeide/plugins/com.st.stm32cube.ide.mcu.externaltools.gnu-tools-for-stm32.12.3.rel1.linux64_1.0.200.202406132123/tools/bin/../lib/gcc/arm-none-eabi/12.3.1/../../../../arm-none-eabi/lib/thumb/v7e-m/nofp/libc_nano.a(libc_a-reallocr.o)
 .ARM.attributes
                0x00000746       0x2e /opt/stm32cubeide/plugins/com.st.stm32cube.ide.mcu.externaltools.gnu-tools-for-stm32.12.3.rel1.linux64_1.0.200.202406132123/tools/bin/../lib/gcc/arm-none-eabi/12.3.1/../../../../arm-none-eabi/lib/thumb/v7e-m/nofp/libc_nano.a(libc_a-msizer.o)
 .ARM.attributes
                0x00000774       0x1e /opt/stm32cubeide/plugins/com.st.stm32cube.ide.mcu.externaltools.gnu-tools-for-stm32.12.3.rel1.linux64_1.0.200.202406132123/tools/bin/../lib/gcc/arm-none-eabi/12.3.1/thumb/v7e-m/nofp/libgcc.a(_aeabi_uldivmod.o)
 .ARM.attributes
                0x00000792       0x2e /opt/stm32cubeide/plugins/com.st.stm32cube.ide.mcu.externaltools.gnu-tools-for-stm32.12.3.rel1.linux64_1.0.200.202406132123/tools/bin/../lib/gcc/arm-none-eabi/12.3.1/thumb/v7e-m/nofp/libgcc.a(_udivmoddi4.o)
 .ARM.attributes
                0x000007c0       0x1e /opt/stm32cubeide/plugins/com.st.stm32cube.ide.mcu.externaltools.gnu-tools-for-stm32.12.3.rel1.linux64_1.0.200.202406132123/tools/bin/../lib/gcc/arm-none-eabi/12.3.1/thumb/v7e-m/nofp/libgcc.a(_dvmd_tls.o)
 .ARM.attributes
                0x000007de       0x1e /opt/stm32cubeide/plugins/com.st.stm32cube.ide.mcu.externaltools.gnu-tools-for-stm32.12.3.rel1.linux64_1.0.200.202406132123/tools/bin/../lib/gcc/arm-none-eabi/12.3.1/thumb/v7e-m/nofp/crtn.o
OUTPUT(nucleo-wl55jc17-sensor-testing_CM4.elf elf32-littlearm)
LOAD linker stubs
LOAD /opt/stm32cubeide/plugins/com.st.stm32cube.ide.mcu.externaltools.gnu-tools-for-stm32.12.3.rel1.linux64_1.0.200.202406132123/tools/bin/../lib/gcc/arm-none-eabi/12.3.1/../../../../arm-none-eabi/lib/thumb/v7e-m/nofp/libc.a
LOAD /opt/stm32cubeide/plugins/com.st.stm32cube.ide.mcu.externaltools.gnu-tools-for-stm32.12.3.rel1.linux64_1.0.200.202406132123/tools/bin/../lib/gcc/arm-none-eabi/12.3.1/../../../../arm-none-eabi/lib/thumb/v7e-m/nofp/libm.a
LOAD /opt/stm32cubeide/plugins/com.st.stm32cube.ide.mcu.externaltools.gnu-tools-for-stm32.12.3.rel1.linux64_1.0.200.202406132123/tools/bin/../lib/gcc/arm-none-eabi/12.3.1/thumb/v7e-m/nofp/libgcc.a

.debug_info     0x00000000    0x15a97
 .debug_info    0x00000000      0x515 ./Common/System/system_stm32wlxx.o
 .debug_info    0x00000515     0x1a44 ./Core/Src/main.o
 .debug_info    0x00001f59     0x17b9 ./Core/Src/stm32wlxx_hal_msp.o
 .debug_info    0x00003712      0x8e2 ./Core/Src/stm32wlxx_it.o
 .debug_info    0x00003ff4      0x168 ./Core/Src/sysmem.o
 .debug_info    0x0000415c       0x30 ./Core/Startup/startup_stm32wl55jcix.o
 .debug_info    0x0000418c      0xd0d ./Drivers/BSP/STM32WLxx_Nucleo/stm32wlxx_nucleo.o
 .debug_info    0x00004e99     0x1165 ./Drivers/STM32WLxx_HAL_Driver/stm32wlxx_hal.o
 .debug_info    0x00005ffe     0x16af ./Drivers/STM32WLxx_HAL_Driver/stm32wlxx_hal_adc.o
 .debug_info    0x000076ad      0xced ./Drivers/STM32WLxx_HAL_Driver/stm32wlxx_hal_cortex.o
 .debug_info    0x0000839a      0x91a ./Drivers/STM32WLxx_HAL_Driver/stm32wlxx_hal_dma.o
 .debug_info    0x00008cb4      0x7b2 ./Drivers/STM32WLxx_HAL_Driver/stm32wlxx_hal_exti.o
 .debug_info    0x00009466      0x708 ./Drivers/STM32WLxx_HAL_Driver/stm32wlxx_hal_gpio.o
 .debug_info    0x00009b6e     0x218f ./Drivers/STM32WLxx_HAL_Driver/stm32wlxx_hal_i2c.o
 .debug_info    0x0000bcfd      0x93e ./Drivers/STM32WLxx_HAL_Driver/stm32wlxx_hal_i2c_ex.o
 .debug_info    0x0000c63b      0x8e8 ./Drivers/STM32WLxx_HAL_Driver/stm32wlxx_hal_pwr.o
 .debug_info    0x0000cf23      0xde7 ./Drivers/STM32WLxx_HAL_Driver/stm32wlxx_hal_pwr_ex.o
 .debug_info    0x0000dd0a     0x13ef ./Drivers/STM32WLxx_HAL_Driver/stm32wlxx_hal_rcc.o
 .debug_info    0x0000f0f9      0xf21 ./Drivers/STM32WLxx_HAL_Driver/stm32wlxx_hal_rcc_ex.o
 .debug_info    0x0001001a     0x4a83 ./Drivers/STM32WLxx_HAL_Driver/stm32wlxx_hal_uart.o
 .debug_info    0x00014a9d      0xffa ./Drivers/STM32WLxx_HAL_Driver/stm32wlxx_hal_uart_ex.o

.debug_abbrev   0x00000000     0x3028
 .debug_abbrev  0x00000000      0x13e ./Common/System/system_stm32wlxx.o
 .debug_abbrev  0x0000013e      0x315 ./Core/Src/main.o
 .debug_abbrev  0x00000453      0x25e ./Core/Src/stm32wlxx_hal_msp.o
 .debug_abbrev  0x000006b1      0x193 ./Core/Src/stm32wlxx_it.o
 .debug_abbrev  0x00000844       0xbc ./Core/Src/sysmem.o
 .debug_abbrev  0x00000900       0x24 ./Core/Startup/startup_stm32wl55jcix.o
 .debug_abbrev  0x00000924      0x28c ./Drivers/BSP/STM32WLxx_Nucleo/stm32wlxx_nucleo.o
 .debug_abbrev  0x00000bb0      0x344 ./Drivers/STM32WLxx_HAL_Driver/stm32wlxx_hal.o
 .debug_abbrev  0x00000ef4      0x2f5 ./Drivers/STM32WLxx_HAL_Driver/stm32wlxx_hal_adc.o
 .debug_abbrev  0x000011e9      0x2e8 ./Drivers/STM32WLxx_HAL_Driver/stm32wlxx_hal_cortex.o
 .debug_abbrev  0x000014d1      0x22a ./Drivers/STM32WLxx_HAL_Driver/stm32wlxx_hal_dma.o
 .debug_abbrev  0x000016fb      0x1cd ./Drivers/STM32WLxx_HAL_Driver/stm32wlxx_hal_exti.o
 .debug_abbrev  0x000018c8      0x1e9 ./Drivers/STM32WLxx_HAL_Driver/stm32wlxx_hal_gpio.o
 .debug_abbrev  0x00001ab1      0x282 ./Drivers/STM32WLxx_HAL_Driver/stm32wlxx_hal_i2c.o
 .debug_abbrev  0x00001d33      0x1ce ./Drivers/STM32WLxx_HAL_Driver/stm32wlxx_hal_i2c_ex.o
 .debug_abbrev  0x00001f01      0x209 ./Drivers/STM32WLxx_HAL_Driver/stm32wlxx_hal_pwr.o
 .debug_abbrev  0x0000210a      0x302 ./Drivers/STM32WLxx_HAL_Driver/stm32wlxx_hal_pwr_ex.o
 .debug_abbrev  0x0000240c      0x32d ./Drivers/STM32WLxx_HAL_Driver/stm32wlxx_hal_rcc.o
 .debug_abbrev  0x00002739      0x2cb ./Drivers/STM32WLxx_HAL_Driver/stm32wlxx_hal_rcc_ex.o
 .debug_abbrev  0x00002a04      0x352 ./Drivers/STM32WLxx_HAL_Driver/stm32wlxx_hal_uart.o
 .debug_abbrev  0x00002d56      0x2d2 ./Drivers/STM32WLxx_HAL_Driver/stm32wlxx_hal_uart_ex.o

.debug_aranges  0x00000000     0x15f0
 .debug_aranges
                0x00000000       0x28 ./Common/System/system_stm32wlxx.o
 .debug_aranges
                0x00000028       0x80 ./Core/Src/main.o
 .debug_aranges
                0x000000a8       0x78 ./Core/Src/stm32wlxx_hal_msp.o
 .debug_aranges
                0x00000120       0x80 ./Core/Src/stm32wlxx_it.o
 .debug_aranges
                0x000001a0       0x20 ./Core/Src/sysmem.o
 .debug_aranges
                0x000001c0       0x28 ./Core/Startup/startup_stm32wl55jcix.o
 .debug_aranges
                0x000001e8       0x98 ./Drivers/BSP/STM32WLxx_Nucleo/stm32wlxx_nucleo.o
 .debug_aranges
                0x00000280      0x240 ./Drivers/STM32WLxx_HAL_Driver/stm32wlxx_hal.o
 .debug_aranges
                0x000004c0      0x1f0 ./Drivers/STM32WLxx_HAL_Driver/stm32wlxx_hal_adc.o
 .debug_aranges
                0x000006b0      0x118 ./Drivers/STM32WLxx_HAL_Driver/stm32wlxx_hal_cortex.o
 .debug_aranges
                0x000007c8       0xa0 ./Drivers/STM32WLxx_HAL_Driver/stm32wlxx_hal_dma.o
 .debug_aranges
                0x00000868       0x60 ./Drivers/STM32WLxx_HAL_Driver/stm32wlxx_hal_exti.o
 .debug_aranges
                0x000008c8       0x60 ./Drivers/STM32WLxx_HAL_Driver/stm32wlxx_hal_gpio.o
 .debug_aranges
                0x00000928      0x2a0 ./Drivers/STM32WLxx_HAL_Driver/stm32wlxx_hal_i2c.o
 .debug_aranges
                0x00000bc8       0x48 ./Drivers/STM32WLxx_HAL_Driver/stm32wlxx_hal_i2c_ex.o
 .debug_aranges
                0x00000c10       0xc8 ./Drivers/STM32WLxx_HAL_Driver/stm32wlxx_hal_pwr.o
 .debug_aranges
                0x00000cd8      0x200 ./Drivers/STM32WLxx_HAL_Driver/stm32wlxx_hal_pwr_ex.o
 .debug_aranges
                0x00000ed8      0x230 ./Drivers/STM32WLxx_HAL_Driver/stm32wlxx_hal_rcc.o
 .debug_aranges
                0x00001108      0x1e8 ./Drivers/STM32WLxx_HAL_Driver/stm32wlxx_hal_rcc_ex.o
 .debug_aranges
                0x000012f0      0x258 ./Drivers/STM32WLxx_HAL_Driver/stm32wlxx_hal_uart.o
 .debug_aranges
                0x00001548       0xa8 ./Drivers/STM32WLxx_HAL_Driver/stm32wlxx_hal_uart_ex.o

.debug_rnglists
                0x00000000     0x10cd
 .debug_rnglists
                0x00000000       0x1a ./Common/System/system_stm32wlxx.o
 .debug_rnglists
                0x0000001a       0x60 ./Core/Src/main.o
 .debug_rnglists
                0x0000007a       0x58 ./Core/Src/stm32wlxx_hal_msp.o
 .debug_rnglists
                0x000000d2       0x5b ./Core/Src/stm32wlxx_it.o
 .debug_rnglists
                0x0000012d       0x13 ./Core/Src/sysmem.o
 .debug_rnglists
                0x00000140       0x19 ./Core/Startup/startup_stm32wl55jcix.o
 .debug_rnglists
                0x00000159       0x6e ./Drivers/BSP/STM32WLxx_Nucleo/stm32wlxx_nucleo.o
 .debug_rnglists
                0x000001c7      0x1ab ./Drivers/STM32WLxx_HAL_Driver/stm32wlxx_hal.o
 .debug_rnglists
                0x00000372      0x17e ./Drivers/STM32WLxx_HAL_Driver/stm32wlxx_hal_adc.o
 .debug_rnglists
                0x000004f0       0xce ./Drivers/STM32WLxx_HAL_Driver/stm32wlxx_hal_cortex.o
 .debug_rnglists
                0x000005be       0x7e ./Drivers/STM32WLxx_HAL_Driver/stm32wlxx_hal_dma.o
 .debug_rnglists
                0x0000063c       0x46 ./Drivers/STM32WLxx_HAL_Driver/stm32wlxx_hal_exti.o
 .debug_rnglists
                0x00000682       0x45 ./Drivers/STM32WLxx_HAL_Driver/stm32wlxx_hal_gpio.o
 .debug_rnglists
                0x000006c7      0x227 ./Drivers/STM32WLxx_HAL_Driver/stm32wlxx_hal_i2c.o
 .debug_rnglists
                0x000008ee       0x35 ./Drivers/STM32WLxx_HAL_Driver/stm32wlxx_hal_i2c_ex.o
 .debug_rnglists
                0x00000923       0x91 ./Drivers/STM32WLxx_HAL_Driver/stm32wlxx_hal_pwr.o
 .debug_rnglists
                0x000009b4      0x180 ./Drivers/STM32WLxx_HAL_Driver/stm32wlxx_hal_pwr_ex.o
 .debug_rnglists
                0x00000b34      0x1a6 ./Drivers/STM32WLxx_HAL_Driver/stm32wlxx_hal_rcc.o
 .debug_rnglists
                0x00000cda      0x16e ./Drivers/STM32WLxx_HAL_Driver/stm32wlxx_hal_rcc_ex.o
 .debug_rnglists
                0x00000e48      0x206 ./Drivers/STM32WLxx_HAL_Driver/stm32wlxx_hal_uart.o
 .debug_rnglists
                0x0000104e       0x7f ./Drivers/STM32WLxx_HAL_Driver/stm32wlxx_hal_uart_ex.o

.debug_macro    0x00000000    0x1e838
 .debug_macro   0x00000000      0x241 ./Common/System/system_stm32wlxx.o
 .debug_macro   0x00000241      0xab4 ./Common/System/system_stm32wlxx.o
 .debug_macro   0x00000cf5       0x2e ./Common/System/system_stm32wlxx.o
 .debug_macro   0x00000d23       0x3a ./Common/System/system_stm32wlxx.o
 .debug_macro   0x00000d5d       0x22 ./Common/System/system_stm32wlxx.o
 .debug_macro   0x00000d7f       0x8e ./Common/System/system_stm32wlxx.o
 .debug_macro   0x00000e0d       0x51 ./Common/System/system_stm32wlxx.o
 .debug_macro   0x00000e5e      0x103 ./Common/System/system_stm32wlxx.o
 .debug_macro   0x00000f61       0x6a ./Common/System/system_stm32wlxx.o
 .debug_macro   0x00000fcb      0x1df ./Common/System/system_stm32wlxx.o
 .debug_macro   0x000011aa       0x1c ./Common/System/system_stm32wlxx.o
 .debug_macro   0x000011c6       0x22 ./Common/System/system_stm32wlxx.o
 .debug_macro   0x000011e8       0xfb ./Common/System/system_stm32wlxx.o
 .debug_macro   0x000012e3     0x1011 ./Common/System/system_stm32wlxx.o
 .debug_macro   0x000022f4      0x11f ./Common/System/system_stm32wlxx.o
 .debug_macro   0x00002413     0xf31a ./Common/System/system_stm32wlxx.o
 .debug_macro   0x0001172d       0x6d ./Common/System/system_stm32wlxx.o
 .debug_macro   0x0001179a      0x12a ./Common/System/system_stm32wlxx.o
 .debug_macro   0x000118c4     0x341d ./Common/System/system_stm32wlxx.o
 .debug_macro   0x00014ce1      0x189 ./Common/System/system_stm32wlxx.o
 .debug_macro   0x00014e6a       0x5c ./Common/System/system_stm32wlxx.o
 .debug_macro   0x00014ec6      0x416 ./Common/System/system_stm32wlxx.o
 .debug_macro   0x000152dc      0x29c ./Common/System/system_stm32wlxx.o
 .debug_macro   0x00015578      0x35a ./Common/System/system_stm32wlxx.o
 .debug_macro   0x000158d2      0x196 ./Common/System/system_stm32wlxx.o
 .debug_macro   0x00015a68       0x4a ./Common/System/system_stm32wlxx.o
 .debug_macro   0x00015ab2      0x89a ./Common/System/system_stm32wlxx.o
 .debug_macro   0x0001634c      0x5bb ./Common/System/system_stm32wlxx.o
 .debug_macro   0x00016907       0x2e ./Common/System/system_stm32wlxx.o
 .debug_macro   0x00016935      0x236 ./Common/System/system_stm32wlxx.o
 .debug_macro   0x00016b6b      0x229 ./Common/System/system_stm32wlxx.o
 .debug_macro   0x00016d94      0x3fa ./Common/System/system_stm32wlxx.o
 .debug_macro   0x0001718e       0x2e ./Common/System/system_stm32wlxx.o
 .debug_macro   0x000171bc      0x107 ./Common/System/system_stm32wlxx.o
 .debug_macro   0x000172c3      0x1ba ./Common/System/system_stm32wlxx.o
 .debug_macro   0x0001747d       0xe6 ./Common/System/system_stm32wlxx.o
 .debug_macro   0x00017563      0x22c ./Common/System/system_stm32wlxx.o
 .debug_macro   0x0001778f       0x55 ./Common/System/system_stm32wlxx.o
 .debug_macro   0x000177e4       0xa5 ./Common/System/system_stm32wlxx.o
 .debug_macro   0x00017889      0x283 ./Common/System/system_stm32wlxx.o
 .debug_macro   0x00017b0c      0x133 ./Common/System/system_stm32wlxx.o
 .debug_macro   0x00017c3f      0x36f ./Common/System/system_stm32wlxx.o
 .debug_macro   0x00017fae      0x683 ./Common/System/system_stm32wlxx.o
 .debug_macro   0x00018631      0x20e ./Common/System/system_stm32wlxx.o
 .debug_macro   0x0001883f      0xfb4 ./Common/System/system_stm32wlxx.o
 .debug_macro   0x000197f3      0x136 ./Common/System/system_stm32wlxx.o
 .debug_macro   0x00019929      0x2db ./Common/System/system_stm32wlxx.o
 .debug_macro   0x00019c04      0x693 ./Common/System/system_stm32wlxx.o
 .debug_macro   0x0001a297       0xa6 ./Common/System/system_stm32wlxx.o
 .debug_macro   0x0001a33d      0x45a ./Common/System/system_stm32wlxx.o
 .debug_macro   0x0001a797      0x3c0 ./Common/System/system_stm32wlxx.o
 .debug_macro   0x0001ab57      0x386 ./Core/Src/main.o
 .debug_macro   0x0001aedd       0x52 ./Core/Src/main.o
 .debug_macro   0x0001af2f       0x22 ./Core/Src/main.o
 .debug_macro   0x0001af51      0x138 ./Core/Src/main.o
 .debug_macro   0x0001b089       0x1c ./Core/Src/main.o
 .debug_macro   0x0001b0a5       0x61 ./Core/Src/main.o
 .debug_macro   0x0001b106       0x24 ./Core/Src/main.o
 .debug_macro   0x0001b12a       0x43 ./Core/Src/main.o
 .debug_macro   0x0001b16d       0x34 ./Core/Src/main.o
 .debug_macro   0x0001b1a1       0x16 ./Core/Src/main.o
 .debug_macro   0x0001b1b7       0x43 ./Core/Src/main.o
 .debug_macro   0x0001b1fa       0x34 ./Core/Src/main.o
 .debug_macro   0x0001b22e       0x10 ./Core/Src/main.o
 .debug_macro   0x0001b23e       0x58 ./Core/Src/main.o
 .debug_macro   0x0001b296       0x8e ./Core/Src/main.o
 .debug_macro   0x0001b324       0x1c ./Core/Src/main.o
 .debug_macro   0x0001b340      0x177 ./Core/Src/main.o
 .debug_macro   0x0001b4b7      0x369 ./Core/Src/main.o
 .debug_macro   0x0001b820       0x10 ./Core/Src/main.o
 .debug_macro   0x0001b830       0x35 ./Core/Src/main.o
 .debug_macro   0x0001b865       0x20 ./Core/Src/main.o
 .debug_macro   0x0001b885       0x1c ./Core/Src/main.o
 .debug_macro   0x0001b8a1       0x10 ./Core/Src/main.o
 .debug_macro   0x0001b8b1       0x1c ./Core/Src/main.o
 .debug_macro   0x0001b8cd       0x16 ./Core/Src/main.o
 .debug_macro   0x0001b8e3      0x146 ./Core/Src/main.o
 .debug_macro   0x0001ba29      0x19b ./Core/Src/main.o
 .debug_macro   0x0001bbc4      0x271 ./Core/Src/stm32wlxx_hal_msp.o
 .debug_macro   0x0001be35      0x27b ./Core/Src/stm32wlxx_it.o
 .debug_macro   0x0001c0b0       0xff ./Core/Src/sysmem.o
 .debug_macro   0x0001c1af      0x23c ./Core/Src/sysmem.o
 .debug_macro   0x0001c3eb      0x268 ./Drivers/BSP/STM32WLxx_Nucleo/stm32wlxx_nucleo.o
 .debug_macro   0x0001c653       0x1c ./Drivers/BSP/STM32WLxx_Nucleo/stm32wlxx_nucleo.o
 .debug_macro   0x0001c66f      0x265 ./Drivers/STM32WLxx_HAL_Driver/stm32wlxx_hal.o
 .debug_macro   0x0001c8d4      0x265 ./Drivers/STM32WLxx_HAL_Driver/stm32wlxx_hal_adc.o
 .debug_macro   0x0001cb39      0x241 ./Drivers/STM32WLxx_HAL_Driver/stm32wlxx_hal_cortex.o
 .debug_macro   0x0001cd7a      0x241 ./Drivers/STM32WLxx_HAL_Driver/stm32wlxx_hal_dma.o
 .debug_macro   0x0001cfbb      0x24d ./Drivers/STM32WLxx_HAL_Driver/stm32wlxx_hal_exti.o
 .debug_macro   0x0001d208      0x247 ./Drivers/STM32WLxx_HAL_Driver/stm32wlxx_hal_gpio.o
 .debug_macro   0x0001d44f      0x30d ./Drivers/STM32WLxx_HAL_Driver/stm32wlxx_hal_i2c.o
 .debug_macro   0x0001d75c      0x241 ./Drivers/STM32WLxx_HAL_Driver/stm32wlxx_hal_i2c_ex.o
 .debug_macro   0x0001d99d      0x29b ./Drivers/STM32WLxx_HAL_Driver/stm32wlxx_hal_pwr.o
 .debug_macro   0x0001dc38      0x253 ./Drivers/STM32WLxx_HAL_Driver/stm32wlxx_hal_pwr_ex.o
 .debug_macro   0x0001de8b      0x2a1 ./Drivers/STM32WLxx_HAL_Driver/stm32wlxx_hal_rcc.o
 .debug_macro   0x0001e12c      0x253 ./Drivers/STM32WLxx_HAL_Driver/stm32wlxx_hal_rcc_ex.o
 .debug_macro   0x0001e37f      0x26c ./Drivers/STM32WLxx_HAL_Driver/stm32wlxx_hal_uart.o
 .debug_macro   0x0001e5eb      0x24d ./Drivers/STM32WLxx_HAL_Driver/stm32wlxx_hal_uart_ex.o

.debug_line     0x00000000    0x1601f
 .debug_line    0x00000000      0x83e ./Common/System/system_stm32wlxx.o
 .debug_line    0x0000083e      0xbcb ./Core/Src/main.o
 .debug_line    0x00001409      0x982 ./Core/Src/stm32wlxx_hal_msp.o
 .debug_line    0x00001d8b      0x8ec ./Core/Src/stm32wlxx_it.o
 .debug_line    0x00002677      0x486 ./Core/Src/sysmem.o
 .debug_line    0x00002afd       0x7b ./Core/Startup/startup_stm32wl55jcix.o
 .debug_line    0x00002b78      0xa2e ./Drivers/BSP/STM32WLxx_Nucleo/stm32wlxx_nucleo.o
 .debug_line    0x000035a6      0xf28 ./Drivers/STM32WLxx_HAL_Driver/stm32wlxx_hal.o
 .debug_line    0x000044ce     0x1757 ./Drivers/STM32WLxx_HAL_Driver/stm32wlxx_hal_adc.o
 .debug_line    0x00005c25      0xd37 ./Drivers/STM32WLxx_HAL_Driver/stm32wlxx_hal_cortex.o
 .debug_line    0x0000695c      0xf9e ./Drivers/STM32WLxx_HAL_Driver/stm32wlxx_hal_dma.o
 .debug_line    0x000078fa      0xb1b ./Drivers/STM32WLxx_HAL_Driver/stm32wlxx_hal_exti.o
 .debug_line    0x00008415      0xbcc ./Drivers/STM32WLxx_HAL_Driver/stm32wlxx_hal_gpio.o
 .debug_line    0x00008fe1     0x37ff ./Drivers/STM32WLxx_HAL_Driver/stm32wlxx_hal_i2c.o
 .debug_line    0x0000c7e0      0x9c1 ./Drivers/STM32WLxx_HAL_Driver/stm32wlxx_hal_i2c_ex.o
 .debug_line    0x0000d1a1      0xa1e ./Drivers/STM32WLxx_HAL_Driver/stm32wlxx_hal_pwr.o
 .debug_line    0x0000dbbf      0xed0 ./Drivers/STM32WLxx_HAL_Driver/stm32wlxx_hal_pwr_ex.o
 .debug_line    0x0000ea8f     0x174e ./Drivers/STM32WLxx_HAL_Driver/stm32wlxx_hal_rcc.o
 .debug_line    0x000101dd     0x1410 ./Drivers/STM32WLxx_HAL_Driver/stm32wlxx_hal_rcc_ex.o
 .debug_line    0x000115ed     0x3c38 ./Drivers/STM32WLxx_HAL_Driver/stm32wlxx_hal_uart.o
 .debug_line    0x00015225      0xdfa ./Drivers/STM32WLxx_HAL_Driver/stm32wlxx_hal_uart_ex.o

.debug_str      0x00000000    0xbe7d9
 .debug_str     0x00000000    0xb28e5 ./Common/System/system_stm32wlxx.o
                              0xb319f (size before relaxing)
 .debug_str     0x000b28e5     0x591e ./Core/Src/main.o
                              0xb8b21 (size before relaxing)
 .debug_str     0x000b8203      0x6fb ./Core/Src/stm32wlxx_hal_msp.o
                              0xb4d90 (size before relaxing)
 .debug_str     0x000b88fe      0x136 ./Core/Src/stm32wlxx_it.o
                              0xb408e (size before relaxing)
 .debug_str     0x000b8a34      0x4dc ./Core/Src/sysmem.o
                               0x60b3 (size before relaxing)
 .debug_str     0x000b8f10       0x44 ./Core/Startup/startup_stm32wl55jcix.o
                                 0x9d (size before relaxing)
 .debug_str     0x000b8f54      0x2f2 ./Drivers/BSP/STM32WLxx_Nucleo/stm32wlxx_nucleo.o
                              0xb4457 (size before relaxing)
 .debug_str     0x000b9246      0x924 ./Drivers/STM32WLxx_HAL_Driver/stm32wlxx_hal.o
                              0xb3f82 (size before relaxing)
 .debug_str     0x000b9b6a      0x921 ./Drivers/STM32WLxx_HAL_Driver/stm32wlxx_hal_adc.o
                              0xb3e29 (size before relaxing)
 .debug_str     0x000ba48b      0x3aa ./Drivers/STM32WLxx_HAL_Driver/stm32wlxx_hal_cortex.o
                              0xb3880 (size before relaxing)
 .debug_str     0x000ba835      0x321 ./Drivers/STM32WLxx_HAL_Driver/stm32wlxx_hal_dma.o
                              0xb354f (size before relaxing)
 .debug_str     0x000bab56      0x1e6 ./Drivers/STM32WLxx_HAL_Driver/stm32wlxx_hal_exti.o
                              0xb3218 (size before relaxing)
 .debug_str     0x000bad3c      0x133 ./Drivers/STM32WLxx_HAL_Driver/stm32wlxx_hal_gpio.o
                              0xb31f3 (size before relaxing)
 .debug_str     0x000bae6f      0xecf ./Drivers/STM32WLxx_HAL_Driver/stm32wlxx_hal_i2c.o
                              0xb4425 (size before relaxing)
 .debug_str     0x000bbd3e      0x104 ./Drivers/STM32WLxx_HAL_Driver/stm32wlxx_hal_i2c_ex.o
                              0xb3641 (size before relaxing)
 .debug_str     0x000bbe42      0x57f ./Drivers/STM32WLxx_HAL_Driver/stm32wlxx_hal_pwr.o
                              0xb35f2 (size before relaxing)
 .debug_str     0x000bc3c1      0x6db ./Drivers/STM32WLxx_HAL_Driver/stm32wlxx_hal_pwr_ex.o
                              0xb3952 (size before relaxing)
 .debug_str     0x000bca9c      0xaff ./Drivers/STM32WLxx_HAL_Driver/stm32wlxx_hal_rcc.o
                              0xb3f66 (size before relaxing)
 .debug_str     0x000bd59b      0x5b0 ./Drivers/STM32WLxx_HAL_Driver/stm32wlxx_hal_rcc_ex.o
                              0xb3ac1 (size before relaxing)
 .debug_str     0x000bdb4b      0x9d7 ./Drivers/STM32WLxx_HAL_Driver/stm32wlxx_hal_uart.o
                              0xb41d8 (size before relaxing)
 .debug_str     0x000be522      0x2b7 ./Drivers/STM32WLxx_HAL_Driver/stm32wlxx_hal_uart_ex.o
                              0xb38d1 (size before relaxing)

.comment        0x00000000       0x43
 .comment       0x00000000       0x43 ./Common/System/system_stm32wlxx.o
                                 0x44 (size before relaxing)
 .comment       0x00000043       0x44 ./Core/Src/main.o
 .comment       0x00000043       0x44 ./Core/Src/stm32wlxx_hal_msp.o
 .comment       0x00000043       0x44 ./Core/Src/stm32wlxx_it.o
 .comment       0x00000043       0x44 ./Core/Src/sysmem.o
 .comment       0x00000043       0x44 ./Drivers/BSP/STM32WLxx_Nucleo/stm32wlxx_nucleo.o
 .comment       0x00000043       0x44 ./Drivers/STM32WLxx_HAL_Driver/stm32wlxx_hal.o
 .comment       0x00000043       0x44 ./Drivers/STM32WLxx_HAL_Driver/stm32wlxx_hal_adc.o
 .comment       0x00000043       0x44 ./Drivers/STM32WLxx_HAL_Driver/stm32wlxx_hal_cortex.o
 .comment       0x00000043       0x44 ./Drivers/STM32WLxx_HAL_Driver/stm32wlxx_hal_dma.o
 .comment       0x00000043       0x44 ./Drivers/STM32WLxx_HAL_Driver/stm32wlxx_hal_exti.o
 .comment       0x00000043       0x44 ./Drivers/STM32WLxx_HAL_Driver/stm32wlxx_hal_gpio.o
 .comment       0x00000043       0x44 ./Drivers/STM32WLxx_HAL_Driver/stm32wlxx_hal_i2c.o
 .comment       0x00000043       0x44 ./Drivers/STM32WLxx_HAL_Driver/stm32wlxx_hal_i2c_ex.o
 .comment       0x00000043       0x44 ./Drivers/STM32WLxx_HAL_Driver/stm32wlxx_hal_pwr.o
 .comment       0x00000043       0x44 ./Drivers/STM32WLxx_HAL_Driver/stm32wlxx_hal_pwr_ex.o
 .comment       0x00000043       0x44 ./Drivers/STM32WLxx_HAL_Driver/stm32wlxx_hal_rcc.o
 .comment       0x00000043       0x44 ./Drivers/STM32WLxx_HAL_Driver/stm32wlxx_hal_rcc_ex.o
 .comment       0x00000043       0x44 ./Drivers/STM32WLxx_HAL_Driver/stm32wlxx_hal_uart.o
 .comment       0x00000043       0x44 ./Drivers/STM32WLxx_HAL_Driver/stm32wlxx_hal_uart_ex.o

.debug_frame    0x00000000     0x6188
 .debug_frame   0x00000000       0x58 ./Common/System/system_stm32wlxx.o
 .debug_frame   0x00000058      0x1b8 ./Core/Src/main.o
 .debug_frame   0x00000210      0x1d0 ./Core/Src/stm32wlxx_hal_msp.o
 .debug_frame   0x000003e0      0x174 ./Core/Src/stm32wlxx_it.o
 .debug_frame   0x00000554       0x34 ./Core/Src/sysmem.o
 .debug_frame   0x00000588      0x23c ./Drivers/BSP/STM32WLxx_Nucleo/stm32wlxx_nucleo.o
 .debug_frame   0x000007c4      0x948 ./Drivers/STM32WLxx_HAL_Driver/stm32wlxx_hal.o
 .debug_frame   0x0000110c      0x90c ./Drivers/STM32WLxx_HAL_Driver/stm32wlxx_hal_adc.o
 .debug_frame   0x00001a18      0x498 ./Drivers/STM32WLxx_HAL_Driver/stm32wlxx_hal_cortex.o
 .debug_frame   0x00001eb0      0x29c ./Drivers/STM32WLxx_HAL_Driver/stm32wlxx_hal_dma.o
 .debug_frame   0x0000214c      0x174 ./Drivers/STM32WLxx_HAL_Driver/stm32wlxx_hal_exti.o
 .debug_frame   0x000022c0      0x174 ./Drivers/STM32WLxx_HAL_Driver/stm32wlxx_hal_gpio.o
 .debug_frame   0x00002434      0xc34 ./Drivers/STM32WLxx_HAL_Driver/stm32wlxx_hal_i2c.o
 .debug_frame   0x00003068      0x100 ./Drivers/STM32WLxx_HAL_Driver/stm32wlxx_hal_i2c_ex.o
 .debug_frame   0x00003168      0x31c ./Drivers/STM32WLxx_HAL_Driver/stm32wlxx_hal_pwr.o
 .debug_frame   0x00003484      0x894 ./Drivers/STM32WLxx_HAL_Driver/stm32wlxx_hal_pwr_ex.o
 .debug_frame   0x00003d18      0x8fc ./Drivers/STM32WLxx_HAL_Driver/stm32wlxx_hal_rcc.o
 .debug_frame   0x00004614      0x7ec ./Drivers/STM32WLxx_HAL_Driver/stm32wlxx_hal_rcc_ex.o
 .debug_frame   0x00004e00      0xae4 ./Drivers/STM32WLxx_HAL_Driver/stm32wlxx_hal_uart.o
 .debug_frame   0x000058e4      0x2c0 ./Drivers/STM32WLxx_HAL_Driver/stm32wlxx_hal_uart_ex.o
 .debug_frame   0x00005ba4      0x144 /opt/stm32cubeide/plugins/com.st.stm32cube.ide.mcu.externaltools.gnu-tools-for-stm32.12.3.rel1.linux64_1.0.200.202406132123/tools/bin/../lib/gcc/arm-none-eabi/12.3.1/../../../../arm-none-eabi/lib/thumb/v7e-m/nofp/libc_nano.a(libc_a-findfp.o)
 .debug_frame   0x00005ce8       0x6c /opt/stm32cubeide/plugins/com.st.stm32cube.ide.mcu.externaltools.gnu-tools-for-stm32.12.3.rel1.linux64_1.0.200.202406132123/tools/bin/../lib/gcc/arm-none-eabi/12.3.1/../../../../arm-none-eabi/lib/thumb/v7e-m/nofp/libc_nano.a(libc_a-sprintf.o)
 .debug_frame   0x00005d54       0x20 /opt/stm32cubeide/plugins/com.st.stm32cube.ide.mcu.externaltools.gnu-tools-for-stm32.12.3.rel1.linux64_1.0.200.202406132123/tools/bin/../lib/gcc/arm-none-eabi/12.3.1/../../../../arm-none-eabi/lib/thumb/v7e-m/nofp/libc_nano.a(libc_a-memset.o)
 .debug_frame   0x00005d74       0x38 /opt/stm32cubeide/plugins/com.st.stm32cube.ide.mcu.externaltools.gnu-tools-for-stm32.12.3.rel1.linux64_1.0.200.202406132123/tools/bin/../lib/gcc/arm-none-eabi/12.3.1/../../../../arm-none-eabi/lib/thumb/v7e-m/nofp/libc_nano.a(libc_a-reent.o)
 .debug_frame   0x00005dac       0x20 /opt/stm32cubeide/plugins/com.st.stm32cube.ide.mcu.externaltools.gnu-tools-for-stm32.12.3.rel1.linux64_1.0.200.202406132123/tools/bin/../lib/gcc/arm-none-eabi/12.3.1/../../../../arm-none-eabi/lib/thumb/v7e-m/nofp/libc_nano.a(libc_a-errno.o)
 .debug_frame   0x00005dcc       0x2c /opt/stm32cubeide/plugins/com.st.stm32cube.ide.mcu.externaltools.gnu-tools-for-stm32.12.3.rel1.linux64_1.0.200.202406132123/tools/bin/../lib/gcc/arm-none-eabi/12.3.1/../../../../arm-none-eabi/lib/thumb/v7e-m/nofp/libc_nano.a(libc_a-init.o)
 .debug_frame   0x00005df8       0xb0 /opt/stm32cubeide/plugins/com.st.stm32cube.ide.mcu.externaltools.gnu-tools-for-stm32.12.3.rel1.linux64_1.0.200.202406132123/tools/bin/../lib/gcc/arm-none-eabi/12.3.1/../../../../arm-none-eabi/lib/thumb/v7e-m/nofp/libc_nano.a(libc_a-lock.o)
 .debug_frame   0x00005ea8       0x38 /opt/stm32cubeide/plugins/com.st.stm32cube.ide.mcu.externaltools.gnu-tools-for-stm32.12.3.rel1.linux64_1.0.200.202406132123/tools/bin/../lib/gcc/arm-none-eabi/12.3.1/../../../../arm-none-eabi/lib/thumb/v7e-m/nofp/libc_nano.a(libc_a-freer.o)
 .debug_frame   0x00005ee0       0x50 /opt/stm32cubeide/plugins/com.st.stm32cube.ide.mcu.externaltools.gnu-tools-for-stm32.12.3.rel1.linux64_1.0.200.202406132123/tools/bin/../lib/gcc/arm-none-eabi/12.3.1/../../../../arm-none-eabi/lib/thumb/v7e-m/nofp/libc_nano.a(libc_a-mallocr.o)
 .debug_frame   0x00005f30       0x30 /opt/stm32cubeide/plugins/com.st.stm32cube.ide.mcu.externaltools.gnu-tools-for-stm32.12.3.rel1.linux64_1.0.200.202406132123/tools/bin/../lib/gcc/arm-none-eabi/12.3.1/../../../../arm-none-eabi/lib/thumb/v7e-m/nofp/libc_nano.a(libc_a-mlock.o)
 .debug_frame   0x00005f60       0x90 /opt/stm32cubeide/plugins/com.st.stm32cube.ide.mcu.externaltools.gnu-tools-for-stm32.12.3.rel1.linux64_1.0.200.202406132123/tools/bin/../lib/gcc/arm-none-eabi/12.3.1/../../../../arm-none-eabi/lib/thumb/v7e-m/nofp/libc_nano.a(libc_a-nano-svfprintf.o)
 .debug_frame   0x00005ff0       0x60 /opt/stm32cubeide/plugins/com.st.stm32cube.ide.mcu.externaltools.gnu-tools-for-stm32.12.3.rel1.linux64_1.0.200.202406132123/tools/bin/../lib/gcc/arm-none-eabi/12.3.1/../../../../arm-none-eabi/lib/thumb/v7e-m/nofp/libc_nano.a(libc_a-nano-vfprintf_i.o)
 .debug_frame   0x00006050       0x28 /opt/stm32cubeide/plugins/com.st.stm32cube.ide.mcu.externaltools.gnu-tools-for-stm32.12.3.rel1.linux64_1.0.200.202406132123/tools/bin/../lib/gcc/arm-none-eabi/12.3.1/../../../../arm-none-eabi/lib/thumb/v7e-m/nofp/libc_nano.a(libc_a-memmove.o)
 .debug_frame   0x00006078       0x2c /opt/stm32cubeide/plugins/com.st.stm32cube.ide.mcu.externaltools.gnu-tools-for-stm32.12.3.rel1.linux64_1.0.200.202406132123/tools/bin/../lib/gcc/arm-none-eabi/12.3.1/../../../../arm-none-eabi/lib/thumb/v7e-m/nofp/libc_nano.a(libc_a-sbrkr.o)