/home/irregular/D7039E-Beehive/workspace_1.16.1/LoRaWAN_End_Node/Core/Src/stm32_lpm_if.c:78:6:PWR_EnterOffMode	0	static
/home/irregular/D7039E-Beehive/workspace_1.16.1/LoRaWAN_End_Node/Core/Src/stm32_lpm_if.c:85:6:PWR_ExitOffMode	0	static
/home/irregular/D7039E-Beehive/workspace_1.16.1/LoRaWAN_End_Node/Core/Src/stm32_lpm_if.c:92:6:PWR_EnterStopMode	8	static
/home/irregular/D7039E-Beehive/workspace_1.16.1/LoRaWAN_End_Node/Core/Src/stm32_lpm_if.c:145:6:PWR_ExitSleepMode	8	static
/home/irregular/D7039E-Beehive/workspace_1.16.1/LoRaWAN_End_Node/Core/Src/stm32_lpm_if.c:110:6:PWR_ExitStopMode	8	static
/home/irregular/D7039E-Beehive/workspace_1.16.1/LoRaWAN_End_Node/Core/Src/stm32_lpm_if.c:129:6:PWR_EnterSleepMode	8	static
