../../Drivers/STM32WLxx_HAL_Driver/Inc/stm32wlxx_ll_bus.h:449:22:LL_AHB2_GRP1_EnableClock	24	static
../Core/Src/main.c:68:7:humidity_conversion	16	static
../Core/Src/main.c:72:7:temp_conversion	16	static
../Core/Src/main.c:76:6:read_temp_humid	56	static
../Core/Src/main.c:98:5:main	8	static
../Core/Src/main.c:214:6:SystemClock_Config	112	static
../Core/Src/main.c:258:13:MX_I2C2_Init	8	static
../Core/Src/main.c:306:13:MX_USART2_UART_Init	8	static
../Core/Src/main.c:354:13:MX_GPIO_Init	8	static
../Core/Src/main.c:375:6:Error_Handler	4	static,ignoring_inline_asm
