2024-11-06 14:59:58,525 [INFO] Activator:176 - 


2024-11-06 14:59:58,528 [INFO] Activator:177 - !SESSION log4j initialized
2024-11-06 15:00:00,586 [INFO] LogOutputStream:77 - [STDOUT_REDIRECT] 
2024-11-06 15:00:02,389 [INFO] ApplicationProperties:184 - Using Application install path: /home/ante/st/stm32cubeide_1.16.1/plugins/com.st.stm32cube.common.mx_6.12.1.202409122256
2024-11-06 15:00:02,407 [INFO] DbMcusXml:78 - Set database path to: /home/ante/st/stm32cubeide_1.16.1/plugins/com.st.stm32cube.common.mx_6.12.1.202409122256//db//mcu/
2024-11-06 15:00:02,407 [INFO] ApiDb:274 - Set plugin database path to: /home/ante/st/stm32cubeide_1.16.1/plugins/com.st.stm32cube.common.mx_6.12.1.202409122256//db//plugins/boardmanager/
2024-11-06 15:00:02,407 [WARN] ApiDb:259 - Overriding images path with different value:  => /home/ante/st/stm32cubeide_1.16.1/plugins/com.st.stm32cube.common.mx_6.12.1.202409122256//db//plugins/mcufinder/images/
2024-11-06 15:00:02,413 [INFO] ApiDb:250 - Set database path to: /home/ante/.stmcufinder/plugins/mcufinder//mcu/
2024-11-06 15:00:02,414 [INFO] DbMcusAds:125 - Set database path to: /home/ante/.stmcufinder/plugins/mcufinder//mcu/
2024-11-06 15:00:02,417 [INFO] CrossReferenceDbSqlite:203 - Set database path to: /home/ante/.stmcufinder/plugins/mcufinder//mcu/cs/
2024-11-06 15:00:02,514 [INFO] RulesReader:64 - Compatibility file has been processed (297 Rules)
2024-11-06 15:00:02,570 [INFO] DbMcusXml:78 - Set database path to: /home/ante/st/stm32cubeide_1.16.1/plugins/com.st.stm32cube.common.mx_6.12.1.202409122256//db//mcu/
2024-11-06 15:00:02,570 [INFO] ApiDb:274 - Set plugin database path to: /home/ante/st/stm32cubeide_1.16.1/plugins/com.st.stm32cube.common.mx_6.12.1.202409122256//db//plugins/boardmanager/
2024-11-06 15:00:02,571 [INFO] ApiDb:261 - Set plugin images path to: /home/ante/st/stm32cubeide_1.16.1/plugins/com.st.stm32cube.common.mx_6.12.1.202409122256//db//plugins/mcufinder/images/
2024-11-06 15:00:02,571 [WARN] DbFile:41 - Overriding database path with different value: /home/ante/.stmcufinder/plugins/mcufinder/ => /home/ante/.stmcufinder/plugins/mcufinder
2024-11-06 15:00:02,571 [INFO] ApiDb:250 - Set database path to: /home/ante/.stmcufinder/plugins/mcufinder//mcu/
2024-11-06 15:00:02,571 [WARN] DbFile:41 - Overriding database path with different value: /home/ante/.stmcufinder/plugins/mcufinder/ => /home/ante/.stmcufinder/plugins/mcufinder
2024-11-06 15:00:02,571 [INFO] DbMcusAds:125 - Set database path to: /home/ante/.stmcufinder/plugins/mcufinder//mcu/
2024-11-06 15:00:02,571 [WARN] DbFile:41 - Overriding database path with different value: /home/ante/.stmcufinder/plugins/mcufinder/ => /home/ante/.stmcufinder/plugins/mcufinder
2024-11-06 15:00:02,571 [WARN] DbFile:41 - Overriding database path with different value: /home/ante/.stmcufinder/plugins/mcufinder/ => /home/ante/.stmcufinder/plugins/mcufinder
2024-11-06 15:00:02,571 [INFO] CrossReferenceDbSqlite:203 - Set database path to: /home/ante/.stmcufinder/plugins/mcufinder//mcu/cs/
2024-11-06 15:00:02,661 [INFO] MainPanel:268 - HeapMemory: 268435456
2024-11-06 15:00:02,806 [INFO] DbMcusXml:78 - Set database path to: /home/ante/st/stm32cubeide_1.16.1/plugins/com.st.stm32cube.common.mx_6.12.1.202409122256//db//mcu/
2024-11-06 15:00:02,806 [INFO] ApiDb:274 - Set plugin database path to: /home/ante/st/stm32cubeide_1.16.1/plugins/com.st.stm32cube.common.mx_6.12.1.202409122256//db//plugins/boardmanager/
2024-11-06 15:00:02,806 [INFO] ApiDb:261 - Set plugin images path to: /home/ante/st/stm32cubeide_1.16.1/plugins/com.st.stm32cube.common.mx_6.12.1.202409122256//db//plugins/mcufinder/images/
2024-11-06 15:00:02,807 [WARN] DbFile:41 - Overriding database path with different value: /home/ante/.stmcufinder/plugins/mcufinder/ => /home/ante/.stmcufinder/plugins/mcufinder
2024-11-06 15:00:02,807 [INFO] ApiDb:250 - Set database path to: /home/ante/.stmcufinder/plugins/mcufinder//mcu/
2024-11-06 15:00:02,807 [WARN] DbFile:41 - Overriding database path with different value: /home/ante/.stmcufinder/plugins/mcufinder/ => /home/ante/.stmcufinder/plugins/mcufinder
2024-11-06 15:00:02,807 [INFO] DbMcusAds:125 - Set database path to: /home/ante/.stmcufinder/plugins/mcufinder//mcu/
2024-11-06 15:00:02,807 [WARN] DbFile:41 - Overriding database path with different value: /home/ante/.stmcufinder/plugins/mcufinder/ => /home/ante/.stmcufinder/plugins/mcufinder
2024-11-06 15:00:02,807 [WARN] DbFile:41 - Overriding database path with different value: /home/ante/.stmcufinder/plugins/mcufinder/ => /home/ante/.stmcufinder/plugins/mcufinder
2024-11-06 15:00:02,808 [INFO] CrossReferenceDbSqlite:203 - Set database path to: /home/ante/.stmcufinder/plugins/mcufinder//mcu/cs/
2024-11-06 15:00:02,826 [INFO] ApplicationProperties:184 - Using Application install path: /home/ante/st/stm32cubeide_1.16.1/plugins/com.st.stm32cube.common.mx_6.12.1.202409122256
2024-11-06 15:00:02,829 [INFO] PluginManage:196 - Search for loadable plugins [exclusion list=, ]
2024-11-06 15:00:02,831 [INFO] PluginManage:310 - Check plugin analytics
2024-11-06 15:00:03,008 [INFO] AnalyticsPlugin:253 - Accepted Software Licenses: 
2024-11-06 15:00:03,009 [INFO] AnalyticsPlugin:255 - Accepted CMSIS Pack Licenses: 
2024-11-06 15:00:03,009 [INFO] AnalyticsPlugin:257 - Accepted Firmware Licenses: FW.WL.1.3.0
2024-11-06 15:00:03,012 [INFO] PluginManage:359 - Loaded plugin analytics (category:tool,tabindex:-1)
2024-11-06 15:00:03,013 [INFO] PluginManage:310 - Check plugin cadmodel
2024-11-06 15:00:03,018 [INFO] CADModel:105 - Init CAD model plugin
2024-11-06 15:00:03,019 [INFO] PluginManage:359 - Loaded plugin cadmodel (category:power,tabindex:5)
2024-11-06 15:00:03,019 [INFO] PluginManage:310 - Check plugin clock
2024-11-06 15:00:03,029 [INFO] PluginManage:359 - Loaded plugin clock (category:base,tabindex:2)
2024-11-06 15:00:03,029 [INFO] PluginManage:310 - Check plugin ddr
2024-11-06 15:00:03,032 [INFO] PluginManage:359 - Loaded plugin ddr (category:tool,tabindex:6)
2024-11-06 15:00:03,032 [INFO] PluginManage:310 - Check plugin filemanager
2024-11-06 15:00:03,214 [INFO] PluginManage:359 - Loaded plugin filemanager (category:base,tabindex:10)
2024-11-06 15:00:03,214 [INFO] PluginManage:310 - Check plugin ipmanager
2024-11-06 15:00:03,222 [INFO] PluginManage:359 - Loaded plugin ipmanager (category:base,tabindex:5)
2024-11-06 15:00:03,222 [INFO] PluginManage:310 - Check plugin lpbam
2024-11-06 15:00:03,235 [INFO] PluginManage:359 - Loaded plugin lpbam (category:base,tabindex:0)
2024-11-06 15:00:03,235 [INFO] PluginManage:310 - Check plugin memorymap
2024-11-06 15:00:03,250 [INFO] PluginManage:359 - Loaded plugin memorymap (category:base,tabindex:4)
2024-11-06 15:00:03,251 [INFO] PluginManage:310 - Check plugin pinoutandconfiguration
2024-11-06 15:00:03,262 [INFO] PluginManage:359 - Loaded plugin pinoutandconfiguration (category:base,tabindex:1)
2024-11-06 15:00:03,262 [INFO] PluginManage:310 - Check plugin pinoutconfig
2024-11-06 15:00:03,366 [WARN] SupportedApi:132 - Cannot load RTOS API schema: s4s-elt-must-match.1: The content of 'definitions' must match (annotation?, (simpleType | complexType)?, (unique | key | keyref)*)). A problem was found starting at: attribute.
2024-11-06 15:00:03,515 [INFO] PluginManage:359 - Loaded plugin pinoutconfig (category:base,tabindex:0)
2024-11-06 15:00:03,515 [INFO] PluginManage:310 - Check plugin power
2024-11-06 15:00:03,525 [INFO] PluginManage:359 - Loaded plugin power (category:power,tabindex:4)
2024-11-06 15:00:03,525 [INFO] PluginManage:310 - Check plugin projectmanager
2024-11-06 15:00:03,541 [INFO] PluginManage:359 - Loaded plugin projectmanager (category:projectmanager,tabindex:4)
2024-11-06 15:00:03,541 [INFO] PluginManage:310 - Check plugin rif
2024-11-06 15:00:03,547 [INFO] PluginManage:359 - Loaded plugin rif (category:base,tabindex:3)
2024-11-06 15:00:03,547 [INFO] PluginManage:310 - Check plugin thirdparty
2024-11-06 15:00:03,680 [INFO] PluginManage:359 - Loaded plugin thirdparty (category:base,tabindex:-1)
2024-11-06 15:00:03,680 [WARN] IntegrityCheckThread:84 - waiting for thirdparty lock release [integrity check]
2024-11-06 15:00:03,680 [INFO] PluginManage:310 - Check plugin tools
2024-11-06 15:00:03,680 [INFO] IntegrityCheckThread:86 - entering critical section [integrity check]
2024-11-06 15:00:03,681 [INFO] ThirdPartyUpdaterWithRetryManager:70 - Updater plugin not ready yet. [1/15]
2024-11-06 15:00:03,683 [INFO] PluginManage:359 - Loaded plugin tools (category:base,tabindex:7)
2024-11-06 15:00:03,683 [INFO] PluginManage:310 - Check plugin tutovideos
2024-11-06 15:00:03,881 [INFO] PluginManage:359 - Loaded plugin tutovideos (category:base,tabindex:-1)
2024-11-06 15:00:03,881 [INFO] PluginManage:310 - Check plugin updater
2024-11-06 15:00:03,900 [INFO] PluginManage:359 - Loaded plugin updater (category:base,tabindex:12)
2024-11-06 15:00:03,900 [INFO] PluginManage:310 - Check plugin userauth
2024-11-06 15:00:03,906 [INFO] UserAuth:113 - Init User Auth plugin
2024-11-06 15:00:03,906 [INFO] PluginManage:359 - Loaded plugin userauth (category:base,tabindex:14)
2024-11-06 15:00:03,906 [INFO] PluginManage:283 - PluginManage : Loaded plugins [18]
2024-11-06 15:00:04,074 [INFO] PinOutPanel:1561 - setPackage(No Configuration,No Configuration)
2024-11-06 15:00:04,144 [INFO] CADModel:165 - CPN selected for project level
2024-11-06 15:00:04,144 [INFO] CADModel:114 - Register for checkConnection events
2024-11-06 15:00:04,152 [INFO] IPUIPlugin:80 - create IPUIPlugin
2024-11-06 15:00:04,152 [INFO] PluginManager:220 - loadIPPluginJar : add genericplugin
2024-11-06 15:00:04,153 [INFO] IPUIPlugin:80 - create IPUIPlugin
2024-11-06 15:00:04,153 [INFO] PluginManager:220 - loadIPPluginJar : add ltdc
2024-11-06 15:00:04,157 [INFO] IPUIPlugin:80 - create IPUIPlugin
2024-11-06 15:00:04,158 [INFO] PluginManager:220 - loadIPPluginJar : add i2c
2024-11-06 15:00:04,159 [INFO] IPUIPlugin:80 - create IPUIPlugin
2024-11-06 15:00:04,159 [INFO] PluginManager:220 - loadIPPluginJar : add ucpd
2024-11-06 15:00:04,162 [INFO] IPUIPlugin:80 - create IPUIPlugin
2024-11-06 15:00:04,162 [INFO] PluginManager:220 - loadIPPluginJar : add sai
2024-11-06 15:00:04,165 [INFO] IPUIPlugin:80 - create IPUIPlugin
2024-11-06 15:00:04,165 [INFO] PluginManager:220 - loadIPPluginJar : add pdm2pcm
2024-11-06 15:00:04,167 [INFO] IPUIPlugin:80 - create IPUIPlugin
2024-11-06 15:00:04,167 [INFO] PluginManager:220 - loadIPPluginJar : add radio
2024-11-06 15:00:04,173 [INFO] IPUIPlugin:80 - create IPUIPlugin
2024-11-06 15:00:04,175 [INFO] PluginManager:220 - loadIPPluginJar : add plateformsettings
2024-11-06 15:00:04,182 [INFO] IPUIPlugin:80 - create IPUIPlugin
2024-11-06 15:00:04,182 [INFO] PluginManager:220 - loadIPPluginJar : add adc
2024-11-06 15:00:04,187 [INFO] IPUIPlugin:80 - create IPUIPlugin
2024-11-06 15:00:04,188 [INFO] PluginManager:220 - loadIPPluginJar : add mdma
2024-11-06 15:00:04,191 [INFO] IPUIPlugin:80 - create IPUIPlugin
2024-11-06 15:00:04,191 [INFO] PluginManager:220 - loadIPPluginJar : add nvic
2024-11-06 15:00:04,193 [INFO] IPUIPlugin:80 - create IPUIPlugin
2024-11-06 15:00:04,193 [INFO] PluginManager:220 - loadIPPluginJar : add comp
2024-11-06 15:00:04,195 [INFO] IPUIPlugin:80 - create IPUIPlugin
2024-11-06 15:00:04,195 [INFO] PluginManager:220 - loadIPPluginJar : add spi
2024-11-06 15:00:04,197 [INFO] IPUIPlugin:80 - create IPUIPlugin
2024-11-06 15:00:04,197 [INFO] PluginManager:220 - loadIPPluginJar : add hash
2024-11-06 15:00:04,201 [INFO] IPUIPlugin:80 - create IPUIPlugin
2024-11-06 15:00:04,201 [INFO] PluginManager:220 - loadIPPluginJar : add resmgrutility
2024-11-06 15:00:04,203 [INFO] IPUIPlugin:80 - create IPUIPlugin
2024-11-06 15:00:04,203 [INFO] PluginManager:220 - loadIPPluginJar : add gfxmmu
2024-11-06 15:00:04,206 [INFO] IPUIPlugin:80 - create IPUIPlugin
2024-11-06 15:00:04,206 [INFO] PluginManager:220 - loadIPPluginJar : add gtzc
2024-11-06 15:00:04,210 [INFO] IPUIPlugin:80 - create IPUIPlugin
2024-11-06 15:00:04,210 [INFO] PluginManager:220 - loadIPPluginJar : add gpio
2024-11-06 15:00:04,212 [INFO] IPUIPlugin:80 - create IPUIPlugin
2024-11-06 15:00:04,212 [INFO] PluginManager:220 - loadIPPluginJar : add lorawan
2024-11-06 15:00:04,214 [INFO] IPUIPlugin:80 - create IPUIPlugin
2024-11-06 15:00:04,214 [INFO] PluginManager:220 - loadIPPluginJar : add quadspi
2024-11-06 15:00:04,216 [INFO] IPUIPlugin:80 - create IPUIPlugin
2024-11-06 15:00:04,216 [INFO] PluginManager:220 - loadIPPluginJar : add can
2024-11-06 15:00:04,218 [INFO] IPUIPlugin:80 - create IPUIPlugin
2024-11-06 15:00:04,218 [INFO] PluginManager:220 - loadIPPluginJar : add aes
2024-11-06 15:00:04,221 [INFO] IPUIPlugin:80 - create IPUIPlugin
2024-11-06 15:00:04,221 [INFO] PluginManager:220 - loadIPPluginJar : add i3c
2024-11-06 15:00:04,223 [INFO] IPUIPlugin:80 - create IPUIPlugin
2024-11-06 15:00:04,224 [INFO] PluginManager:220 - loadIPPluginJar : add touchsensing
2024-11-06 15:00:04,227 [INFO] IPUIPlugin:80 - create IPUIPlugin
2024-11-06 15:00:04,227 [INFO] PluginManager:220 - loadIPPluginJar : add ddr_ctrl_phy
2024-11-06 15:00:04,229 [INFO] IPUIPlugin:80 - create IPUIPlugin
2024-11-06 15:00:04,229 [INFO] PluginManager:220 - loadIPPluginJar : add ts
2024-11-06 15:00:04,234 [INFO] IPUIPlugin:80 - create IPUIPlugin
2024-11-06 15:00:04,234 [INFO] PluginManager:220 - loadIPPluginJar : add freertos
2024-11-06 15:00:04,237 [INFO] IPUIPlugin:80 - create IPUIPlugin
2024-11-06 15:00:04,237 [INFO] PluginManager:220 - loadIPPluginJar : add ipddr
2024-11-06 15:00:04,239 [INFO] IPUIPlugin:80 - create IPUIPlugin
2024-11-06 15:00:04,239 [INFO] PluginManager:220 - loadIPPluginJar : add dfsdm
2024-11-06 15:00:04,242 [INFO] IPUIPlugin:80 - create IPUIPlugin
2024-11-06 15:00:04,242 [INFO] PluginManager:220 - loadIPPluginJar : add extmemmanager
2024-11-06 15:00:04,244 [INFO] IPUIPlugin:80 - create IPUIPlugin
2024-11-06 15:00:04,244 [INFO] PluginManager:220 - loadIPPluginJar : add cryp
2024-11-06 15:00:04,247 [INFO] IPUIPlugin:80 - create IPUIPlugin
2024-11-06 15:00:04,247 [INFO] PluginManager:220 - loadIPPluginJar : add gic
2024-11-06 15:00:04,249 [INFO] IPUIPlugin:80 - create IPUIPlugin
2024-11-06 15:00:04,249 [INFO] PluginManager:220 - loadIPPluginJar : add usbx
2024-11-06 15:00:04,252 [INFO] IPUIPlugin:80 - create IPUIPlugin
2024-11-06 15:00:04,252 [INFO] PluginManager:220 - loadIPPluginJar : add openamp
2024-11-06 15:00:04,254 [INFO] IPUIPlugin:80 - create IPUIPlugin
2024-11-06 15:00:04,254 [INFO] PluginManager:220 - loadIPPluginJar : add tracer_emb
2024-11-06 15:00:04,256 [INFO] IPUIPlugin:80 - create IPUIPlugin
2024-11-06 15:00:04,256 [INFO] PluginManager:220 - loadIPPluginJar : add usart
2024-11-06 15:00:04,257 [INFO] IPUIPlugin:80 - create IPUIPlugin
2024-11-06 15:00:04,257 [INFO] PluginManager:220 - loadIPPluginJar : add fatfs
2024-11-06 15:00:04,259 [INFO] IPUIPlugin:80 - create IPUIPlugin
2024-11-06 15:00:04,260 [INFO] PluginManager:220 - loadIPPluginJar : add opamp
2024-11-06 15:00:04,264 [INFO] IPUIPlugin:80 - create IPUIPlugin
2024-11-06 15:00:04,264 [INFO] PluginManager:220 - loadIPPluginJar : add stm32_wpan
2024-11-06 15:00:04,267 [INFO] IPUIPlugin:80 - create IPUIPlugin
2024-11-06 15:00:04,267 [INFO] PluginManager:220 - loadIPPluginJar : add fmc
2024-11-06 15:00:04,274 [INFO] IPUIPlugin:80 - create IPUIPlugin
2024-11-06 15:00:04,274 [INFO] PluginManager:220 - loadIPPluginJar : add linkedlist
2024-11-06 15:00:04,276 [INFO] IPUIPlugin:80 - create IPUIPlugin
2024-11-06 15:00:04,276 [INFO] PluginManager:220 - loadIPPluginJar : add tim
2024-11-06 15:00:04,277 [INFO] IPUIPlugin:80 - create IPUIPlugin
2024-11-06 15:00:04,277 [INFO] PluginManager:220 - loadIPPluginJar : add tsc
2024-11-06 15:00:04,282 [INFO] IPUIPlugin:80 - create IPUIPlugin
2024-11-06 15:00:04,282 [INFO] PluginManager:220 - loadIPPluginJar : add dma
2024-11-06 15:00:04,284 [INFO] IPUIPlugin:80 - create IPUIPlugin
2024-11-06 15:00:04,284 [INFO] PluginManager:220 - loadIPPluginJar : add i2s
2024-11-06 15:00:04,286 [INFO] IPUIPlugin:80 - create IPUIPlugin
2024-11-06 15:00:04,286 [INFO] PluginManager:220 - loadIPPluginJar : add dma3
2024-11-06 15:00:04,384 [INFO] CADModel:165 - CPN selected for project level
2024-11-06 15:00:04,385 [INFO] CADModel:114 - Register for checkConnection events
2024-11-06 15:00:04,385 [FATAL] Updater:334 - Updater called before beeing initialized
2024-11-06 15:00:04,385 [ERROR] CADModel:125 - Updater not yet initialized, retry later 
2024-11-06 15:00:04,494 [INFO] CADModel:165 - CPN selected for project level
2024-11-06 15:00:04,494 [INFO] CADModel:114 - Register for checkConnection events
2024-11-06 15:00:04,494 [FATAL] Updater:334 - Updater called before beeing initialized
2024-11-06 15:00:04,494 [ERROR] CADModel:125 - Updater not yet initialized, retry later 
2024-11-06 15:00:04,498 [FATAL] Updater:334 - Updater called before beeing initialized
2024-11-06 15:00:04,563 [FATAL] Updater:334 - Updater called before beeing initialized
2024-11-06 15:00:04,567 [INFO] DbMcusAds:53 - JSON generation date=Fri Sep 20 15:04:23 CEST 2024 (1726837463113)
2024-11-06 15:00:04,567 [FATAL] Updater:334 - Updater called before beeing initialized
2024-11-06 15:00:04,601 [WARN] DetailPanel:346 - Failed to get advertising image, set to default
2024-11-06 15:00:04,676 [FATAL] Updater:334 - Updater called before beeing initialized
2024-11-06 15:00:04,677 [FATAL] Updater:334 - Updater called before beeing initialized
2024-11-06 15:00:04,677 [FATAL] Updater:334 - Updater called before beeing initialized
2024-11-06 15:00:04,677 [WARN] DetailPanel:346 - Failed to get advertising image, set to default
2024-11-06 15:00:04,678 [FATAL] Updater:334 - Updater called before beeing initialized
2024-11-06 15:00:04,708 [ERROR] Updater:1164 - MainUpdater not yet initialized. External WinMGr cannot be set.
2024-11-06 15:00:04,710 [INFO] Updater:1100 - Updater Version found : 6.12.1
2024-11-06 15:00:04,735 [INFO] ApplicationProperties:184 - Using Application install path: /home/ante/st/stm32cubeide_1.16.1/plugins/com.st.stm32cube.common.mx_6.12.1.202409122256
2024-11-06 15:00:05,042 [INFO] MainUpdater:2873 - connection check result : 10
2024-11-06 15:00:05,044 [INFO] MainUpdater:290 - Updater Check For Update Now.
2024-11-06 15:00:05,044 [INFO] MicroXplorer:498 - Change Database Version : DB.6.0.121
2024-11-06 15:00:05,051 [INFO] McuFinderGlobals:63 - Set McuFinder mode to 2 (CubeIDE integrated)
2024-11-06 15:00:05,052 [INFO] UserAuth:179 - activating auth plugin
2024-11-06 15:00:05,056 [INFO] UserAuth:417 - Internet connection configuration mode: 1
2024-11-06 15:00:05,078 [INFO] JxBrowserEngine:152 - Initiate JxBrowser Engine with user profile folder
2024-11-06 15:00:05,276 [INFO] CheckServerUpdateThread:120 - End of CheckServer Thread
2024-11-06 15:00:06,096 [INFO] WebApp:167 - Instantiating new browser for Auth
2024-11-06 15:00:06,873 [WARN] PackLoader:240 - Cannot read IP mode file for STMicroelectronics.FP-SNS-MOTENVWB1.1.4.0
2024-11-06 15:00:06,897 [WARN] PackLoader:240 - Cannot read IP mode file for STMicroelectronics.X-CUBE-SMBUS.2.1.0
2024-11-06 15:00:06,900 [INFO] WebApp:448 - Apply proxy settings
2024-11-06 15:00:06,902 [INFO] WebApp:533 - Chromium requires no authentication
2024-11-06 15:00:06,914 [WARN] PackLoader:240 - Cannot read IP mode file for STMicroelectronics.X-CUBE-WB05N.1.1.0
2024-11-06 15:00:06,919 [INFO] WebApp:476 - Direct internet connection detected
2024-11-06 15:00:06,955 [INFO] WebApp:869 - Register for checkConnection events
2024-11-06 15:00:06,955 [INFO] WebApp:448 - Apply proxy settings
2024-11-06 15:00:06,956 [INFO] WebApp:533 - Chromium requires no authentication
2024-11-06 15:00:06,957 [INFO] WebApp:476 - Direct internet connection detected
2024-11-06 15:00:06,975 [WARN] PackLoader:240 - Cannot read IP mode file for STMicroelectronics.X-CUBE-AZRTOS-F7.1.1.0
2024-11-06 15:00:07,125 [WARN] PackLoader:240 - Cannot read IP mode file for STMicroelectronics.X-CUBE-MEMS1.11.0.0
2024-11-06 15:00:07,266 [INFO] WebApp:220 - Starting web application
2024-11-06 15:00:07,266 [INFO] WebApp:578 - Web application path used /home/ante/st/stm32cubeide_1.16.1/plugins/com.st.stm32cube.common.mx_6.12.1.202409122256/db/plugins/mcufinder/reactClient1/index.html
2024-11-06 15:00:07,456 [WARN] PackLoader:240 - Cannot read IP mode file for STMicroelectronics.FP-SNS-FLIGHT1.5.0.2
2024-11-06 15:00:07,466 [WARN] PackLoader:240 - Cannot read IP mode file for STMicroelectronics.X-CUBE-DISPLAY.3.0.0
2024-11-06 15:00:07,481 [WARN] PackLoader:240 - Cannot read IP mode file for STMicroelectronics.X-CUBE-BLE1.7.0.0
2024-11-06 15:00:07,497 [WARN] PackLoader:240 - Cannot read IP mode file for STMicroelectronics.X-CUBE-NFC10.1.0.0
2024-11-06 15:00:07,520 [WARN] PackLoader:240 - Cannot read IP mode file for emotas.I-CUBE-CANOPEN.1.3.0
2024-11-06 15:00:07,538 [WARN] PackLoader:240 - Cannot read IP mode file for STMicroelectronics.X-CUBE-BLEMGR.3.1.0
2024-11-06 15:00:07,554 [WARN] PackLoader:240 - Cannot read IP mode file for STMicroelectronics.FP-SNS-SMARTAG2.1.2.0
2024-11-06 15:00:07,570 [INFO] LogOutputStream:77 - [STDOUT_REDIRECT] 1 : Invalid condition id : UX_CORESTACK_Condition cause : null
2024-11-06 15:00:07,571 [INFO] LogOutputStream:77 - [STDOUT_REDIRECT] 1 : Invalid condition id : UX_CORESTACK_Condition cause : null
2024-11-06 15:00:07,572 [INFO] LogOutputStream:77 - [STDOUT_REDIRECT] 1 : Invalid condition id : UX_CORESTACK_Condition cause : null
2024-11-06 15:00:07,572 [INFO] LogOutputStream:77 - [STDOUT_REDIRECT] 1 : Invalid condition id : UX_CORESTACK_Condition cause : null
2024-11-06 15:00:07,573 [INFO] LogOutputStream:77 - [STDOUT_REDIRECT] 1 : Invalid condition id : UX_CORESTACK_Condition cause : null
2024-11-06 15:00:07,578 [WARN] PackLoader:240 - Cannot read IP mode file for STMicroelectronics.X-CUBE-AZRTOS-WL.2.0.0
2024-11-06 15:00:07,588 [WARN] PackLoader:240 - Cannot read IP mode file for STMicroelectronics.FP-SNS-MOTENV1.5.0.0
2024-11-06 15:00:07,598 [WARN] PackLoader:240 - Cannot read IP mode file for wolfSSL.I-CUBE-wolfMQTT.1.19.0
2024-11-06 15:00:07,610 [WARN] PackLoader:240 - Cannot read IP mode file for WES.I-CUBE-Cesium.1.3.0
2024-11-06 15:00:07,617 [WARN] PackLoader:240 - Cannot read IP mode file for STMicroelectronics.X-CUBE-BLE2.3.3.0
2024-11-06 15:00:07,627 [WARN] PackLoader:240 - Cannot read IP mode file for STMicroelectronics.X-CUBE-NFC9.1.0.0
2024-11-06 15:00:07,637 [WARN] PackLoader:240 - Cannot read IP mode file for STMicroelectronics.X-CUBE-TCPP.4.1.0
2024-11-06 15:00:07,658 [INFO] WebApp:186 - Connection restablished
2024-11-06 15:00:07,670 [WARN] PackLoader:240 - Cannot read IP mode file for STMicroelectronics.X-CUBE-AZRTOS-G0.1.1.0
2024-11-06 15:00:07,683 [WARN] PackLoader:240 - Cannot read IP mode file for STMicroelectronics.X-CUBE-SAFEA1.1.2.2
2024-11-06 15:00:07,691 [WARN] PackLoader:240 - Cannot read IP mode file for STMicroelectronics.X-CUBE-NFC4.3.0.0
2024-11-06 15:00:07,705 [WARN] PackLoader:240 - Cannot read IP mode file for EmbeddedOffice.I-CUBE-FS-RTOS.1.0.1
2024-11-06 15:00:07,706 [ERROR] ConditionMgr:805 - Attr not supported : Dmpu
2024-11-06 15:00:07,706 [ERROR] ConditionMgr:805 - Attr not supported : Dmpu
2024-11-06 15:00:07,706 [ERROR] ConditionMgr:805 - Attr not supported : Dmpu
2024-11-06 15:00:07,706 [ERROR] ConditionMgr:805 - Attr not supported : Dmpu
2024-11-06 15:00:07,707 [ERROR] ConditionMgr:805 - Attr not supported : Dmpu
2024-11-06 15:00:07,707 [ERROR] ConditionMgr:805 - Attr not supported : Dmpu
2024-11-06 15:00:07,707 [ERROR] ConditionMgr:805 - Attr not supported : Dmpu
2024-11-06 15:00:07,707 [ERROR] ConditionMgr:805 - Attr not supported : Dmpu
2024-11-06 15:00:07,707 [ERROR] ConditionMgr:805 - Attr not supported : Dmpu
2024-11-06 15:00:07,708 [ERROR] ConditionMgr:805 - Attr not supported : Dmpu
2024-11-06 15:00:07,709 [ERROR] ConditionMgr:805 - Attr not supported : Dmpu
2024-11-06 15:00:07,709 [ERROR] ConditionMgr:805 - Attr not supported : Dmpu
2024-11-06 15:00:07,709 [ERROR] ConditionMgr:805 - Attr not supported : Dmpu
2024-11-06 15:00:07,710 [ERROR] ConditionMgr:805 - Attr not supported : Dmpu
2024-11-06 15:00:07,710 [ERROR] ConditionMgr:805 - Attr not supported : Dmpu
2024-11-06 15:00:07,710 [ERROR] ConditionMgr:805 - Attr not supported : Dmpu
2024-11-06 15:00:07,710 [ERROR] ConditionMgr:805 - Attr not supported : Dmpu
2024-11-06 15:00:07,710 [ERROR] ConditionMgr:805 - Attr not supported : Dmpu
2024-11-06 15:00:07,710 [ERROR] ConditionMgr:805 - Attr not supported : Dmpu
2024-11-06 15:00:07,711 [ERROR] ConditionMgr:805 - Attr not supported : Dmpu
2024-11-06 15:00:07,711 [ERROR] ConditionMgr:805 - Attr not supported : Dmpu
2024-11-06 15:00:07,711 [ERROR] ConditionMgr:805 - Attr not supported : Dmpu
2024-11-06 15:00:07,711 [ERROR] ConditionMgr:805 - Attr not supported : Dmpu
2024-11-06 15:00:07,711 [ERROR] ConditionMgr:805 - Attr not supported : Dmpu
2024-11-06 15:00:07,711 [ERROR] ConditionMgr:805 - Attr not supported : Dmpu
2024-11-06 15:00:07,712 [ERROR] ConditionMgr:805 - Attr not supported : Dmpu
2024-11-06 15:00:07,712 [ERROR] ConditionMgr:805 - Attr not supported : Dmpu
2024-11-06 15:00:07,712 [ERROR] ConditionMgr:805 - Attr not supported : Dmpu
2024-11-06 15:00:07,712 [ERROR] ConditionMgr:805 - Attr not supported : Dmpu
2024-11-06 15:00:07,712 [ERROR] ConditionMgr:805 - Attr not supported : Dmpu
2024-11-06 15:00:07,712 [ERROR] ConditionMgr:805 - Attr not supported : Dmpu
2024-11-06 15:00:07,712 [ERROR] ConditionMgr:805 - Attr not supported : Dmpu
2024-11-06 15:00:07,713 [ERROR] ConditionMgr:805 - Attr not supported : Dmpu
2024-11-06 15:00:07,713 [ERROR] ConditionMgr:805 - Attr not supported : Dmpu
2024-11-06 15:00:07,713 [ERROR] ConditionMgr:805 - Attr not supported : Dmpu
2024-11-06 15:00:07,713 [ERROR] ConditionMgr:805 - Attr not supported : Dmpu
2024-11-06 15:00:07,713 [ERROR] ConditionMgr:805 - Attr not supported : Dmpu
2024-11-06 15:00:07,713 [ERROR] ConditionMgr:805 - Attr not supported : Dmpu
2024-11-06 15:00:07,714 [ERROR] ConditionMgr:805 - Attr not supported : Dmpu
2024-11-06 15:00:07,714 [ERROR] ConditionMgr:805 - Attr not supported : Dmpu
2024-11-06 15:00:07,714 [ERROR] ConditionMgr:805 - Attr not supported : Dmpu
2024-11-06 15:00:07,714 [ERROR] ConditionMgr:805 - Attr not supported : Dmpu
2024-11-06 15:00:07,714 [ERROR] ConditionMgr:805 - Attr not supported : Dmpu
2024-11-06 15:00:07,714 [ERROR] ConditionMgr:805 - Attr not supported : Dmpu
2024-11-06 15:00:07,715 [ERROR] ConditionMgr:805 - Attr not supported : Dmpu
2024-11-06 15:00:07,715 [ERROR] ConditionMgr:805 - Attr not supported : Dmpu
2024-11-06 15:00:07,715 [ERROR] ConditionMgr:805 - Attr not supported : Dmpu
2024-11-06 15:00:07,715 [ERROR] ConditionMgr:805 - Attr not supported : Dmpu
2024-11-06 15:00:07,715 [ERROR] ConditionMgr:805 - Attr not supported : Dmpu
2024-11-06 15:00:07,715 [ERROR] ConditionMgr:805 - Attr not supported : Dmpu
2024-11-06 15:00:07,716 [ERROR] ConditionMgr:805 - Attr not supported : Dmpu
2024-11-06 15:00:07,716 [ERROR] ConditionMgr:805 - Attr not supported : Dmpu
2024-11-06 15:00:07,716 [ERROR] ConditionMgr:805 - Attr not supported : Dmpu
2024-11-06 15:00:07,716 [ERROR] ConditionMgr:805 - Attr not supported : Dmpu
2024-11-06 15:00:07,716 [ERROR] ConditionMgr:805 - Attr not supported : Dmpu
2024-11-06 15:00:07,716 [ERROR] ConditionMgr:805 - Attr not supported : Dmpu
2024-11-06 15:00:07,717 [ERROR] ConditionMgr:805 - Attr not supported : Dmpu
2024-11-06 15:00:07,717 [ERROR] ConditionMgr:805 - Attr not supported : Dmpu
2024-11-06 15:00:07,717 [ERROR] ConditionMgr:805 - Attr not supported : Dmpu
2024-11-06 15:00:07,717 [ERROR] ConditionMgr:805 - Attr not supported : Dmpu
2024-11-06 15:00:07,717 [ERROR] ConditionMgr:805 - Attr not supported : Dmpu
2024-11-06 15:00:07,717 [ERROR] ConditionMgr:805 - Attr not supported : Dmpu
2024-11-06 15:00:07,718 [ERROR] ConditionMgr:805 - Attr not supported : Dmpu
2024-11-06 15:00:07,718 [ERROR] ConditionMgr:805 - Attr not supported : Dmpu
2024-11-06 15:00:07,724 [WARN] PackLoader:240 - Cannot read IP mode file for RealThread.X-CUBE-RT-Thread_Nano.4.1.1
2024-11-06 15:00:07,730 [WARN] PackLoader:240 - Cannot read IP mode file for STMicroelectronics.FP-ATR-SIGFOX1.3.2.0
2024-11-06 15:00:07,735 [WARN] PackLoader:240 - Cannot read IP mode file for wolfSSL.I-CUBE-wolfSSL.5.7.2
2024-11-06 15:00:07,743 [WARN] PackLoader:240 - Cannot read IP mode file for STMicroelectronics.X-CUBE-EEPRMA1.5.1.0
2024-11-06 15:00:07,753 [WARN] PackLoader:240 - Cannot read IP mode file for ITTIA_DB.I-CUBE-ITTIADB.8.9.0
2024-11-06 15:00:07,819 [WARN] PackLoader:240 - Cannot read IP mode file for SEGGER.I-CUBE-embOS.1.3.1
2024-11-06 15:00:07,873 [WARN] PackLoader:240 - Cannot read IP mode file for STMicroelectronics.X-CUBE-ALGOBUILD.1.4.0
2024-11-06 15:00:07,878 [WARN] PackLoader:240 - Cannot read IP mode file for STMicroelectronics.X-CUBE-AI.9.1.0
2024-11-06 15:00:07,900 [WARN] PackLoader:240 - Cannot read IP mode file for STMicroelectronics.X-CUBE-AZRTOS-F4.1.1.0
2024-11-06 15:00:07,910 [WARN] PackLoader:240 - Cannot read IP mode file for STMicroelectronics.X-CUBE-ISPU.2.1.0
2024-11-06 15:00:07,917 [WARN] PackLoader:240 - Cannot read IP mode file for STMicroelectronics.X-CUBE-FREERTOS.1.2.0
2024-11-06 15:00:07,937 [WARN] PackLoader:240 - Cannot read IP mode file for STMicroelectronics.X-CUBE-AZRTOS-L5.2.0.0
2024-11-06 15:00:07,951 [WARN] PackLoader:240 - Cannot read IP mode file for STMicroelectronics.X-CUBE-NFC6.3.1.0
2024-11-06 15:00:07,962 [WARN] PackLoader:240 - Cannot read IP mode file for STMicroelectronics.X-CUBE-DPower.1.2.0
2024-11-06 15:00:07,967 [WARN] PackLoader:240 - Cannot read IP mode file for STMicroelectronics.X-CUBE-AI.9.0.0
2024-11-06 15:00:07,974 [WARN] PackLoader:240 - Cannot read IP mode file for STMicroelectronics.X-CUBE-NFC7.1.0.1
2024-11-06 15:00:08,005 [WARN] ConditionMgr:438 - getConditionDescription Invalid condition id : LAN8742 Phy interface Condition cause : null
2024-11-06 15:00:08,006 [WARN] PackLoader:240 - Cannot read IP mode file for STMicroelectronics.X-CUBE-AZRTOS-L4.2.0.0
2024-11-06 15:00:08,008 [WARN] ConditionMgr:1039 - genDependencies : Invalid condition id : LAN8742 Phy interface Condition cause : null
2024-11-06 15:00:08,009 [WARN] ConditionMgr:1039 - genDependencies : Invalid condition id : LAN8742 Phy interface Condition cause : null
2024-11-06 15:00:08,010 [WARN] ConditionMgr:1039 - genDependencies : Invalid condition id : LAN8742 Phy interface Condition cause : null
2024-11-06 15:00:08,021 [WARN] PackLoader:240 - Cannot read IP mode file for STMicroelectronics.X-CUBE-SFXS2LP1.4.0.0
2024-11-06 15:00:08,057 [WARN] PackLoader:240 - Cannot read IP mode file for STMicroelectronics.X-CUBE-AZRTOS-H7.3.3.0
2024-11-06 15:00:08,086 [WARN] PackLoader:240 - Cannot read IP mode file for STMicroelectronics.X-CUBE-IPS.3.0.0
2024-11-06 15:00:08,112 [WARN] ConditionMgr:438 - getConditionDescription Invalid condition id : UX DEVICE CLASS RTOS Condition cause : null
2024-11-06 15:00:08,113 [WARN] ConditionMgr:438 - getConditionDescription Invalid condition id : UX DEVICE CLASS RTOS Condition cause : null
2024-11-06 15:00:08,116 [WARN] PackLoader:240 - Cannot read IP mode file for STMicroelectronics.X-CUBE-AZRTOS-WB.2.0.0
2024-11-06 15:00:08,117 [WARN] ConditionMgr:1039 - genDependencies : Invalid condition id : UX DEVICE CLASS RTOS Condition cause : null
2024-11-06 15:00:08,118 [WARN] ConditionMgr:1039 - genDependencies : Invalid condition id : UX DEVICE CLASS RTOS Condition cause : null
2024-11-06 15:00:08,119 [WARN] ConditionMgr:1039 - genDependencies : Invalid condition id : UX DEVICE CLASS RTOS Condition cause : null
2024-11-06 15:00:08,119 [WARN] ConditionMgr:1039 - genDependencies : Invalid condition id : UX DEVICE CLASS RTOS Condition cause : null
2024-11-06 15:00:08,120 [WARN] ConditionMgr:1039 - genDependencies : Invalid condition id : UX DEVICE CLASS RTOS Condition cause : null
2024-11-06 15:00:08,128 [WARN] PackLoader:240 - Cannot read IP mode file for STMicroelectronics.X-CUBE-GNSS1.7.0.0
2024-11-06 15:00:08,139 [WARN] PackLoader:240 - Cannot read IP mode file for STMicroelectronics.FP-SNS-STBOX1.2.0.0
2024-11-06 15:00:08,153 [WARN] PackLoader:240 - Cannot read IP mode file for STMicroelectronics.X-CUBE-SUBG2.5.0.0
2024-11-06 15:00:08,163 [WARN] PackLoader:240 - Cannot read IP mode file for Cesanta.I-CUBE-Mongoose.7.13.0
2024-11-06 15:00:08,186 [WARN] PackLoader:240 - Cannot read IP mode file for STMicroelectronics.X-CUBE-AZRTOS-G4.2.0.0
2024-11-06 15:00:08,193 [WARN] PackLoader:240 - Cannot read IP mode file for STMicroelectronics.X-CUBE-ALS.1.0.2
2024-11-06 15:00:08,200 [WARN] PackLoader:240 - Cannot read IP mode file for STMicroelectronics.X-CUBE-TOUCHGFX.4.24.1
2024-11-06 15:00:08,203 [WARN] PackLoader:240 - Cannot read IP mode file for wolfSSL.I-CUBE-wolfTPM.3.4.0
2024-11-06 15:00:08,209 [WARN] PackLoader:240 - Cannot read IP mode file for portGmbH.I-Cube-SoM-uGOAL.1.1.0
2024-11-06 15:00:08,236 [WARN] PackLoader:240 - Cannot read IP mode file for STMicroelectronics.X-CUBE-AZRTOS-H7RS.1.0.0
2024-11-06 15:00:08,245 [WARN] PackLoader:240 - Cannot read IP mode file for STMicroelectronics.FP-ATR-ASTRA1.2.0.0
2024-11-06 15:00:08,256 [WARN] PackLoader:240 - Cannot read IP mode file for STMicroelectronics.X-CUBE-TOF1.3.4.2
2024-11-06 15:00:08,305 [WARN] PackLoader:240 - Cannot read IP mode file for Infineon.AIROC-Wi-Fi-Bluetooth-STM32.1.6.1
2024-11-06 15:00:08,316 [WARN] PackLoader:240 - Cannot read IP mode file for wolfSSL.I-CUBE-wolfSSH.1.4.17
2024-11-06 15:00:08,317 [INFO] ThirdParty:978 - Integrity check success = true
2024-11-06 15:00:08,317 [INFO] IntegrityCheckThread:100 - exiting critical section [integrity check]
2024-11-06 15:00:08,318 [INFO] IntegrityCheckThread:103 - End integrity checks thread
2024-11-06 15:00:57,139 [ERROR] LogOutputStream:75 - [STDERR_REDIRECT] 
2024-11-06 15:04:52,721 [INFO] Activator:176 - 


2024-11-06 15:04:52,723 [INFO] Activator:177 - !SESSION log4j initialized
2024-11-06 15:04:54,890 [INFO] LogOutputStream:77 - [STDOUT_REDIRECT] 
2024-11-06 15:04:57,039 [INFO] ApplicationProperties:184 - Using Application install path: /home/ante/st/stm32cubeide_1.16.1/plugins/com.st.stm32cube.common.mx_6.12.1.202409122256
2024-11-06 15:04:57,066 [INFO] DbMcusXml:78 - Set database path to: /home/ante/st/stm32cubeide_1.16.1/plugins/com.st.stm32cube.common.mx_6.12.1.202409122256//db//mcu/
2024-11-06 15:04:57,067 [INFO] ApiDb:274 - Set plugin database path to: /home/ante/st/stm32cubeide_1.16.1/plugins/com.st.stm32cube.common.mx_6.12.1.202409122256//db//plugins/boardmanager/
2024-11-06 15:04:57,067 [WARN] ApiDb:259 - Overriding images path with different value:  => /home/ante/st/stm32cubeide_1.16.1/plugins/com.st.stm32cube.common.mx_6.12.1.202409122256//db//plugins/mcufinder/images/
2024-11-06 15:04:57,079 [INFO] ApiDb:250 - Set database path to: /home/ante/.stmcufinder/plugins/mcufinder//mcu/
2024-11-06 15:04:57,081 [INFO] DbMcusAds:125 - Set database path to: /home/ante/.stmcufinder/plugins/mcufinder//mcu/
2024-11-06 15:04:57,086 [INFO] CrossReferenceDbSqlite:203 - Set database path to: /home/ante/.stmcufinder/plugins/mcufinder//mcu/cs/
2024-11-06 15:04:57,270 [INFO] RulesReader:64 - Compatibility file has been processed (297 Rules)
2024-11-06 15:04:57,333 [INFO] DbMcusXml:78 - Set database path to: /home/ante/st/stm32cubeide_1.16.1/plugins/com.st.stm32cube.common.mx_6.12.1.202409122256//db//mcu/
2024-11-06 15:04:57,333 [INFO] ApiDb:274 - Set plugin database path to: /home/ante/st/stm32cubeide_1.16.1/plugins/com.st.stm32cube.common.mx_6.12.1.202409122256//db//plugins/boardmanager/
2024-11-06 15:04:57,334 [INFO] ApiDb:261 - Set plugin images path to: /home/ante/st/stm32cubeide_1.16.1/plugins/com.st.stm32cube.common.mx_6.12.1.202409122256//db//plugins/mcufinder/images/
2024-11-06 15:04:57,334 [WARN] DbFile:41 - Overriding database path with different value: /home/ante/.stmcufinder/plugins/mcufinder/ => /home/ante/.stmcufinder/plugins/mcufinder
2024-11-06 15:04:57,334 [INFO] ApiDb:250 - Set database path to: /home/ante/.stmcufinder/plugins/mcufinder//mcu/
2024-11-06 15:04:57,334 [WARN] DbFile:41 - Overriding database path with different value: /home/ante/.stmcufinder/plugins/mcufinder/ => /home/ante/.stmcufinder/plugins/mcufinder
2024-11-06 15:04:57,334 [INFO] DbMcusAds:125 - Set database path to: /home/ante/.stmcufinder/plugins/mcufinder//mcu/
2024-11-06 15:04:57,334 [WARN] DbFile:41 - Overriding database path with different value: /home/ante/.stmcufinder/plugins/mcufinder/ => /home/ante/.stmcufinder/plugins/mcufinder
2024-11-06 15:04:57,334 [WARN] DbFile:41 - Overriding database path with different value: /home/ante/.stmcufinder/plugins/mcufinder/ => /home/ante/.stmcufinder/plugins/mcufinder
2024-11-06 15:04:57,334 [INFO] CrossReferenceDbSqlite:203 - Set database path to: /home/ante/.stmcufinder/plugins/mcufinder//mcu/cs/
2024-11-06 15:04:57,404 [INFO] MainPanel:268 - HeapMemory: 268435456
2024-11-06 15:04:57,517 [INFO] DbMcusXml:78 - Set database path to: /home/ante/st/stm32cubeide_1.16.1/plugins/com.st.stm32cube.common.mx_6.12.1.202409122256//db//mcu/
2024-11-06 15:04:57,517 [INFO] ApiDb:274 - Set plugin database path to: /home/ante/st/stm32cubeide_1.16.1/plugins/com.st.stm32cube.common.mx_6.12.1.202409122256//db//plugins/boardmanager/
2024-11-06 15:04:57,517 [INFO] ApiDb:261 - Set plugin images path to: /home/ante/st/stm32cubeide_1.16.1/plugins/com.st.stm32cube.common.mx_6.12.1.202409122256//db//plugins/mcufinder/images/
2024-11-06 15:04:57,518 [WARN] DbFile:41 - Overriding database path with different value: /home/ante/.stmcufinder/plugins/mcufinder/ => /home/ante/.stmcufinder/plugins/mcufinder
2024-11-06 15:04:57,518 [INFO] ApiDb:250 - Set database path to: /home/ante/.stmcufinder/plugins/mcufinder//mcu/
2024-11-06 15:04:57,518 [WARN] DbFile:41 - Overriding database path with different value: /home/ante/.stmcufinder/plugins/mcufinder/ => /home/ante/.stmcufinder/plugins/mcufinder
2024-11-06 15:04:57,518 [INFO] DbMcusAds:125 - Set database path to: /home/ante/.stmcufinder/plugins/mcufinder//mcu/
2024-11-06 15:04:57,518 [WARN] DbFile:41 - Overriding database path with different value: /home/ante/.stmcufinder/plugins/mcufinder/ => /home/ante/.stmcufinder/plugins/mcufinder
2024-11-06 15:04:57,518 [WARN] DbFile:41 - Overriding database path with different value: /home/ante/.stmcufinder/plugins/mcufinder/ => /home/ante/.stmcufinder/plugins/mcufinder
2024-11-06 15:04:57,518 [INFO] CrossReferenceDbSqlite:203 - Set database path to: /home/ante/.stmcufinder/plugins/mcufinder//mcu/cs/
2024-11-06 15:04:57,531 [INFO] ApplicationProperties:184 - Using Application install path: /home/ante/st/stm32cubeide_1.16.1/plugins/com.st.stm32cube.common.mx_6.12.1.202409122256
2024-11-06 15:04:57,532 [INFO] PluginManage:196 - Search for loadable plugins [exclusion list=, ]
2024-11-06 15:04:57,534 [INFO] PluginManage:310 - Check plugin analytics
2024-11-06 15:04:57,719 [INFO] AnalyticsPlugin:253 - Accepted Software Licenses: 
2024-11-06 15:04:57,719 [INFO] AnalyticsPlugin:255 - Accepted CMSIS Pack Licenses: 
2024-11-06 15:04:57,720 [INFO] AnalyticsPlugin:257 - Accepted Firmware Licenses: FW.WL.1.3.0
2024-11-06 15:04:57,723 [INFO] PluginManage:359 - Loaded plugin analytics (category:tool,tabindex:-1)
2024-11-06 15:04:57,723 [INFO] PluginManage:310 - Check plugin cadmodel
2024-11-06 15:04:57,728 [INFO] CADModel:105 - Init CAD model plugin
2024-11-06 15:04:57,728 [INFO] PluginManage:359 - Loaded plugin cadmodel (category:power,tabindex:5)
2024-11-06 15:04:57,728 [INFO] PluginManage:310 - Check plugin clock
2024-11-06 15:04:57,738 [INFO] PluginManage:359 - Loaded plugin clock (category:base,tabindex:2)
2024-11-06 15:04:57,738 [INFO] PluginManage:310 - Check plugin ddr
2024-11-06 15:04:57,741 [INFO] PluginManage:359 - Loaded plugin ddr (category:tool,tabindex:6)
2024-11-06 15:04:57,741 [INFO] PluginManage:310 - Check plugin filemanager
2024-11-06 15:04:57,912 [INFO] PluginManage:359 - Loaded plugin filemanager (category:base,tabindex:10)
2024-11-06 15:04:57,912 [INFO] PluginManage:310 - Check plugin ipmanager
2024-11-06 15:04:57,917 [INFO] PluginManage:359 - Loaded plugin ipmanager (category:base,tabindex:5)
2024-11-06 15:04:57,918 [INFO] PluginManage:310 - Check plugin lpbam
2024-11-06 15:04:57,927 [INFO] PluginManage:359 - Loaded plugin lpbam (category:base,tabindex:0)
2024-11-06 15:04:57,927 [INFO] PluginManage:310 - Check plugin memorymap
2024-11-06 15:04:57,939 [INFO] PluginManage:359 - Loaded plugin memorymap (category:base,tabindex:4)
2024-11-06 15:04:57,939 [INFO] PluginManage:310 - Check plugin pinoutandconfiguration
2024-11-06 15:04:57,947 [INFO] PluginManage:359 - Loaded plugin pinoutandconfiguration (category:base,tabindex:1)
2024-11-06 15:04:57,947 [INFO] PluginManage:310 - Check plugin pinoutconfig
2024-11-06 15:04:58,039 [WARN] SupportedApi:132 - Cannot load RTOS API schema: s4s-elt-must-match.1: The content of 'definitions' must match (annotation?, (simpleType | complexType)?, (unique | key | keyref)*)). A problem was found starting at: attribute.
2024-11-06 15:04:58,243 [INFO] PluginManage:359 - Loaded plugin pinoutconfig (category:base,tabindex:0)
2024-11-06 15:04:58,243 [INFO] PluginManage:310 - Check plugin power
2024-11-06 15:04:58,264 [INFO] PluginManage:359 - Loaded plugin power (category:power,tabindex:4)
2024-11-06 15:04:58,264 [INFO] PluginManage:310 - Check plugin projectmanager
2024-11-06 15:04:58,296 [INFO] PluginManage:359 - Loaded plugin projectmanager (category:projectmanager,tabindex:4)
2024-11-06 15:04:58,297 [INFO] PluginManage:310 - Check plugin rif
2024-11-06 15:04:58,306 [INFO] PluginManage:359 - Loaded plugin rif (category:base,tabindex:3)
2024-11-06 15:04:58,306 [INFO] PluginManage:310 - Check plugin thirdparty
2024-11-06 15:04:58,444 [INFO] PluginManage:359 - Loaded plugin thirdparty (category:base,tabindex:-1)
2024-11-06 15:04:58,443 [WARN] IntegrityCheckThread:84 - waiting for thirdparty lock release [integrity check]
2024-11-06 15:04:58,444 [INFO] IntegrityCheckThread:86 - entering critical section [integrity check]
2024-11-06 15:04:58,444 [INFO] PluginManage:310 - Check plugin tools
2024-11-06 15:04:58,445 [INFO] ThirdPartyUpdaterWithRetryManager:70 - Updater plugin not ready yet. [1/15]
2024-11-06 15:04:58,447 [INFO] PluginManage:359 - Loaded plugin tools (category:base,tabindex:7)
2024-11-06 15:04:58,447 [INFO] PluginManage:310 - Check plugin tutovideos
2024-11-06 15:04:58,629 [INFO] PluginManage:359 - Loaded plugin tutovideos (category:base,tabindex:-1)
2024-11-06 15:04:58,630 [INFO] PluginManage:310 - Check plugin updater
2024-11-06 15:04:58,651 [INFO] PluginManage:359 - Loaded plugin updater (category:base,tabindex:12)
2024-11-06 15:04:58,651 [INFO] PluginManage:310 - Check plugin userauth
2024-11-06 15:04:58,659 [INFO] UserAuth:113 - Init User Auth plugin
2024-11-06 15:04:58,659 [INFO] PluginManage:359 - Loaded plugin userauth (category:base,tabindex:14)
2024-11-06 15:04:58,660 [INFO] PluginManage:283 - PluginManage : Loaded plugins [18]
2024-11-06 15:04:58,855 [INFO] PinOutPanel:1561 - setPackage(No Configuration,No Configuration)
2024-11-06 15:04:58,918 [INFO] CADModel:165 - CPN selected for project level
2024-11-06 15:04:58,918 [INFO] CADModel:114 - Register for checkConnection events
2024-11-06 15:04:58,926 [INFO] IPUIPlugin:80 - create IPUIPlugin
2024-11-06 15:04:58,926 [INFO] PluginManager:220 - loadIPPluginJar : add genericplugin
2024-11-06 15:04:58,927 [INFO] IPUIPlugin:80 - create IPUIPlugin
2024-11-06 15:04:58,927 [INFO] PluginManager:220 - loadIPPluginJar : add ltdc
2024-11-06 15:04:58,932 [INFO] IPUIPlugin:80 - create IPUIPlugin
2024-11-06 15:04:58,932 [INFO] PluginManager:220 - loadIPPluginJar : add i2c
2024-11-06 15:04:58,933 [INFO] IPUIPlugin:80 - create IPUIPlugin
2024-11-06 15:04:58,933 [INFO] PluginManager:220 - loadIPPluginJar : add ucpd
2024-11-06 15:04:58,936 [INFO] IPUIPlugin:80 - create IPUIPlugin
2024-11-06 15:04:58,936 [INFO] PluginManager:220 - loadIPPluginJar : add sai
2024-11-06 15:04:58,938 [INFO] IPUIPlugin:80 - create IPUIPlugin
2024-11-06 15:04:58,938 [INFO] PluginManager:220 - loadIPPluginJar : add pdm2pcm
2024-11-06 15:04:58,939 [INFO] IPUIPlugin:80 - create IPUIPlugin
2024-11-06 15:04:58,940 [INFO] PluginManager:220 - loadIPPluginJar : add radio
2024-11-06 15:04:58,945 [INFO] IPUIPlugin:80 - create IPUIPlugin
2024-11-06 15:04:58,947 [INFO] PluginManager:220 - loadIPPluginJar : add plateformsettings
2024-11-06 15:04:58,954 [INFO] IPUIPlugin:80 - create IPUIPlugin
2024-11-06 15:04:58,954 [INFO] PluginManager:220 - loadIPPluginJar : add adc
2024-11-06 15:04:58,959 [INFO] IPUIPlugin:80 - create IPUIPlugin
2024-11-06 15:04:58,959 [INFO] PluginManager:220 - loadIPPluginJar : add mdma
2024-11-06 15:04:58,962 [INFO] IPUIPlugin:80 - create IPUIPlugin
2024-11-06 15:04:58,963 [INFO] PluginManager:220 - loadIPPluginJar : add nvic
2024-11-06 15:04:58,964 [INFO] IPUIPlugin:80 - create IPUIPlugin
2024-11-06 15:04:58,964 [INFO] PluginManager:220 - loadIPPluginJar : add comp
2024-11-06 15:04:58,966 [INFO] IPUIPlugin:80 - create IPUIPlugin
2024-11-06 15:04:58,966 [INFO] PluginManager:220 - loadIPPluginJar : add spi
2024-11-06 15:04:58,967 [INFO] IPUIPlugin:80 - create IPUIPlugin
2024-11-06 15:04:58,967 [INFO] PluginManager:220 - loadIPPluginJar : add hash
2024-11-06 15:04:58,971 [INFO] IPUIPlugin:80 - create IPUIPlugin
2024-11-06 15:04:58,971 [INFO] PluginManager:220 - loadIPPluginJar : add resmgrutility
2024-11-06 15:04:58,972 [INFO] IPUIPlugin:80 - create IPUIPlugin
2024-11-06 15:04:58,972 [INFO] PluginManager:220 - loadIPPluginJar : add gfxmmu
2024-11-06 15:04:58,974 [INFO] IPUIPlugin:80 - create IPUIPlugin
2024-11-06 15:04:58,974 [INFO] PluginManager:220 - loadIPPluginJar : add gtzc
2024-11-06 15:04:58,978 [INFO] IPUIPlugin:80 - create IPUIPlugin
2024-11-06 15:04:58,978 [INFO] PluginManager:220 - loadIPPluginJar : add gpio
2024-11-06 15:04:58,980 [INFO] IPUIPlugin:80 - create IPUIPlugin
2024-11-06 15:04:58,980 [INFO] PluginManager:220 - loadIPPluginJar : add lorawan
2024-11-06 15:04:58,981 [INFO] IPUIPlugin:80 - create IPUIPlugin
2024-11-06 15:04:58,981 [INFO] PluginManager:220 - loadIPPluginJar : add quadspi
2024-11-06 15:04:58,983 [INFO] IPUIPlugin:80 - create IPUIPlugin
2024-11-06 15:04:58,983 [INFO] PluginManager:220 - loadIPPluginJar : add can
2024-11-06 15:04:58,985 [INFO] IPUIPlugin:80 - create IPUIPlugin
2024-11-06 15:04:58,985 [INFO] PluginManager:220 - loadIPPluginJar : add aes
2024-11-06 15:04:58,987 [INFO] IPUIPlugin:80 - create IPUIPlugin
2024-11-06 15:04:58,987 [INFO] PluginManager:220 - loadIPPluginJar : add i3c
2024-11-06 15:04:58,989 [INFO] IPUIPlugin:80 - create IPUIPlugin
2024-11-06 15:04:58,990 [INFO] PluginManager:220 - loadIPPluginJar : add touchsensing
2024-11-06 15:04:58,992 [INFO] IPUIPlugin:80 - create IPUIPlugin
2024-11-06 15:04:58,993 [INFO] PluginManager:220 - loadIPPluginJar : add ddr_ctrl_phy
2024-11-06 15:04:58,994 [INFO] IPUIPlugin:80 - create IPUIPlugin
2024-11-06 15:04:58,994 [INFO] PluginManager:220 - loadIPPluginJar : add ts
2024-11-06 15:04:59,000 [INFO] IPUIPlugin:80 - create IPUIPlugin
2024-11-06 15:04:59,000 [INFO] PluginManager:220 - loadIPPluginJar : add freertos
2024-11-06 15:04:59,003 [INFO] IPUIPlugin:80 - create IPUIPlugin
2024-11-06 15:04:59,003 [INFO] PluginManager:220 - loadIPPluginJar : add ipddr
2024-11-06 15:04:59,005 [INFO] IPUIPlugin:80 - create IPUIPlugin
2024-11-06 15:04:59,006 [INFO] PluginManager:220 - loadIPPluginJar : add dfsdm
2024-11-06 15:04:59,009 [INFO] IPUIPlugin:80 - create IPUIPlugin
2024-11-06 15:04:59,009 [INFO] PluginManager:220 - loadIPPluginJar : add extmemmanager
2024-11-06 15:04:59,011 [INFO] IPUIPlugin:80 - create IPUIPlugin
2024-11-06 15:04:59,011 [INFO] PluginManager:220 - loadIPPluginJar : add cryp
2024-11-06 15:04:59,016 [INFO] IPUIPlugin:80 - create IPUIPlugin
2024-11-06 15:04:59,016 [INFO] PluginManager:220 - loadIPPluginJar : add gic
2024-11-06 15:04:59,019 [INFO] IPUIPlugin:80 - create IPUIPlugin
2024-11-06 15:04:59,019 [INFO] PluginManager:220 - loadIPPluginJar : add usbx
2024-11-06 15:04:59,021 [INFO] IPUIPlugin:80 - create IPUIPlugin
2024-11-06 15:04:59,022 [INFO] PluginManager:220 - loadIPPluginJar : add openamp
2024-11-06 15:04:59,023 [INFO] IPUIPlugin:80 - create IPUIPlugin
2024-11-06 15:04:59,024 [INFO] PluginManager:220 - loadIPPluginJar : add tracer_emb
2024-11-06 15:04:59,026 [INFO] IPUIPlugin:80 - create IPUIPlugin
2024-11-06 15:04:59,026 [INFO] PluginManager:220 - loadIPPluginJar : add usart
2024-11-06 15:04:59,028 [INFO] IPUIPlugin:80 - create IPUIPlugin
2024-11-06 15:04:59,028 [INFO] PluginManager:220 - loadIPPluginJar : add fatfs
2024-11-06 15:04:59,031 [INFO] IPUIPlugin:80 - create IPUIPlugin
2024-11-06 15:04:59,031 [INFO] PluginManager:220 - loadIPPluginJar : add opamp
2024-11-06 15:04:59,036 [INFO] IPUIPlugin:80 - create IPUIPlugin
2024-11-06 15:04:59,036 [INFO] PluginManager:220 - loadIPPluginJar : add stm32_wpan
2024-11-06 15:04:59,041 [INFO] IPUIPlugin:80 - create IPUIPlugin
2024-11-06 15:04:59,041 [INFO] PluginManager:220 - loadIPPluginJar : add fmc
2024-11-06 15:04:59,050 [INFO] IPUIPlugin:80 - create IPUIPlugin
2024-11-06 15:04:59,051 [INFO] PluginManager:220 - loadIPPluginJar : add linkedlist
2024-11-06 15:04:59,052 [INFO] IPUIPlugin:80 - create IPUIPlugin
2024-11-06 15:04:59,052 [INFO] PluginManager:220 - loadIPPluginJar : add tim
2024-11-06 15:04:59,054 [INFO] IPUIPlugin:80 - create IPUIPlugin
2024-11-06 15:04:59,054 [INFO] PluginManager:220 - loadIPPluginJar : add tsc
2024-11-06 15:04:59,061 [INFO] IPUIPlugin:80 - create IPUIPlugin
2024-11-06 15:04:59,061 [INFO] PluginManager:220 - loadIPPluginJar : add dma
2024-11-06 15:04:59,064 [INFO] IPUIPlugin:80 - create IPUIPlugin
2024-11-06 15:04:59,064 [INFO] PluginManager:220 - loadIPPluginJar : add i2s
2024-11-06 15:04:59,067 [INFO] IPUIPlugin:80 - create IPUIPlugin
2024-11-06 15:04:59,067 [INFO] PluginManager:220 - loadIPPluginJar : add dma3
2024-11-06 15:04:59,173 [INFO] CADModel:165 - CPN selected for project level
2024-11-06 15:04:59,173 [INFO] CADModel:114 - Register for checkConnection events
2024-11-06 15:04:59,173 [FATAL] Updater:334 - Updater called before beeing initialized
2024-11-06 15:04:59,173 [ERROR] CADModel:125 - Updater not yet initialized, retry later 
2024-11-06 15:04:59,314 [INFO] CADModel:165 - CPN selected for project level
2024-11-06 15:04:59,315 [INFO] CADModel:114 - Register for checkConnection events
2024-11-06 15:04:59,315 [FATAL] Updater:334 - Updater called before beeing initialized
2024-11-06 15:04:59,315 [ERROR] CADModel:125 - Updater not yet initialized, retry later 
2024-11-06 15:04:59,319 [FATAL] Updater:334 - Updater called before beeing initialized
2024-11-06 15:04:59,433 [FATAL] Updater:334 - Updater called before beeing initialized
2024-11-06 15:04:59,438 [INFO] DbMcusAds:53 - JSON generation date=Fri Sep 20 15:04:23 CEST 2024 (1726837463113)
2024-11-06 15:04:59,438 [FATAL] Updater:334 - Updater called before beeing initialized
2024-11-06 15:04:59,484 [WARN] DetailPanel:346 - Failed to get advertising image, set to default
2024-11-06 15:04:59,569 [FATAL] Updater:334 - Updater called before beeing initialized
2024-11-06 15:04:59,570 [FATAL] Updater:334 - Updater called before beeing initialized
2024-11-06 15:04:59,570 [FATAL] Updater:334 - Updater called before beeing initialized
2024-11-06 15:04:59,570 [WARN] DetailPanel:346 - Failed to get advertising image, set to default
2024-11-06 15:04:59,572 [FATAL] Updater:334 - Updater called before beeing initialized
2024-11-06 15:04:59,605 [ERROR] Updater:1164 - MainUpdater not yet initialized. External WinMGr cannot be set.
2024-11-06 15:04:59,607 [INFO] Updater:1100 - Updater Version found : 6.12.1
2024-11-06 15:04:59,634 [INFO] ApplicationProperties:184 - Using Application install path: /home/ante/st/stm32cubeide_1.16.1/plugins/com.st.stm32cube.common.mx_6.12.1.202409122256
2024-11-06 15:05:00,019 [INFO] MainUpdater:2873 - connection check result : 10
2024-11-06 15:05:00,020 [INFO] MainUpdater:290 - Updater Check For Update Now.
2024-11-06 15:05:00,020 [INFO] MicroXplorer:498 - Change Database Version : DB.6.0.121
2024-11-06 15:05:00,027 [INFO] McuFinderGlobals:63 - Set McuFinder mode to 2 (CubeIDE integrated)
2024-11-06 15:05:00,027 [INFO] UserAuth:179 - activating auth plugin
2024-11-06 15:05:00,031 [INFO] UserAuth:417 - Internet connection configuration mode: 1
2024-11-06 15:05:00,052 [INFO] JxBrowserEngine:152 - Initiate JxBrowser Engine with user profile folder
2024-11-06 15:05:00,213 [INFO] CheckServerUpdateThread:120 - End of CheckServer Thread
2024-11-06 15:05:00,892 [INFO] WebApp:167 - Instantiating new browser for Auth
2024-11-06 15:05:01,663 [WARN] PackLoader:240 - Cannot read IP mode file for STMicroelectronics.FP-SNS-MOTENVWB1.1.4.0
2024-11-06 15:05:01,678 [WARN] PackLoader:240 - Cannot read IP mode file for STMicroelectronics.X-CUBE-SMBUS.2.1.0
2024-11-06 15:05:01,684 [INFO] WebApp:448 - Apply proxy settings
2024-11-06 15:05:01,684 [INFO] WebApp:533 - Chromium requires no authentication
2024-11-06 15:05:01,691 [WARN] PackLoader:240 - Cannot read IP mode file for STMicroelectronics.X-CUBE-WB05N.1.1.0
2024-11-06 15:05:01,697 [INFO] WebApp:476 - Direct internet connection detected
2024-11-06 15:05:01,734 [INFO] WebApp:869 - Register for checkConnection events
2024-11-06 15:05:01,734 [INFO] WebApp:448 - Apply proxy settings
2024-11-06 15:05:01,735 [INFO] WebApp:533 - Chromium requires no authentication
2024-11-06 15:05:01,736 [INFO] WebApp:476 - Direct internet connection detected
2024-11-06 15:05:01,745 [WARN] PackLoader:240 - Cannot read IP mode file for STMicroelectronics.X-CUBE-AZRTOS-F7.1.1.0
2024-11-06 15:05:01,891 [WARN] PackLoader:240 - Cannot read IP mode file for STMicroelectronics.X-CUBE-MEMS1.11.0.0
2024-11-06 15:05:02,013 [INFO] WebApp:220 - Starting web application
2024-11-06 15:05:02,013 [INFO] WebApp:578 - Web application path used /home/ante/st/stm32cubeide_1.16.1/plugins/com.st.stm32cube.common.mx_6.12.1.202409122256/db/plugins/mcufinder/reactClient1/index.html
2024-11-06 15:05:02,212 [WARN] PackLoader:240 - Cannot read IP mode file for STMicroelectronics.FP-SNS-FLIGHT1.5.0.2
2024-11-06 15:05:02,226 [WARN] PackLoader:240 - Cannot read IP mode file for STMicroelectronics.X-CUBE-DISPLAY.3.0.0
2024-11-06 15:05:02,242 [WARN] PackLoader:240 - Cannot read IP mode file for STMicroelectronics.X-CUBE-BLE1.7.0.0
2024-11-06 15:05:02,262 [WARN] PackLoader:240 - Cannot read IP mode file for STMicroelectronics.X-CUBE-NFC10.1.0.0
2024-11-06 15:05:02,278 [WARN] PackLoader:240 - Cannot read IP mode file for emotas.I-CUBE-CANOPEN.1.3.0
2024-11-06 15:05:02,296 [WARN] PackLoader:240 - Cannot read IP mode file for STMicroelectronics.X-CUBE-BLEMGR.3.1.0
2024-11-06 15:05:02,308 [WARN] PackLoader:240 - Cannot read IP mode file for STMicroelectronics.FP-SNS-SMARTAG2.1.2.0
2024-11-06 15:05:02,340 [INFO] LogOutputStream:77 - [STDOUT_REDIRECT] 1 : Invalid condition id : UX_CORESTACK_Condition cause : null
2024-11-06 15:05:02,341 [INFO] LogOutputStream:77 - [STDOUT_REDIRECT] 1 : Invalid condition id : UX_CORESTACK_Condition cause : null
2024-11-06 15:05:02,341 [INFO] LogOutputStream:77 - [STDOUT_REDIRECT] 1 : Invalid condition id : UX_CORESTACK_Condition cause : null
2024-11-06 15:05:02,342 [INFO] LogOutputStream:77 - [STDOUT_REDIRECT] 1 : Invalid condition id : UX_CORESTACK_Condition cause : null
2024-11-06 15:05:02,342 [INFO] LogOutputStream:77 - [STDOUT_REDIRECT] 1 : Invalid condition id : UX_CORESTACK_Condition cause : null
2024-11-06 15:05:02,369 [WARN] PackLoader:240 - Cannot read IP mode file for STMicroelectronics.X-CUBE-AZRTOS-WL.2.0.0
2024-11-06 15:05:02,385 [WARN] PackLoader:240 - Cannot read IP mode file for STMicroelectronics.FP-SNS-MOTENV1.5.0.0
2024-11-06 15:05:02,399 [WARN] PackLoader:240 - Cannot read IP mode file for wolfSSL.I-CUBE-wolfMQTT.1.19.0
2024-11-06 15:05:02,417 [WARN] PackLoader:240 - Cannot read IP mode file for WES.I-CUBE-Cesium.1.3.0
2024-11-06 15:05:02,421 [INFO] WebApp:186 - Connection restablished
2024-11-06 15:05:02,425 [WARN] PackLoader:240 - Cannot read IP mode file for STMicroelectronics.X-CUBE-BLE2.3.3.0
2024-11-06 15:05:02,441 [WARN] PackLoader:240 - Cannot read IP mode file for STMicroelectronics.X-CUBE-NFC9.1.0.0
2024-11-06 15:05:02,495 [WARN] PackLoader:240 - Cannot read IP mode file for STMicroelectronics.X-CUBE-TCPP.4.1.0
2024-11-06 15:05:02,532 [WARN] PackLoader:240 - Cannot read IP mode file for STMicroelectronics.X-CUBE-AZRTOS-G0.1.1.0
2024-11-06 15:05:02,545 [WARN] PackLoader:240 - Cannot read IP mode file for STMicroelectronics.X-CUBE-SAFEA1.1.2.2
2024-11-06 15:05:02,554 [WARN] PackLoader:240 - Cannot read IP mode file for STMicroelectronics.X-CUBE-NFC4.3.0.0
2024-11-06 15:05:02,571 [WARN] PackLoader:240 - Cannot read IP mode file for EmbeddedOffice.I-CUBE-FS-RTOS.1.0.1
2024-11-06 15:05:02,572 [ERROR] ConditionMgr:805 - Attr not supported : Dmpu
2024-11-06 15:05:02,572 [ERROR] ConditionMgr:805 - Attr not supported : Dmpu
2024-11-06 15:05:02,572 [ERROR] ConditionMgr:805 - Attr not supported : Dmpu
2024-11-06 15:05:02,572 [ERROR] ConditionMgr:805 - Attr not supported : Dmpu
2024-11-06 15:05:02,573 [ERROR] ConditionMgr:805 - Attr not supported : Dmpu
2024-11-06 15:05:02,573 [ERROR] ConditionMgr:805 - Attr not supported : Dmpu
2024-11-06 15:05:02,573 [ERROR] ConditionMgr:805 - Attr not supported : Dmpu
2024-11-06 15:05:02,573 [ERROR] ConditionMgr:805 - Attr not supported : Dmpu
2024-11-06 15:05:02,573 [ERROR] ConditionMgr:805 - Attr not supported : Dmpu
2024-11-06 15:05:02,573 [ERROR] ConditionMgr:805 - Attr not supported : Dmpu
2024-11-06 15:05:02,573 [ERROR] ConditionMgr:805 - Attr not supported : Dmpu
2024-11-06 15:05:02,574 [ERROR] ConditionMgr:805 - Attr not supported : Dmpu
2024-11-06 15:05:02,574 [ERROR] ConditionMgr:805 - Attr not supported : Dmpu
2024-11-06 15:05:02,574 [ERROR] ConditionMgr:805 - Attr not supported : Dmpu
2024-11-06 15:05:02,574 [ERROR] ConditionMgr:805 - Attr not supported : Dmpu
2024-11-06 15:05:02,574 [ERROR] ConditionMgr:805 - Attr not supported : Dmpu
2024-11-06 15:05:02,574 [ERROR] ConditionMgr:805 - Attr not supported : Dmpu
2024-11-06 15:05:02,575 [ERROR] ConditionMgr:805 - Attr not supported : Dmpu
2024-11-06 15:05:02,575 [ERROR] ConditionMgr:805 - Attr not supported : Dmpu
2024-11-06 15:05:02,575 [ERROR] ConditionMgr:805 - Attr not supported : Dmpu
2024-11-06 15:05:02,575 [ERROR] ConditionMgr:805 - Attr not supported : Dmpu
2024-11-06 15:05:02,575 [ERROR] ConditionMgr:805 - Attr not supported : Dmpu
2024-11-06 15:05:02,575 [ERROR] ConditionMgr:805 - Attr not supported : Dmpu
2024-11-06 15:05:02,576 [ERROR] ConditionMgr:805 - Attr not supported : Dmpu
2024-11-06 15:05:02,576 [ERROR] ConditionMgr:805 - Attr not supported : Dmpu
2024-11-06 15:05:02,576 [ERROR] ConditionMgr:805 - Attr not supported : Dmpu
2024-11-06 15:05:02,576 [ERROR] ConditionMgr:805 - Attr not supported : Dmpu
2024-11-06 15:05:02,576 [ERROR] ConditionMgr:805 - Attr not supported : Dmpu
2024-11-06 15:05:02,576 [ERROR] ConditionMgr:805 - Attr not supported : Dmpu
2024-11-06 15:05:02,576 [ERROR] ConditionMgr:805 - Attr not supported : Dmpu
2024-11-06 15:05:02,576 [ERROR] ConditionMgr:805 - Attr not supported : Dmpu
2024-11-06 15:05:02,576 [ERROR] ConditionMgr:805 - Attr not supported : Dmpu
2024-11-06 15:05:02,577 [ERROR] ConditionMgr:805 - Attr not supported : Dmpu
2024-11-06 15:05:02,577 [ERROR] ConditionMgr:805 - Attr not supported : Dmpu
2024-11-06 15:05:02,577 [ERROR] ConditionMgr:805 - Attr not supported : Dmpu
2024-11-06 15:05:02,577 [ERROR] ConditionMgr:805 - Attr not supported : Dmpu
2024-11-06 15:05:02,577 [ERROR] ConditionMgr:805 - Attr not supported : Dmpu
2024-11-06 15:05:02,577 [ERROR] ConditionMgr:805 - Attr not supported : Dmpu
2024-11-06 15:05:02,578 [ERROR] ConditionMgr:805 - Attr not supported : Dmpu
2024-11-06 15:05:02,578 [ERROR] ConditionMgr:805 - Attr not supported : Dmpu
2024-11-06 15:05:02,578 [ERROR] ConditionMgr:805 - Attr not supported : Dmpu
2024-11-06 15:05:02,578 [ERROR] ConditionMgr:805 - Attr not supported : Dmpu
2024-11-06 15:05:02,578 [ERROR] ConditionMgr:805 - Attr not supported : Dmpu
2024-11-06 15:05:02,578 [ERROR] ConditionMgr:805 - Attr not supported : Dmpu
2024-11-06 15:05:02,579 [ERROR] ConditionMgr:805 - Attr not supported : Dmpu
2024-11-06 15:05:02,579 [ERROR] ConditionMgr:805 - Attr not supported : Dmpu
2024-11-06 15:05:02,579 [ERROR] ConditionMgr:805 - Attr not supported : Dmpu
2024-11-06 15:05:02,579 [ERROR] ConditionMgr:805 - Attr not supported : Dmpu
2024-11-06 15:05:02,579 [ERROR] ConditionMgr:805 - Attr not supported : Dmpu
2024-11-06 15:05:02,580 [ERROR] ConditionMgr:805 - Attr not supported : Dmpu
2024-11-06 15:05:02,580 [ERROR] ConditionMgr:805 - Attr not supported : Dmpu
2024-11-06 15:05:02,580 [ERROR] ConditionMgr:805 - Attr not supported : Dmpu
2024-11-06 15:05:02,580 [ERROR] ConditionMgr:805 - Attr not supported : Dmpu
2024-11-06 15:05:02,581 [ERROR] ConditionMgr:805 - Attr not supported : Dmpu
2024-11-06 15:05:02,581 [ERROR] ConditionMgr:805 - Attr not supported : Dmpu
2024-11-06 15:05:02,581 [ERROR] ConditionMgr:805 - Attr not supported : Dmpu
2024-11-06 15:05:02,581 [ERROR] ConditionMgr:805 - Attr not supported : Dmpu
2024-11-06 15:05:02,581 [ERROR] ConditionMgr:805 - Attr not supported : Dmpu
2024-11-06 15:05:02,582 [ERROR] ConditionMgr:805 - Attr not supported : Dmpu
2024-11-06 15:05:02,582 [ERROR] ConditionMgr:805 - Attr not supported : Dmpu
2024-11-06 15:05:02,582 [ERROR] ConditionMgr:805 - Attr not supported : Dmpu
2024-11-06 15:05:02,582 [ERROR] ConditionMgr:805 - Attr not supported : Dmpu
2024-11-06 15:05:02,582 [ERROR] ConditionMgr:805 - Attr not supported : Dmpu
2024-11-06 15:05:02,582 [ERROR] ConditionMgr:805 - Attr not supported : Dmpu
2024-11-06 15:05:02,589 [WARN] PackLoader:240 - Cannot read IP mode file for RealThread.X-CUBE-RT-Thread_Nano.4.1.1
2024-11-06 15:05:02,598 [WARN] PackLoader:240 - Cannot read IP mode file for STMicroelectronics.FP-ATR-SIGFOX1.3.2.0
2024-11-06 15:05:02,604 [WARN] PackLoader:240 - Cannot read IP mode file for wolfSSL.I-CUBE-wolfSSL.5.7.2
2024-11-06 15:05:02,616 [WARN] PackLoader:240 - Cannot read IP mode file for STMicroelectronics.X-CUBE-EEPRMA1.5.1.0
2024-11-06 15:05:02,627 [WARN] PackLoader:240 - Cannot read IP mode file for ITTIA_DB.I-CUBE-ITTIADB.8.9.0
2024-11-06 15:05:02,688 [WARN] PackLoader:240 - Cannot read IP mode file for SEGGER.I-CUBE-embOS.1.3.1
2024-11-06 15:05:02,795 [WARN] PackLoader:240 - Cannot read IP mode file for STMicroelectronics.X-CUBE-ALGOBUILD.1.4.0
2024-11-06 15:05:02,800 [WARN] PackLoader:240 - Cannot read IP mode file for STMicroelectronics.X-CUBE-AI.9.1.0
2024-11-06 15:05:02,829 [WARN] PackLoader:240 - Cannot read IP mode file for STMicroelectronics.X-CUBE-AZRTOS-F4.1.1.0
2024-11-06 15:05:02,839 [WARN] PackLoader:240 - Cannot read IP mode file for STMicroelectronics.X-CUBE-ISPU.2.1.0
2024-11-06 15:05:02,847 [WARN] PackLoader:240 - Cannot read IP mode file for STMicroelectronics.X-CUBE-FREERTOS.1.2.0
2024-11-06 15:05:02,883 [WARN] PackLoader:240 - Cannot read IP mode file for STMicroelectronics.X-CUBE-AZRTOS-L5.2.0.0
2024-11-06 15:05:02,895 [WARN] PackLoader:240 - Cannot read IP mode file for STMicroelectronics.X-CUBE-NFC6.3.1.0
2024-11-06 15:05:02,903 [WARN] PackLoader:240 - Cannot read IP mode file for STMicroelectronics.X-CUBE-DPower.1.2.0
2024-11-06 15:05:02,907 [WARN] PackLoader:240 - Cannot read IP mode file for STMicroelectronics.X-CUBE-AI.9.0.0
2024-11-06 15:05:02,913 [WARN] PackLoader:240 - Cannot read IP mode file for STMicroelectronics.X-CUBE-NFC7.1.0.1
2024-11-06 15:05:02,947 [WARN] ConditionMgr:438 - getConditionDescription Invalid condition id : LAN8742 Phy interface Condition cause : null
2024-11-06 15:05:02,948 [WARN] PackLoader:240 - Cannot read IP mode file for STMicroelectronics.X-CUBE-AZRTOS-L4.2.0.0
2024-11-06 15:05:02,950 [WARN] ConditionMgr:1039 - genDependencies : Invalid condition id : LAN8742 Phy interface Condition cause : null
2024-11-06 15:05:02,951 [WARN] ConditionMgr:1039 - genDependencies : Invalid condition id : LAN8742 Phy interface Condition cause : null
2024-11-06 15:05:02,952 [WARN] ConditionMgr:1039 - genDependencies : Invalid condition id : LAN8742 Phy interface Condition cause : null
2024-11-06 15:05:02,964 [WARN] PackLoader:240 - Cannot read IP mode file for STMicroelectronics.X-CUBE-SFXS2LP1.4.0.0
2024-11-06 15:05:03,007 [WARN] PackLoader:240 - Cannot read IP mode file for STMicroelectronics.X-CUBE-AZRTOS-H7.3.3.0
2024-11-06 15:05:03,033 [WARN] PackLoader:240 - Cannot read IP mode file for STMicroelectronics.X-CUBE-IPS.3.0.0
2024-11-06 15:05:03,066 [WARN] ConditionMgr:438 - getConditionDescription Invalid condition id : UX DEVICE CLASS RTOS Condition cause : null
2024-11-06 15:05:03,066 [WARN] ConditionMgr:438 - getConditionDescription Invalid condition id : UX DEVICE CLASS RTOS Condition cause : null
2024-11-06 15:05:03,070 [WARN] PackLoader:240 - Cannot read IP mode file for STMicroelectronics.X-CUBE-AZRTOS-WB.2.0.0
2024-11-06 15:05:03,071 [WARN] ConditionMgr:1039 - genDependencies : Invalid condition id : UX DEVICE CLASS RTOS Condition cause : null
2024-11-06 15:05:03,072 [WARN] ConditionMgr:1039 - genDependencies : Invalid condition id : UX DEVICE CLASS RTOS Condition cause : null
2024-11-06 15:05:03,072 [WARN] ConditionMgr:1039 - genDependencies : Invalid condition id : UX DEVICE CLASS RTOS Condition cause : null
2024-11-06 15:05:03,073 [WARN] ConditionMgr:1039 - genDependencies : Invalid condition id : UX DEVICE CLASS RTOS Condition cause : null
2024-11-06 15:05:03,073 [WARN] ConditionMgr:1039 - genDependencies : Invalid condition id : UX DEVICE CLASS RTOS Condition cause : null
2024-11-06 15:05:03,082 [WARN] PackLoader:240 - Cannot read IP mode file for STMicroelectronics.X-CUBE-GNSS1.7.0.0
2024-11-06 15:05:03,093 [WARN] PackLoader:240 - Cannot read IP mode file for STMicroelectronics.FP-SNS-STBOX1.2.0.0
2024-11-06 15:05:03,114 [WARN] PackLoader:240 - Cannot read IP mode file for STMicroelectronics.X-CUBE-SUBG2.5.0.0
2024-11-06 15:05:03,129 [WARN] PackLoader:240 - Cannot read IP mode file for Cesanta.I-CUBE-Mongoose.7.13.0
2024-11-06 15:05:03,157 [WARN] PackLoader:240 - Cannot read IP mode file for STMicroelectronics.X-CUBE-AZRTOS-G4.2.0.0
2024-11-06 15:05:03,166 [WARN] PackLoader:240 - Cannot read IP mode file for STMicroelectronics.X-CUBE-ALS.1.0.2
2024-11-06 15:05:03,172 [WARN] PackLoader:240 - Cannot read IP mode file for STMicroelectronics.X-CUBE-TOUCHGFX.4.24.1
2024-11-06 15:05:03,176 [WARN] PackLoader:240 - Cannot read IP mode file for wolfSSL.I-CUBE-wolfTPM.3.4.0
2024-11-06 15:05:03,183 [WARN] PackLoader:240 - Cannot read IP mode file for portGmbH.I-Cube-SoM-uGOAL.1.1.0
2024-11-06 15:05:03,215 [WARN] PackLoader:240 - Cannot read IP mode file for STMicroelectronics.X-CUBE-AZRTOS-H7RS.1.0.0
2024-11-06 15:05:03,229 [WARN] PackLoader:240 - Cannot read IP mode file for STMicroelectronics.FP-ATR-ASTRA1.2.0.0
2024-11-06 15:05:03,247 [WARN] PackLoader:240 - Cannot read IP mode file for STMicroelectronics.X-CUBE-TOF1.3.4.2
2024-11-06 15:05:03,314 [WARN] PackLoader:240 - Cannot read IP mode file for Infineon.AIROC-Wi-Fi-Bluetooth-STM32.1.6.1
2024-11-06 15:05:03,331 [WARN] PackLoader:240 - Cannot read IP mode file for wolfSSL.I-CUBE-wolfSSH.1.4.17
2024-11-06 15:05:03,332 [INFO] ThirdParty:978 - Integrity check success = true
2024-11-06 15:05:03,348 [INFO] IntegrityCheckThread:100 - exiting critical section [integrity check]
2024-11-06 15:05:03,348 [INFO] IntegrityCheckThread:103 - End integrity checks thread
2024-11-06 15:07:56,516 [INFO] Activator:176 - 


2024-11-06 15:07:56,518 [INFO] Activator:177 - !SESSION log4j initialized
2024-11-06 15:07:58,769 [INFO] LogOutputStream:77 - [STDOUT_REDIRECT] 
2024-11-06 15:08:01,004 [INFO] ApplicationProperties:184 - Using Application install path: /home/ante/st/stm32cubeide_1.16.1/plugins/com.st.stm32cube.common.mx_6.12.1.202409122256
2024-11-06 15:08:01,027 [INFO] DbMcusXml:78 - Set database path to: /home/ante/st/stm32cubeide_1.16.1/plugins/com.st.stm32cube.common.mx_6.12.1.202409122256//db//mcu/
2024-11-06 15:08:01,027 [INFO] ApiDb:274 - Set plugin database path to: /home/ante/st/stm32cubeide_1.16.1/plugins/com.st.stm32cube.common.mx_6.12.1.202409122256//db//plugins/boardmanager/
2024-11-06 15:08:01,028 [WARN] ApiDb:259 - Overriding images path with different value:  => /home/ante/st/stm32cubeide_1.16.1/plugins/com.st.stm32cube.common.mx_6.12.1.202409122256//db//plugins/mcufinder/images/
2024-11-06 15:08:01,035 [INFO] ApiDb:250 - Set database path to: /home/ante/.stmcufinder/plugins/mcufinder//mcu/
2024-11-06 15:08:01,037 [INFO] DbMcusAds:125 - Set database path to: /home/ante/.stmcufinder/plugins/mcufinder//mcu/
2024-11-06 15:08:01,041 [INFO] CrossReferenceDbSqlite:203 - Set database path to: /home/ante/.stmcufinder/plugins/mcufinder//mcu/cs/
2024-11-06 15:08:01,193 [INFO] RulesReader:64 - Compatibility file has been processed (297 Rules)
2024-11-06 15:08:01,269 [INFO] DbMcusXml:78 - Set database path to: /home/ante/st/stm32cubeide_1.16.1/plugins/com.st.stm32cube.common.mx_6.12.1.202409122256//db//mcu/
2024-11-06 15:08:01,269 [INFO] ApiDb:274 - Set plugin database path to: /home/ante/st/stm32cubeide_1.16.1/plugins/com.st.stm32cube.common.mx_6.12.1.202409122256//db//plugins/boardmanager/
2024-11-06 15:08:01,270 [INFO] ApiDb:261 - Set plugin images path to: /home/ante/st/stm32cubeide_1.16.1/plugins/com.st.stm32cube.common.mx_6.12.1.202409122256//db//plugins/mcufinder/images/
2024-11-06 15:08:01,270 [WARN] DbFile:41 - Overriding database path with different value: /home/ante/.stmcufinder/plugins/mcufinder/ => /home/ante/.stmcufinder/plugins/mcufinder
2024-11-06 15:08:01,271 [INFO] ApiDb:250 - Set database path to: /home/ante/.stmcufinder/plugins/mcufinder//mcu/
2024-11-06 15:08:01,271 [WARN] DbFile:41 - Overriding database path with different value: /home/ante/.stmcufinder/plugins/mcufinder/ => /home/ante/.stmcufinder/plugins/mcufinder
2024-11-06 15:08:01,271 [INFO] DbMcusAds:125 - Set database path to: /home/ante/.stmcufinder/plugins/mcufinder//mcu/
2024-11-06 15:08:01,271 [WARN] DbFile:41 - Overriding database path with different value: /home/ante/.stmcufinder/plugins/mcufinder/ => /home/ante/.stmcufinder/plugins/mcufinder
2024-11-06 15:08:01,271 [WARN] DbFile:41 - Overriding database path with different value: /home/ante/.stmcufinder/plugins/mcufinder/ => /home/ante/.stmcufinder/plugins/mcufinder
2024-11-06 15:08:01,271 [INFO] CrossReferenceDbSqlite:203 - Set database path to: /home/ante/.stmcufinder/plugins/mcufinder//mcu/cs/
2024-11-06 15:08:01,370 [INFO] MainPanel:268 - HeapMemory: 268435456
2024-11-06 15:08:01,487 [INFO] DbMcusXml:78 - Set database path to: /home/ante/st/stm32cubeide_1.16.1/plugins/com.st.stm32cube.common.mx_6.12.1.202409122256//db//mcu/
2024-11-06 15:08:01,488 [INFO] ApiDb:274 - Set plugin database path to: /home/ante/st/stm32cubeide_1.16.1/plugins/com.st.stm32cube.common.mx_6.12.1.202409122256//db//plugins/boardmanager/
2024-11-06 15:08:01,488 [INFO] ApiDb:261 - Set plugin images path to: /home/ante/st/stm32cubeide_1.16.1/plugins/com.st.stm32cube.common.mx_6.12.1.202409122256//db//plugins/mcufinder/images/
2024-11-06 15:08:01,488 [WARN] DbFile:41 - Overriding database path with different value: /home/ante/.stmcufinder/plugins/mcufinder/ => /home/ante/.stmcufinder/plugins/mcufinder
2024-11-06 15:08:01,488 [INFO] ApiDb:250 - Set database path to: /home/ante/.stmcufinder/plugins/mcufinder//mcu/
2024-11-06 15:08:01,488 [WARN] DbFile:41 - Overriding database path with different value: /home/ante/.stmcufinder/plugins/mcufinder/ => /home/ante/.stmcufinder/plugins/mcufinder
2024-11-06 15:08:01,489 [INFO] DbMcusAds:125 - Set database path to: /home/ante/.stmcufinder/plugins/mcufinder//mcu/
2024-11-06 15:08:01,489 [WARN] DbFile:41 - Overriding database path with different value: /home/ante/.stmcufinder/plugins/mcufinder/ => /home/ante/.stmcufinder/plugins/mcufinder
2024-11-06 15:08:01,489 [WARN] DbFile:41 - Overriding database path with different value: /home/ante/.stmcufinder/plugins/mcufinder/ => /home/ante/.stmcufinder/plugins/mcufinder
2024-11-06 15:08:01,489 [INFO] CrossReferenceDbSqlite:203 - Set database path to: /home/ante/.stmcufinder/plugins/mcufinder//mcu/cs/
2024-11-06 15:08:01,505 [INFO] ApplicationProperties:184 - Using Application install path: /home/ante/st/stm32cubeide_1.16.1/plugins/com.st.stm32cube.common.mx_6.12.1.202409122256
2024-11-06 15:08:01,506 [INFO] PluginManage:196 - Search for loadable plugins [exclusion list=, ]
2024-11-06 15:08:01,508 [INFO] PluginManage:310 - Check plugin analytics
2024-11-06 15:08:01,663 [INFO] AnalyticsPlugin:253 - Accepted Software Licenses: 
2024-11-06 15:08:01,663 [INFO] AnalyticsPlugin:255 - Accepted CMSIS Pack Licenses: 
2024-11-06 15:08:01,664 [INFO] AnalyticsPlugin:257 - Accepted Firmware Licenses: FW.WL.1.3.0
2024-11-06 15:08:01,668 [INFO] PluginManage:359 - Loaded plugin analytics (category:tool,tabindex:-1)
2024-11-06 15:08:01,668 [INFO] PluginManage:310 - Check plugin cadmodel
2024-11-06 15:08:01,673 [INFO] CADModel:105 - Init CAD model plugin
2024-11-06 15:08:01,673 [INFO] PluginManage:359 - Loaded plugin cadmodel (category:power,tabindex:5)
2024-11-06 15:08:01,674 [INFO] PluginManage:310 - Check plugin clock
2024-11-06 15:08:01,686 [INFO] PluginManage:359 - Loaded plugin clock (category:base,tabindex:2)
2024-11-06 15:08:01,686 [INFO] PluginManage:310 - Check plugin ddr
2024-11-06 15:08:01,688 [INFO] PluginManage:359 - Loaded plugin ddr (category:tool,tabindex:6)
2024-11-06 15:08:01,689 [INFO] PluginManage:310 - Check plugin filemanager
2024-11-06 15:08:01,863 [INFO] PluginManage:359 - Loaded plugin filemanager (category:base,tabindex:10)
2024-11-06 15:08:01,863 [INFO] PluginManage:310 - Check plugin ipmanager
2024-11-06 15:08:01,869 [INFO] PluginManage:359 - Loaded plugin ipmanager (category:base,tabindex:5)
2024-11-06 15:08:01,869 [INFO] PluginManage:310 - Check plugin lpbam
2024-11-06 15:08:01,880 [INFO] PluginManage:359 - Loaded plugin lpbam (category:base,tabindex:0)
2024-11-06 15:08:01,880 [INFO] PluginManage:310 - Check plugin memorymap
2024-11-06 15:08:01,894 [INFO] PluginManage:359 - Loaded plugin memorymap (category:base,tabindex:4)
2024-11-06 15:08:01,894 [INFO] PluginManage:310 - Check plugin pinoutandconfiguration
2024-11-06 15:08:01,904 [INFO] PluginManage:359 - Loaded plugin pinoutandconfiguration (category:base,tabindex:1)
2024-11-06 15:08:01,905 [INFO] PluginManage:310 - Check plugin pinoutconfig
2024-11-06 15:08:02,013 [WARN] SupportedApi:132 - Cannot load RTOS API schema: s4s-elt-must-match.1: The content of 'definitions' must match (annotation?, (simpleType | complexType)?, (unique | key | keyref)*)). A problem was found starting at: attribute.
2024-11-06 15:08:02,287 [INFO] PluginManage:359 - Loaded plugin pinoutconfig (category:base,tabindex:0)
2024-11-06 15:08:02,288 [INFO] PluginManage:310 - Check plugin power
2024-11-06 15:08:02,324 [INFO] PluginManage:359 - Loaded plugin power (category:power,tabindex:4)
2024-11-06 15:08:02,325 [INFO] PluginManage:310 - Check plugin projectmanager
2024-11-06 15:08:02,361 [INFO] PluginManage:359 - Loaded plugin projectmanager (category:projectmanager,tabindex:4)
2024-11-06 15:08:02,361 [INFO] PluginManage:310 - Check plugin rif
2024-11-06 15:08:02,370 [INFO] PluginManage:359 - Loaded plugin rif (category:base,tabindex:3)
2024-11-06 15:08:02,370 [INFO] PluginManage:310 - Check plugin thirdparty
2024-11-06 15:08:02,543 [INFO] PluginManage:359 - Loaded plugin thirdparty (category:base,tabindex:-1)
2024-11-06 15:08:02,542 [WARN] IntegrityCheckThread:84 - waiting for thirdparty lock release [integrity check]
2024-11-06 15:08:02,543 [INFO] PluginManage:310 - Check plugin tools
2024-11-06 15:08:02,543 [INFO] IntegrityCheckThread:86 - entering critical section [integrity check]
2024-11-06 15:08:02,543 [INFO] ThirdPartyUpdaterWithRetryManager:70 - Updater plugin not ready yet. [1/15]
2024-11-06 15:08:02,546 [INFO] PluginManage:359 - Loaded plugin tools (category:base,tabindex:7)
2024-11-06 15:08:02,546 [INFO] PluginManage:310 - Check plugin tutovideos
2024-11-06 15:08:02,735 [INFO] PluginManage:359 - Loaded plugin tutovideos (category:base,tabindex:-1)
2024-11-06 15:08:02,735 [INFO] PluginManage:310 - Check plugin updater
2024-11-06 15:08:02,757 [INFO] PluginManage:359 - Loaded plugin updater (category:base,tabindex:12)
2024-11-06 15:08:02,757 [INFO] PluginManage:310 - Check plugin userauth
2024-11-06 15:08:02,764 [INFO] UserAuth:113 - Init User Auth plugin
2024-11-06 15:08:02,764 [INFO] PluginManage:359 - Loaded plugin userauth (category:base,tabindex:14)
2024-11-06 15:08:02,765 [INFO] PluginManage:283 - PluginManage : Loaded plugins [18]
2024-11-06 15:08:02,965 [INFO] PinOutPanel:1561 - setPackage(No Configuration,No Configuration)
2024-11-06 15:08:03,052 [INFO] CADModel:165 - CPN selected for project level
2024-11-06 15:08:03,052 [INFO] CADModel:114 - Register for checkConnection events
2024-11-06 15:08:03,064 [INFO] IPUIPlugin:80 - create IPUIPlugin
2024-11-06 15:08:03,064 [INFO] PluginManager:220 - loadIPPluginJar : add genericplugin
2024-11-06 15:08:03,065 [INFO] IPUIPlugin:80 - create IPUIPlugin
2024-11-06 15:08:03,066 [INFO] PluginManager:220 - loadIPPluginJar : add ltdc
2024-11-06 15:08:03,072 [INFO] IPUIPlugin:80 - create IPUIPlugin
2024-11-06 15:08:03,072 [INFO] PluginManager:220 - loadIPPluginJar : add i2c
2024-11-06 15:08:03,074 [INFO] IPUIPlugin:80 - create IPUIPlugin
2024-11-06 15:08:03,074 [INFO] PluginManager:220 - loadIPPluginJar : add ucpd
2024-11-06 15:08:03,078 [INFO] IPUIPlugin:80 - create IPUIPlugin
2024-11-06 15:08:03,078 [INFO] PluginManager:220 - loadIPPluginJar : add sai
2024-11-06 15:08:03,081 [INFO] IPUIPlugin:80 - create IPUIPlugin
2024-11-06 15:08:03,082 [INFO] PluginManager:220 - loadIPPluginJar : add pdm2pcm
2024-11-06 15:08:03,084 [INFO] IPUIPlugin:80 - create IPUIPlugin
2024-11-06 15:08:03,084 [INFO] PluginManager:220 - loadIPPluginJar : add radio
2024-11-06 15:08:03,093 [INFO] IPUIPlugin:80 - create IPUIPlugin
2024-11-06 15:08:03,096 [INFO] PluginManager:220 - loadIPPluginJar : add plateformsettings
2024-11-06 15:08:03,103 [INFO] IPUIPlugin:80 - create IPUIPlugin
2024-11-06 15:08:03,104 [INFO] PluginManager:220 - loadIPPluginJar : add adc
2024-11-06 15:08:03,112 [INFO] IPUIPlugin:80 - create IPUIPlugin
2024-11-06 15:08:03,112 [INFO] PluginManager:220 - loadIPPluginJar : add mdma
2024-11-06 15:08:03,116 [INFO] IPUIPlugin:80 - create IPUIPlugin
2024-11-06 15:08:03,116 [INFO] PluginManager:220 - loadIPPluginJar : add nvic
2024-11-06 15:08:03,118 [INFO] IPUIPlugin:80 - create IPUIPlugin
2024-11-06 15:08:03,118 [INFO] PluginManager:220 - loadIPPluginJar : add comp
2024-11-06 15:08:03,120 [INFO] IPUIPlugin:80 - create IPUIPlugin
2024-11-06 15:08:03,121 [INFO] PluginManager:220 - loadIPPluginJar : add spi
2024-11-06 15:08:03,123 [INFO] IPUIPlugin:80 - create IPUIPlugin
2024-11-06 15:08:03,123 [INFO] PluginManager:220 - loadIPPluginJar : add hash
2024-11-06 15:08:03,127 [INFO] IPUIPlugin:80 - create IPUIPlugin
2024-11-06 15:08:03,127 [INFO] PluginManager:220 - loadIPPluginJar : add resmgrutility
2024-11-06 15:08:03,129 [INFO] IPUIPlugin:80 - create IPUIPlugin
2024-11-06 15:08:03,130 [INFO] PluginManager:220 - loadIPPluginJar : add gfxmmu
2024-11-06 15:08:03,132 [INFO] IPUIPlugin:80 - create IPUIPlugin
2024-11-06 15:08:03,133 [INFO] PluginManager:220 - loadIPPluginJar : add gtzc
2024-11-06 15:08:03,137 [INFO] IPUIPlugin:80 - create IPUIPlugin
2024-11-06 15:08:03,137 [INFO] PluginManager:220 - loadIPPluginJar : add gpio
2024-11-06 15:08:03,139 [INFO] IPUIPlugin:80 - create IPUIPlugin
2024-11-06 15:08:03,139 [INFO] PluginManager:220 - loadIPPluginJar : add lorawan
2024-11-06 15:08:03,141 [INFO] IPUIPlugin:80 - create IPUIPlugin
2024-11-06 15:08:03,141 [INFO] PluginManager:220 - loadIPPluginJar : add quadspi
2024-11-06 15:08:03,143 [INFO] IPUIPlugin:80 - create IPUIPlugin
2024-11-06 15:08:03,143 [INFO] PluginManager:220 - loadIPPluginJar : add can
2024-11-06 15:08:03,145 [INFO] IPUIPlugin:80 - create IPUIPlugin
2024-11-06 15:08:03,145 [INFO] PluginManager:220 - loadIPPluginJar : add aes
2024-11-06 15:08:03,147 [INFO] IPUIPlugin:80 - create IPUIPlugin
2024-11-06 15:08:03,147 [INFO] PluginManager:220 - loadIPPluginJar : add i3c
2024-11-06 15:08:03,150 [INFO] IPUIPlugin:80 - create IPUIPlugin
2024-11-06 15:08:03,150 [INFO] PluginManager:220 - loadIPPluginJar : add touchsensing
2024-11-06 15:08:03,153 [INFO] IPUIPlugin:80 - create IPUIPlugin
2024-11-06 15:08:03,153 [INFO] PluginManager:220 - loadIPPluginJar : add ddr_ctrl_phy
2024-11-06 15:08:03,155 [INFO] IPUIPlugin:80 - create IPUIPlugin
2024-11-06 15:08:03,155 [INFO] PluginManager:220 - loadIPPluginJar : add ts
2024-11-06 15:08:03,160 [INFO] IPUIPlugin:80 - create IPUIPlugin
2024-11-06 15:08:03,160 [INFO] PluginManager:220 - loadIPPluginJar : add freertos
2024-11-06 15:08:03,163 [INFO] IPUIPlugin:80 - create IPUIPlugin
2024-11-06 15:08:03,163 [INFO] PluginManager:220 - loadIPPluginJar : add ipddr
2024-11-06 15:08:03,165 [INFO] IPUIPlugin:80 - create IPUIPlugin
2024-11-06 15:08:03,165 [INFO] PluginManager:220 - loadIPPluginJar : add dfsdm
2024-11-06 15:08:03,168 [INFO] IPUIPlugin:80 - create IPUIPlugin
2024-11-06 15:08:03,168 [INFO] PluginManager:220 - loadIPPluginJar : add extmemmanager
2024-11-06 15:08:03,170 [INFO] IPUIPlugin:80 - create IPUIPlugin
2024-11-06 15:08:03,170 [INFO] PluginManager:220 - loadIPPluginJar : add cryp
2024-11-06 15:08:03,174 [INFO] IPUIPlugin:80 - create IPUIPlugin
2024-11-06 15:08:03,174 [INFO] PluginManager:220 - loadIPPluginJar : add gic
2024-11-06 15:08:03,176 [INFO] IPUIPlugin:80 - create IPUIPlugin
2024-11-06 15:08:03,176 [INFO] PluginManager:220 - loadIPPluginJar : add usbx
2024-11-06 15:08:03,178 [INFO] IPUIPlugin:80 - create IPUIPlugin
2024-11-06 15:08:03,179 [INFO] PluginManager:220 - loadIPPluginJar : add openamp
2024-11-06 15:08:03,181 [INFO] IPUIPlugin:80 - create IPUIPlugin
2024-11-06 15:08:03,181 [INFO] PluginManager:220 - loadIPPluginJar : add tracer_emb
2024-11-06 15:08:03,183 [INFO] IPUIPlugin:80 - create IPUIPlugin
2024-11-06 15:08:03,183 [INFO] PluginManager:220 - loadIPPluginJar : add usart
2024-11-06 15:08:03,184 [INFO] IPUIPlugin:80 - create IPUIPlugin
2024-11-06 15:08:03,184 [INFO] PluginManager:220 - loadIPPluginJar : add fatfs
2024-11-06 15:08:03,186 [INFO] IPUIPlugin:80 - create IPUIPlugin
2024-11-06 15:08:03,186 [INFO] PluginManager:220 - loadIPPluginJar : add opamp
2024-11-06 15:08:03,190 [INFO] IPUIPlugin:80 - create IPUIPlugin
2024-11-06 15:08:03,190 [INFO] PluginManager:220 - loadIPPluginJar : add stm32_wpan
2024-11-06 15:08:03,193 [INFO] IPUIPlugin:80 - create IPUIPlugin
2024-11-06 15:08:03,194 [INFO] PluginManager:220 - loadIPPluginJar : add fmc
2024-11-06 15:08:03,200 [INFO] IPUIPlugin:80 - create IPUIPlugin
2024-11-06 15:08:03,201 [INFO] PluginManager:220 - loadIPPluginJar : add linkedlist
2024-11-06 15:08:03,202 [INFO] IPUIPlugin:80 - create IPUIPlugin
2024-11-06 15:08:03,202 [INFO] PluginManager:220 - loadIPPluginJar : add tim
2024-11-06 15:08:03,203 [INFO] IPUIPlugin:80 - create IPUIPlugin
2024-11-06 15:08:03,203 [INFO] PluginManager:220 - loadIPPluginJar : add tsc
2024-11-06 15:08:03,208 [INFO] IPUIPlugin:80 - create IPUIPlugin
2024-11-06 15:08:03,208 [INFO] PluginManager:220 - loadIPPluginJar : add dma
2024-11-06 15:08:03,210 [INFO] IPUIPlugin:80 - create IPUIPlugin
2024-11-06 15:08:03,210 [INFO] PluginManager:220 - loadIPPluginJar : add i2s
2024-11-06 15:08:03,212 [INFO] IPUIPlugin:80 - create IPUIPlugin
2024-11-06 15:08:03,212 [INFO] PluginManager:220 - loadIPPluginJar : add dma3
2024-11-06 15:08:03,308 [INFO] CADModel:165 - CPN selected for project level
2024-11-06 15:08:03,308 [INFO] CADModel:114 - Register for checkConnection events
2024-11-06 15:08:03,309 [FATAL] Updater:334 - Updater called before beeing initialized
2024-11-06 15:08:03,309 [ERROR] CADModel:125 - Updater not yet initialized, retry later 
2024-11-06 15:08:03,427 [INFO] CADModel:165 - CPN selected for project level
2024-11-06 15:08:03,427 [INFO] CADModel:114 - Register for checkConnection events
2024-11-06 15:08:03,427 [FATAL] Updater:334 - Updater called before beeing initialized
2024-11-06 15:08:03,427 [ERROR] CADModel:125 - Updater not yet initialized, retry later 
2024-11-06 15:08:03,431 [FATAL] Updater:334 - Updater called before beeing initialized
2024-11-06 15:08:03,517 [FATAL] Updater:334 - Updater called before beeing initialized
2024-11-06 15:08:03,522 [INFO] DbMcusAds:53 - JSON generation date=Fri Sep 20 15:04:23 CEST 2024 (1726837463113)
2024-11-06 15:08:03,522 [FATAL] Updater:334 - Updater called before beeing initialized
2024-11-06 15:08:03,566 [WARN] DetailPanel:346 - Failed to get advertising image, set to default
2024-11-06 15:08:03,660 [FATAL] Updater:334 - Updater called before beeing initialized
2024-11-06 15:08:03,661 [FATAL] Updater:334 - Updater called before beeing initialized
2024-11-06 15:08:03,662 [FATAL] Updater:334 - Updater called before beeing initialized
2024-11-06 15:08:03,662 [WARN] DetailPanel:346 - Failed to get advertising image, set to default
2024-11-06 15:08:03,663 [FATAL] Updater:334 - Updater called before beeing initialized
2024-11-06 15:08:03,704 [ERROR] Updater:1164 - MainUpdater not yet initialized. External WinMGr cannot be set.
2024-11-06 15:08:03,707 [INFO] Updater:1100 - Updater Version found : 6.12.1
2024-11-06 15:08:03,736 [INFO] ApplicationProperties:184 - Using Application install path: /home/ante/st/stm32cubeide_1.16.1/plugins/com.st.stm32cube.common.mx_6.12.1.202409122256
2024-11-06 15:08:04,207 [INFO] MainUpdater:2873 - connection check result : 10
2024-11-06 15:08:04,208 [INFO] MainUpdater:290 - Updater Check For Update Now.
2024-11-06 15:08:04,208 [INFO] MicroXplorer:498 - Change Database Version : DB.6.0.121
2024-11-06 15:08:04,214 [INFO] McuFinderGlobals:63 - Set McuFinder mode to 2 (CubeIDE integrated)
2024-11-06 15:08:04,214 [INFO] UserAuth:179 - activating auth plugin
2024-11-06 15:08:04,218 [INFO] UserAuth:417 - Internet connection configuration mode: 1
2024-11-06 15:08:04,235 [INFO] JxBrowserEngine:152 - Initiate JxBrowser Engine with user profile folder
2024-11-06 15:08:04,411 [INFO] CheckServerUpdateThread:120 - End of CheckServer Thread
2024-11-06 15:08:05,715 [INFO] WebApp:167 - Instantiating new browser for Auth
2024-11-06 15:08:05,869 [WARN] PackLoader:240 - Cannot read IP mode file for STMicroelectronics.FP-SNS-MOTENVWB1.1.4.0
2024-11-06 15:08:05,887 [WARN] PackLoader:240 - Cannot read IP mode file for STMicroelectronics.X-CUBE-SMBUS.2.1.0
2024-11-06 15:08:05,906 [WARN] PackLoader:240 - Cannot read IP mode file for STMicroelectronics.X-CUBE-WB05N.1.1.0
2024-11-06 15:08:05,987 [WARN] PackLoader:240 - Cannot read IP mode file for STMicroelectronics.X-CUBE-AZRTOS-F7.1.1.0
2024-11-06 15:08:06,212 [WARN] PackLoader:240 - Cannot read IP mode file for STMicroelectronics.X-CUBE-MEMS1.11.0.0
2024-11-06 15:08:06,212 [ERROR] LogOutputStream:75 - [STDERR_REDIRECT] 
