2024-11-07 10:15:23,583 [INFO] Activator:176 - 


2024-11-07 10:15:23,587 [INFO] Activator:177 - !SESSION log4j initialized
2024-11-07 10:15:25,220 [INFO] LogOutputStream:77 - [STDOUT_REDIRECT] 
2024-11-07 10:15:26,794 [INFO] ApplicationProperties:184 - Using Application install path: /home/ante/st/stm32cubeide_1.16.1/plugins/com.st.stm32cube.common.mx_6.12.1.202409122256
2024-11-07 10:15:26,809 [INFO] DbMcusXml:78 - Set database path to: /home/ante/st/stm32cubeide_1.16.1/plugins/com.st.stm32cube.common.mx_6.12.1.202409122256//db//mcu/
2024-11-07 10:15:26,809 [INFO] ApiDb:274 - Set plugin database path to: /home/ante/st/stm32cubeide_1.16.1/plugins/com.st.stm32cube.common.mx_6.12.1.202409122256//db//plugins/boardmanager/
2024-11-07 10:15:26,809 [WARN] ApiDb:259 - Overriding images path with different value:  => /home/ante/st/stm32cubeide_1.16.1/plugins/com.st.stm32cube.common.mx_6.12.1.202409122256//db//plugins/mcufinder/images/
2024-11-07 10:15:26,813 [INFO] ApiDb:250 - Set database path to: /home/ante/.stmcufinder/plugins/mcufinder//mcu/
2024-11-07 10:15:26,814 [INFO] DbMcusAds:125 - Set database path to: /home/ante/.stmcufinder/plugins/mcufinder//mcu/
2024-11-07 10:15:26,816 [INFO] CrossReferenceDbSqlite:203 - Set database path to: /home/ante/.stmcufinder/plugins/mcufinder//mcu/cs/
2024-11-07 10:15:26,913 [INFO] RulesReader:64 - Compatibility file has been processed (297 Rules)
2024-11-07 10:15:26,966 [INFO] DbMcusXml:78 - Set database path to: /home/ante/st/stm32cubeide_1.16.1/plugins/com.st.stm32cube.common.mx_6.12.1.202409122256//db//mcu/
2024-11-07 10:15:26,967 [INFO] ApiDb:274 - Set plugin database path to: /home/ante/st/stm32cubeide_1.16.1/plugins/com.st.stm32cube.common.mx_6.12.1.202409122256//db//plugins/boardmanager/
2024-11-07 10:15:26,967 [INFO] ApiDb:261 - Set plugin images path to: /home/ante/st/stm32cubeide_1.16.1/plugins/com.st.stm32cube.common.mx_6.12.1.202409122256//db//plugins/mcufinder/images/
2024-11-07 10:15:26,967 [WARN] DbFile:41 - Overriding database path with different value: /home/ante/.stmcufinder/plugins/mcufinder/ => /home/ante/.stmcufinder/plugins/mcufinder
2024-11-07 10:15:26,967 [INFO] ApiDb:250 - Set database path to: /home/ante/.stmcufinder/plugins/mcufinder//mcu/
2024-11-07 10:15:26,967 [WARN] DbFile:41 - Overriding database path with different value: /home/ante/.stmcufinder/plugins/mcufinder/ => /home/ante/.stmcufinder/plugins/mcufinder
2024-11-07 10:15:26,967 [INFO] DbMcusAds:125 - Set database path to: /home/ante/.stmcufinder/plugins/mcufinder//mcu/
2024-11-07 10:15:26,967 [WARN] DbFile:41 - Overriding database path with different value: /home/ante/.stmcufinder/plugins/mcufinder/ => /home/ante/.stmcufinder/plugins/mcufinder
2024-11-07 10:15:26,967 [WARN] DbFile:41 - Overriding database path with different value: /home/ante/.stmcufinder/plugins/mcufinder/ => /home/ante/.stmcufinder/plugins/mcufinder
2024-11-07 10:15:26,967 [INFO] CrossReferenceDbSqlite:203 - Set database path to: /home/ante/.stmcufinder/plugins/mcufinder//mcu/cs/
2024-11-07 10:15:27,019 [INFO] MainPanel:268 - HeapMemory: 268435456
2024-11-07 10:15:27,114 [INFO] DbMcusXml:78 - Set database path to: /home/ante/st/stm32cubeide_1.16.1/plugins/com.st.stm32cube.common.mx_6.12.1.202409122256//db//mcu/
2024-11-07 10:15:27,114 [INFO] ApiDb:274 - Set plugin database path to: /home/ante/st/stm32cubeide_1.16.1/plugins/com.st.stm32cube.common.mx_6.12.1.202409122256//db//plugins/boardmanager/
2024-11-07 10:15:27,114 [INFO] ApiDb:261 - Set plugin images path to: /home/ante/st/stm32cubeide_1.16.1/plugins/com.st.stm32cube.common.mx_6.12.1.202409122256//db//plugins/mcufinder/images/
2024-11-07 10:15:27,115 [WARN] DbFile:41 - Overriding database path with different value: /home/ante/.stmcufinder/plugins/mcufinder/ => /home/ante/.stmcufinder/plugins/mcufinder
2024-11-07 10:15:27,115 [INFO] ApiDb:250 - Set database path to: /home/ante/.stmcufinder/plugins/mcufinder//mcu/
2024-11-07 10:15:27,115 [WARN] DbFile:41 - Overriding database path with different value: /home/ante/.stmcufinder/plugins/mcufinder/ => /home/ante/.stmcufinder/plugins/mcufinder
2024-11-07 10:15:27,115 [INFO] DbMcusAds:125 - Set database path to: /home/ante/.stmcufinder/plugins/mcufinder//mcu/
2024-11-07 10:15:27,115 [WARN] DbFile:41 - Overriding database path with different value: /home/ante/.stmcufinder/plugins/mcufinder/ => /home/ante/.stmcufinder/plugins/mcufinder
2024-11-07 10:15:27,115 [WARN] DbFile:41 - Overriding database path with different value: /home/ante/.stmcufinder/plugins/mcufinder/ => /home/ante/.stmcufinder/plugins/mcufinder
2024-11-07 10:15:27,115 [INFO] CrossReferenceDbSqlite:203 - Set database path to: /home/ante/.stmcufinder/plugins/mcufinder//mcu/cs/
2024-11-07 10:15:27,129 [INFO] ApplicationProperties:184 - Using Application install path: /home/ante/st/stm32cubeide_1.16.1/plugins/com.st.stm32cube.common.mx_6.12.1.202409122256
2024-11-07 10:15:27,130 [INFO] PluginManage:196 - Search for loadable plugins [exclusion list=, ]
2024-11-07 10:15:27,132 [INFO] PluginManage:310 - Check plugin analytics
2024-11-07 10:15:27,260 [INFO] AnalyticsPlugin:253 - Accepted Software Licenses: 
2024-11-07 10:15:27,261 [INFO] AnalyticsPlugin:255 - Accepted CMSIS Pack Licenses: 
2024-11-07 10:15:27,261 [INFO] AnalyticsPlugin:257 - Accepted Firmware Licenses: FW.WL.1.3.0
2024-11-07 10:15:27,263 [INFO] PluginManage:359 - Loaded plugin analytics (category:tool,tabindex:-1)
2024-11-07 10:15:27,263 [INFO] PluginManage:310 - Check plugin cadmodel
2024-11-07 10:15:27,266 [INFO] CADModel:105 - Init CAD model plugin
2024-11-07 10:15:27,266 [INFO] PluginManage:359 - Loaded plugin cadmodel (category:power,tabindex:5)
2024-11-07 10:15:27,266 [INFO] PluginManage:310 - Check plugin clock
2024-11-07 10:15:27,272 [INFO] PluginManage:359 - Loaded plugin clock (category:base,tabindex:2)
2024-11-07 10:15:27,273 [INFO] PluginManage:310 - Check plugin ddr
2024-11-07 10:15:27,274 [INFO] PluginManage:359 - Loaded plugin ddr (category:tool,tabindex:6)
2024-11-07 10:15:27,274 [INFO] PluginManage:310 - Check plugin filemanager
2024-11-07 10:15:27,390 [INFO] PluginManage:359 - Loaded plugin filemanager (category:base,tabindex:10)
2024-11-07 10:15:27,390 [INFO] PluginManage:310 - Check plugin ipmanager
2024-11-07 10:15:27,394 [INFO] PluginManage:359 - Loaded plugin ipmanager (category:base,tabindex:5)
2024-11-07 10:15:27,394 [INFO] PluginManage:310 - Check plugin lpbam
2024-11-07 10:15:27,401 [INFO] PluginManage:359 - Loaded plugin lpbam (category:base,tabindex:0)
2024-11-07 10:15:27,401 [INFO] PluginManage:310 - Check plugin memorymap
2024-11-07 10:15:27,410 [INFO] PluginManage:359 - Loaded plugin memorymap (category:base,tabindex:4)
2024-11-07 10:15:27,410 [INFO] PluginManage:310 - Check plugin pinoutandconfiguration
2024-11-07 10:15:27,421 [INFO] PluginManage:359 - Loaded plugin pinoutandconfiguration (category:base,tabindex:1)
2024-11-07 10:15:27,421 [INFO] PluginManage:310 - Check plugin pinoutconfig
2024-11-07 10:15:27,488 [WARN] SupportedApi:132 - Cannot load RTOS API schema: s4s-elt-must-match.1: The content of 'definitions' must match (annotation?, (simpleType | complexType)?, (unique | key | keyref)*)). A problem was found starting at: attribute.
2024-11-07 10:15:27,588 [INFO] PluginManage:359 - Loaded plugin pinoutconfig (category:base,tabindex:0)
2024-11-07 10:15:27,589 [INFO] PluginManage:310 - Check plugin power
2024-11-07 10:15:27,595 [INFO] PluginManage:359 - Loaded plugin power (category:power,tabindex:4)
2024-11-07 10:15:27,595 [INFO] PluginManage:310 - Check plugin projectmanager
2024-11-07 10:15:27,608 [INFO] PluginManage:359 - Loaded plugin projectmanager (category:projectmanager,tabindex:4)
2024-11-07 10:15:27,608 [INFO] PluginManage:310 - Check plugin rif
2024-11-07 10:15:27,611 [INFO] PluginManage:359 - Loaded plugin rif (category:base,tabindex:3)
2024-11-07 10:15:27,611 [INFO] PluginManage:310 - Check plugin thirdparty
2024-11-07 10:15:27,773 [WARN] IntegrityCheckThread:84 - waiting for thirdparty lock release [integrity check]
2024-11-07 10:15:27,773 [INFO] PluginManage:359 - Loaded plugin thirdparty (category:base,tabindex:-1)
2024-11-07 10:15:27,773 [INFO] IntegrityCheckThread:86 - entering critical section [integrity check]
2024-11-07 10:15:27,773 [INFO] PluginManage:310 - Check plugin tools
2024-11-07 10:15:27,774 [INFO] ThirdPartyUpdaterWithRetryManager:70 - Updater plugin not ready yet. [1/15]
2024-11-07 10:15:27,776 [INFO] PluginManage:359 - Loaded plugin tools (category:base,tabindex:7)
2024-11-07 10:15:27,776 [INFO] PluginManage:310 - Check plugin tutovideos
2024-11-07 10:15:28,003 [INFO] PluginManage:359 - Loaded plugin tutovideos (category:base,tabindex:-1)
2024-11-07 10:15:28,003 [INFO] PluginManage:310 - Check plugin updater
2024-11-07 10:15:28,021 [INFO] PluginManage:359 - Loaded plugin updater (category:base,tabindex:12)
2024-11-07 10:15:28,021 [INFO] PluginManage:310 - Check plugin userauth
2024-11-07 10:15:28,027 [INFO] UserAuth:113 - Init User Auth plugin
2024-11-07 10:15:28,027 [INFO] PluginManage:359 - Loaded plugin userauth (category:base,tabindex:14)
2024-11-07 10:15:28,028 [INFO] PluginManage:283 - PluginManage : Loaded plugins [18]
2024-11-07 10:15:28,248 [INFO] PinOutPanel:1561 - setPackage(No Configuration,No Configuration)
2024-11-07 10:15:28,345 [INFO] CADModel:165 - CPN selected for project level
2024-11-07 10:15:28,345 [INFO] CADModel:114 - Register for checkConnection events
2024-11-07 10:15:28,357 [INFO] IPUIPlugin:80 - create IPUIPlugin
2024-11-07 10:15:28,357 [INFO] PluginManager:220 - loadIPPluginJar : add genericplugin
2024-11-07 10:15:28,359 [INFO] IPUIPlugin:80 - create IPUIPlugin
2024-11-07 10:15:28,359 [INFO] PluginManager:220 - loadIPPluginJar : add ltdc
2024-11-07 10:15:28,366 [INFO] IPUIPlugin:80 - create IPUIPlugin
2024-11-07 10:15:28,366 [INFO] PluginManager:220 - loadIPPluginJar : add i2c
2024-11-07 10:15:28,368 [INFO] IPUIPlugin:80 - create IPUIPlugin
2024-11-07 10:15:28,369 [INFO] PluginManager:220 - loadIPPluginJar : add ucpd
2024-11-07 10:15:28,372 [INFO] IPUIPlugin:80 - create IPUIPlugin
2024-11-07 10:15:28,372 [INFO] PluginManager:220 - loadIPPluginJar : add sai
2024-11-07 10:15:28,375 [INFO] IPUIPlugin:80 - create IPUIPlugin
2024-11-07 10:15:28,376 [INFO] PluginManager:220 - loadIPPluginJar : add pdm2pcm
2024-11-07 10:15:28,378 [INFO] IPUIPlugin:80 - create IPUIPlugin
2024-11-07 10:15:28,379 [INFO] PluginManager:220 - loadIPPluginJar : add radio
2024-11-07 10:15:28,387 [INFO] IPUIPlugin:80 - create IPUIPlugin
2024-11-07 10:15:28,390 [INFO] PluginManager:220 - loadIPPluginJar : add plateformsettings
2024-11-07 10:15:28,399 [INFO] IPUIPlugin:80 - create IPUIPlugin
2024-11-07 10:15:28,399 [INFO] PluginManager:220 - loadIPPluginJar : add adc
2024-11-07 10:15:28,404 [INFO] IPUIPlugin:80 - create IPUIPlugin
2024-11-07 10:15:28,405 [INFO] PluginManager:220 - loadIPPluginJar : add mdma
2024-11-07 10:15:28,408 [INFO] IPUIPlugin:80 - create IPUIPlugin
2024-11-07 10:15:28,408 [INFO] PluginManager:220 - loadIPPluginJar : add nvic
2024-11-07 10:15:28,410 [INFO] IPUIPlugin:80 - create IPUIPlugin
2024-11-07 10:15:28,410 [INFO] PluginManager:220 - loadIPPluginJar : add comp
2024-11-07 10:15:28,412 [INFO] IPUIPlugin:80 - create IPUIPlugin
2024-11-07 10:15:28,412 [INFO] PluginManager:220 - loadIPPluginJar : add spi
2024-11-07 10:15:28,414 [INFO] IPUIPlugin:80 - create IPUIPlugin
2024-11-07 10:15:28,415 [INFO] PluginManager:220 - loadIPPluginJar : add hash
2024-11-07 10:15:28,417 [INFO] IPUIPlugin:80 - create IPUIPlugin
2024-11-07 10:15:28,418 [INFO] PluginManager:220 - loadIPPluginJar : add resmgrutility
2024-11-07 10:15:28,419 [INFO] IPUIPlugin:80 - create IPUIPlugin
2024-11-07 10:15:28,419 [INFO] PluginManager:220 - loadIPPluginJar : add gfxmmu
2024-11-07 10:15:28,421 [INFO] IPUIPlugin:80 - create IPUIPlugin
2024-11-07 10:15:28,421 [INFO] PluginManager:220 - loadIPPluginJar : add gtzc
2024-11-07 10:15:28,425 [INFO] IPUIPlugin:80 - create IPUIPlugin
2024-11-07 10:15:28,425 [INFO] PluginManager:220 - loadIPPluginJar : add gpio
2024-11-07 10:15:28,428 [INFO] IPUIPlugin:80 - create IPUIPlugin
2024-11-07 10:15:28,428 [INFO] PluginManager:220 - loadIPPluginJar : add lorawan
2024-11-07 10:15:28,430 [INFO] IPUIPlugin:80 - create IPUIPlugin
2024-11-07 10:15:28,430 [INFO] PluginManager:220 - loadIPPluginJar : add quadspi
2024-11-07 10:15:28,432 [INFO] IPUIPlugin:80 - create IPUIPlugin
2024-11-07 10:15:28,433 [INFO] PluginManager:220 - loadIPPluginJar : add can
2024-11-07 10:15:28,435 [INFO] IPUIPlugin:80 - create IPUIPlugin
2024-11-07 10:15:28,435 [INFO] PluginManager:220 - loadIPPluginJar : add aes
2024-11-07 10:15:28,437 [INFO] IPUIPlugin:80 - create IPUIPlugin
2024-11-07 10:15:28,437 [INFO] PluginManager:220 - loadIPPluginJar : add i3c
2024-11-07 10:15:28,440 [INFO] IPUIPlugin:80 - create IPUIPlugin
2024-11-07 10:15:28,440 [INFO] PluginManager:220 - loadIPPluginJar : add touchsensing
2024-11-07 10:15:28,442 [INFO] IPUIPlugin:80 - create IPUIPlugin
2024-11-07 10:15:28,443 [INFO] PluginManager:220 - loadIPPluginJar : add ddr_ctrl_phy
2024-11-07 10:15:28,444 [INFO] IPUIPlugin:80 - create IPUIPlugin
2024-11-07 10:15:28,445 [INFO] PluginManager:220 - loadIPPluginJar : add ts
2024-11-07 10:15:28,449 [INFO] IPUIPlugin:80 - create IPUIPlugin
2024-11-07 10:15:28,449 [INFO] PluginManager:220 - loadIPPluginJar : add freertos
2024-11-07 10:15:28,452 [INFO] IPUIPlugin:80 - create IPUIPlugin
2024-11-07 10:15:28,452 [INFO] PluginManager:220 - loadIPPluginJar : add ipddr
2024-11-07 10:15:28,455 [INFO] IPUIPlugin:80 - create IPUIPlugin
2024-11-07 10:15:28,455 [INFO] PluginManager:220 - loadIPPluginJar : add dfsdm
2024-11-07 10:15:28,457 [INFO] IPUIPlugin:80 - create IPUIPlugin
2024-11-07 10:15:28,457 [INFO] PluginManager:220 - loadIPPluginJar : add extmemmanager
2024-11-07 10:15:28,460 [INFO] IPUIPlugin:80 - create IPUIPlugin
2024-11-07 10:15:28,460 [INFO] PluginManager:220 - loadIPPluginJar : add cryp
2024-11-07 10:15:28,465 [INFO] IPUIPlugin:80 - create IPUIPlugin
2024-11-07 10:15:28,465 [INFO] PluginManager:220 - loadIPPluginJar : add gic
2024-11-07 10:15:28,467 [INFO] IPUIPlugin:80 - create IPUIPlugin
2024-11-07 10:15:28,467 [INFO] PluginManager:220 - loadIPPluginJar : add usbx
2024-11-07 10:15:28,470 [INFO] IPUIPlugin:80 - create IPUIPlugin
2024-11-07 10:15:28,470 [INFO] PluginManager:220 - loadIPPluginJar : add openamp
2024-11-07 10:15:28,472 [INFO] IPUIPlugin:80 - create IPUIPlugin
2024-11-07 10:15:28,472 [INFO] PluginManager:220 - loadIPPluginJar : add tracer_emb
2024-11-07 10:15:28,474 [INFO] IPUIPlugin:80 - create IPUIPlugin
2024-11-07 10:15:28,474 [INFO] PluginManager:220 - loadIPPluginJar : add usart
2024-11-07 10:15:28,476 [INFO] IPUIPlugin:80 - create IPUIPlugin
2024-11-07 10:15:28,476 [INFO] PluginManager:220 - loadIPPluginJar : add fatfs
2024-11-07 10:15:28,479 [INFO] IPUIPlugin:80 - create IPUIPlugin
2024-11-07 10:15:28,479 [INFO] PluginManager:220 - loadIPPluginJar : add opamp
2024-11-07 10:15:28,483 [INFO] IPUIPlugin:80 - create IPUIPlugin
2024-11-07 10:15:28,484 [INFO] PluginManager:220 - loadIPPluginJar : add stm32_wpan
2024-11-07 10:15:28,487 [INFO] IPUIPlugin:80 - create IPUIPlugin
2024-11-07 10:15:28,487 [INFO] PluginManager:220 - loadIPPluginJar : add fmc
2024-11-07 10:15:28,495 [INFO] IPUIPlugin:80 - create IPUIPlugin
2024-11-07 10:15:28,495 [INFO] PluginManager:220 - loadIPPluginJar : add linkedlist
2024-11-07 10:15:28,496 [INFO] IPUIPlugin:80 - create IPUIPlugin
2024-11-07 10:15:28,496 [INFO] PluginManager:220 - loadIPPluginJar : add tim
2024-11-07 10:15:28,498 [INFO] IPUIPlugin:80 - create IPUIPlugin
2024-11-07 10:15:28,498 [INFO] PluginManager:220 - loadIPPluginJar : add tsc
2024-11-07 10:15:28,503 [INFO] IPUIPlugin:80 - create IPUIPlugin
2024-11-07 10:15:28,503 [INFO] PluginManager:220 - loadIPPluginJar : add dma
2024-11-07 10:15:28,505 [INFO] IPUIPlugin:80 - create IPUIPlugin
2024-11-07 10:15:28,505 [INFO] PluginManager:220 - loadIPPluginJar : add i2s
2024-11-07 10:15:28,507 [INFO] IPUIPlugin:80 - create IPUIPlugin
2024-11-07 10:15:28,507 [INFO] PluginManager:220 - loadIPPluginJar : add dma3
2024-11-07 10:15:28,604 [INFO] CADModel:165 - CPN selected for project level
2024-11-07 10:15:28,604 [INFO] CADModel:114 - Register for checkConnection events
2024-11-07 10:15:28,604 [FATAL] Updater:334 - Updater called before beeing initialized
2024-11-07 10:15:28,605 [ERROR] CADModel:125 - Updater not yet initialized, retry later 
2024-11-07 10:15:28,729 [INFO] CADModel:165 - CPN selected for project level
2024-11-07 10:15:28,729 [INFO] CADModel:114 - Register for checkConnection events
2024-11-07 10:15:28,730 [FATAL] Updater:334 - Updater called before beeing initialized
2024-11-07 10:15:28,730 [ERROR] CADModel:125 - Updater not yet initialized, retry later 
2024-11-07 10:15:28,736 [FATAL] Updater:334 - Updater called before beeing initialized
2024-11-07 10:15:28,857 [FATAL] Updater:334 - Updater called before beeing initialized
2024-11-07 10:15:28,864 [INFO] DbMcusAds:53 - JSON generation date=Fri Sep 20 15:04:23 CEST 2024 (1726837463113)
2024-11-07 10:15:28,864 [FATAL] Updater:334 - Updater called before beeing initialized
2024-11-07 10:15:28,914 [WARN] DetailPanel:346 - Failed to get advertising image, set to default
2024-11-07 10:15:29,034 [FATAL] Updater:334 - Updater called before beeing initialized
2024-11-07 10:15:29,035 [FATAL] Updater:334 - Updater called before beeing initialized
2024-11-07 10:15:29,036 [FATAL] Updater:334 - Updater called before beeing initialized
2024-11-07 10:15:29,036 [WARN] DetailPanel:346 - Failed to get advertising image, set to default
2024-11-07 10:15:29,037 [FATAL] Updater:334 - Updater called before beeing initialized
2024-11-07 10:15:29,087 [ERROR] Updater:1164 - MainUpdater not yet initialized. External WinMGr cannot be set.
2024-11-07 10:15:29,090 [INFO] Updater:1100 - Updater Version found : 6.12.1
2024-11-07 10:15:29,115 [INFO] ApplicationProperties:184 - Using Application install path: /home/ante/st/stm32cubeide_1.16.1/plugins/com.st.stm32cube.common.mx_6.12.1.202409122256
2024-11-07 10:15:29,495 [INFO] MainUpdater:2873 - connection check result : 10
2024-11-07 10:15:29,496 [INFO] MainUpdater:290 - Updater Check For Update Now.
2024-11-07 10:15:29,496 [INFO] MicroXplorer:498 - Change Database Version : DB.6.0.121
2024-11-07 10:15:29,503 [INFO] McuFinderGlobals:63 - Set McuFinder mode to 2 (CubeIDE integrated)
2024-11-07 10:15:29,503 [INFO] UserAuth:179 - activating auth plugin
2024-11-07 10:15:29,506 [INFO] UserAuth:417 - Internet connection configuration mode: 1
2024-11-07 10:15:29,520 [INFO] JxBrowserEngine:152 - Initiate JxBrowser Engine with user profile folder
2024-11-07 10:15:29,674 [INFO] CheckServerUpdateThread:120 - End of CheckServer Thread
2024-11-07 10:15:30,252 [INFO] WebApp:167 - Instantiating new browser for Auth
2024-11-07 10:15:30,889 [WARN] PackLoader:240 - Cannot read IP mode file for STMicroelectronics.FP-SNS-MOTENVWB1.1.4.0
2024-11-07 10:15:30,904 [WARN] PackLoader:240 - Cannot read IP mode file for STMicroelectronics.X-CUBE-SMBUS.2.1.0
2024-11-07 10:15:30,917 [WARN] PackLoader:240 - Cannot read IP mode file for STMicroelectronics.X-CUBE-WB05N.1.1.0
2024-11-07 10:15:30,963 [INFO] WebApp:448 - Apply proxy settings
2024-11-07 10:15:30,964 [INFO] WebApp:533 - Chromium requires no authentication
2024-11-07 10:15:30,972 [WARN] PackLoader:240 - Cannot read IP mode file for STMicroelectronics.X-CUBE-AZRTOS-F7.1.1.0
2024-11-07 10:15:30,974 [INFO] WebApp:476 - Direct internet connection detected
2024-11-07 10:15:31,003 [INFO] WebApp:869 - Register for checkConnection events
2024-11-07 10:15:31,003 [INFO] WebApp:448 - Apply proxy settings
2024-11-07 10:15:31,003 [INFO] WebApp:533 - Chromium requires no authentication
2024-11-07 10:15:31,003 [INFO] WebApp:476 - Direct internet connection detected
2024-11-07 10:15:31,089 [WARN] PackLoader:240 - Cannot read IP mode file for STMicroelectronics.X-CUBE-MEMS1.11.0.0
2024-11-07 10:15:31,200 [INFO] WebApp:220 - Starting web application
2024-11-07 10:15:31,200 [INFO] WebApp:578 - Web application path used /home/ante/st/stm32cubeide_1.16.1/plugins/com.st.stm32cube.common.mx_6.12.1.202409122256/db/plugins/mcufinder/reactClient1/index.html
2024-11-07 10:15:31,284 [WARN] PackLoader:240 - Cannot read IP mode file for STMicroelectronics.FP-SNS-FLIGHT1.5.0.2
2024-11-07 10:15:31,293 [WARN] PackLoader:240 - Cannot read IP mode file for STMicroelectronics.X-CUBE-DISPLAY.3.0.0
2024-11-07 10:15:31,304 [WARN] PackLoader:240 - Cannot read IP mode file for STMicroelectronics.X-CUBE-BLE1.7.0.0
2024-11-07 10:15:31,320 [WARN] PackLoader:240 - Cannot read IP mode file for STMicroelectronics.X-CUBE-NFC10.1.0.0
2024-11-07 10:15:31,329 [WARN] PackLoader:240 - Cannot read IP mode file for emotas.I-CUBE-CANOPEN.1.3.0
2024-11-07 10:15:31,347 [WARN] PackLoader:240 - Cannot read IP mode file for STMicroelectronics.X-CUBE-BLEMGR.3.1.0
2024-11-07 10:15:31,354 [WARN] PackLoader:240 - Cannot read IP mode file for STMicroelectronics.FP-SNS-SMARTAG2.1.2.0
2024-11-07 10:15:31,366 [INFO] LogOutputStream:77 - [STDOUT_REDIRECT] 1 : Invalid condition id : UX_CORESTACK_Condition cause : null
2024-11-07 10:15:31,367 [INFO] LogOutputStream:77 - [STDOUT_REDIRECT] 1 : Invalid condition id : UX_CORESTACK_Condition cause : null
2024-11-07 10:15:31,367 [INFO] LogOutputStream:77 - [STDOUT_REDIRECT] 1 : Invalid condition id : UX_CORESTACK_Condition cause : null
2024-11-07 10:15:31,368 [INFO] LogOutputStream:77 - [STDOUT_REDIRECT] 1 : Invalid condition id : UX_CORESTACK_Condition cause : null
2024-11-07 10:15:31,368 [INFO] LogOutputStream:77 - [STDOUT_REDIRECT] 1 : Invalid condition id : UX_CORESTACK_Condition cause : null
2024-11-07 10:15:31,374 [WARN] PackLoader:240 - Cannot read IP mode file for STMicroelectronics.X-CUBE-AZRTOS-WL.2.0.0
2024-11-07 10:15:31,383 [WARN] PackLoader:240 - Cannot read IP mode file for STMicroelectronics.FP-SNS-MOTENV1.5.0.0
2024-11-07 10:15:31,390 [WARN] PackLoader:240 - Cannot read IP mode file for wolfSSL.I-CUBE-wolfMQTT.1.19.0
2024-11-07 10:15:31,404 [WARN] PackLoader:240 - Cannot read IP mode file for WES.I-CUBE-Cesium.1.3.0
2024-11-07 10:15:31,414 [WARN] PackLoader:240 - Cannot read IP mode file for STMicroelectronics.X-CUBE-BLE2.3.3.0
2024-11-07 10:15:31,428 [WARN] PackLoader:240 - Cannot read IP mode file for STMicroelectronics.X-CUBE-NFC9.1.0.0
2024-11-07 10:15:31,440 [WARN] PackLoader:240 - Cannot read IP mode file for STMicroelectronics.X-CUBE-TCPP.4.1.0
2024-11-07 10:15:31,476 [WARN] PackLoader:240 - Cannot read IP mode file for STMicroelectronics.X-CUBE-AZRTOS-G0.1.1.0
2024-11-07 10:15:31,476 [INFO] WebApp:186 - Connection restablished
2024-11-07 10:15:31,491 [WARN] PackLoader:240 - Cannot read IP mode file for STMicroelectronics.X-CUBE-SAFEA1.1.2.2
2024-11-07 10:15:31,499 [WARN] PackLoader:240 - Cannot read IP mode file for STMicroelectronics.X-CUBE-NFC4.3.0.0
2024-11-07 10:15:31,519 [WARN] PackLoader:240 - Cannot read IP mode file for EmbeddedOffice.I-CUBE-FS-RTOS.1.0.1
2024-11-07 10:15:31,519 [ERROR] ConditionMgr:805 - Attr not supported : Dmpu
2024-11-07 10:15:31,520 [ERROR] ConditionMgr:805 - Attr not supported : Dmpu
2024-11-07 10:15:31,520 [ERROR] ConditionMgr:805 - Attr not supported : Dmpu
2024-11-07 10:15:31,520 [ERROR] ConditionMgr:805 - Attr not supported : Dmpu
2024-11-07 10:15:31,520 [ERROR] ConditionMgr:805 - Attr not supported : Dmpu
2024-11-07 10:15:31,520 [ERROR] ConditionMgr:805 - Attr not supported : Dmpu
2024-11-07 10:15:31,520 [ERROR] ConditionMgr:805 - Attr not supported : Dmpu
2024-11-07 10:15:31,520 [ERROR] ConditionMgr:805 - Attr not supported : Dmpu
2024-11-07 10:15:31,520 [ERROR] ConditionMgr:805 - Attr not supported : Dmpu
2024-11-07 10:15:31,521 [ERROR] ConditionMgr:805 - Attr not supported : Dmpu
2024-11-07 10:15:31,521 [ERROR] ConditionMgr:805 - Attr not supported : Dmpu
2024-11-07 10:15:31,521 [ERROR] ConditionMgr:805 - Attr not supported : Dmpu
2024-11-07 10:15:31,521 [ERROR] ConditionMgr:805 - Attr not supported : Dmpu
2024-11-07 10:15:31,521 [ERROR] ConditionMgr:805 - Attr not supported : Dmpu
2024-11-07 10:15:31,521 [ERROR] ConditionMgr:805 - Attr not supported : Dmpu
2024-11-07 10:15:31,521 [ERROR] ConditionMgr:805 - Attr not supported : Dmpu
2024-11-07 10:15:31,521 [ERROR] ConditionMgr:805 - Attr not supported : Dmpu
2024-11-07 10:15:31,521 [ERROR] ConditionMgr:805 - Attr not supported : Dmpu
2024-11-07 10:15:31,521 [ERROR] ConditionMgr:805 - Attr not supported : Dmpu
2024-11-07 10:15:31,522 [ERROR] ConditionMgr:805 - Attr not supported : Dmpu
2024-11-07 10:15:31,522 [ERROR] ConditionMgr:805 - Attr not supported : Dmpu
2024-11-07 10:15:31,522 [ERROR] ConditionMgr:805 - Attr not supported : Dmpu
2024-11-07 10:15:31,522 [ERROR] ConditionMgr:805 - Attr not supported : Dmpu
2024-11-07 10:15:31,522 [ERROR] ConditionMgr:805 - Attr not supported : Dmpu
2024-11-07 10:15:31,522 [ERROR] ConditionMgr:805 - Attr not supported : Dmpu
2024-11-07 10:15:31,523 [ERROR] ConditionMgr:805 - Attr not supported : Dmpu
2024-11-07 10:15:31,523 [ERROR] ConditionMgr:805 - Attr not supported : Dmpu
2024-11-07 10:15:31,523 [ERROR] ConditionMgr:805 - Attr not supported : Dmpu
2024-11-07 10:15:31,523 [ERROR] ConditionMgr:805 - Attr not supported : Dmpu
2024-11-07 10:15:31,523 [ERROR] ConditionMgr:805 - Attr not supported : Dmpu
2024-11-07 10:15:31,523 [ERROR] ConditionMgr:805 - Attr not supported : Dmpu
2024-11-07 10:15:31,523 [ERROR] ConditionMgr:805 - Attr not supported : Dmpu
2024-11-07 10:15:31,523 [ERROR] ConditionMgr:805 - Attr not supported : Dmpu
2024-11-07 10:15:31,523 [ERROR] ConditionMgr:805 - Attr not supported : Dmpu
2024-11-07 10:15:31,523 [ERROR] ConditionMgr:805 - Attr not supported : Dmpu
2024-11-07 10:15:31,524 [ERROR] ConditionMgr:805 - Attr not supported : Dmpu
2024-11-07 10:15:31,524 [ERROR] ConditionMgr:805 - Attr not supported : Dmpu
2024-11-07 10:15:31,524 [ERROR] ConditionMgr:805 - Attr not supported : Dmpu
2024-11-07 10:15:31,524 [ERROR] ConditionMgr:805 - Attr not supported : Dmpu
2024-11-07 10:15:31,524 [ERROR] ConditionMgr:805 - Attr not supported : Dmpu
2024-11-07 10:15:31,524 [ERROR] ConditionMgr:805 - Attr not supported : Dmpu
2024-11-07 10:15:31,524 [ERROR] ConditionMgr:805 - Attr not supported : Dmpu
2024-11-07 10:15:31,524 [ERROR] ConditionMgr:805 - Attr not supported : Dmpu
2024-11-07 10:15:31,524 [ERROR] ConditionMgr:805 - Attr not supported : Dmpu
2024-11-07 10:15:31,525 [ERROR] ConditionMgr:805 - Attr not supported : Dmpu
2024-11-07 10:15:31,525 [ERROR] ConditionMgr:805 - Attr not supported : Dmpu
2024-11-07 10:15:31,525 [ERROR] ConditionMgr:805 - Attr not supported : Dmpu
2024-11-07 10:15:31,525 [ERROR] ConditionMgr:805 - Attr not supported : Dmpu
2024-11-07 10:15:31,525 [ERROR] ConditionMgr:805 - Attr not supported : Dmpu
2024-11-07 10:15:31,526 [ERROR] ConditionMgr:805 - Attr not supported : Dmpu
2024-11-07 10:15:31,526 [ERROR] ConditionMgr:805 - Attr not supported : Dmpu
2024-11-07 10:15:31,526 [ERROR] ConditionMgr:805 - Attr not supported : Dmpu
2024-11-07 10:15:31,526 [ERROR] ConditionMgr:805 - Attr not supported : Dmpu
2024-11-07 10:15:31,526 [ERROR] ConditionMgr:805 - Attr not supported : Dmpu
2024-11-07 10:15:31,526 [ERROR] ConditionMgr:805 - Attr not supported : Dmpu
2024-11-07 10:15:31,526 [ERROR] ConditionMgr:805 - Attr not supported : Dmpu
2024-11-07 10:15:31,526 [ERROR] ConditionMgr:805 - Attr not supported : Dmpu
2024-11-07 10:15:31,527 [ERROR] ConditionMgr:805 - Attr not supported : Dmpu
2024-11-07 10:15:31,527 [ERROR] ConditionMgr:805 - Attr not supported : Dmpu
2024-11-07 10:15:31,527 [ERROR] ConditionMgr:805 - Attr not supported : Dmpu
2024-11-07 10:15:31,527 [ERROR] ConditionMgr:805 - Attr not supported : Dmpu
2024-11-07 10:15:31,527 [ERROR] ConditionMgr:805 - Attr not supported : Dmpu
2024-11-07 10:15:31,527 [ERROR] ConditionMgr:805 - Attr not supported : Dmpu
2024-11-07 10:15:31,527 [ERROR] ConditionMgr:805 - Attr not supported : Dmpu
2024-11-07 10:15:31,533 [WARN] PackLoader:240 - Cannot read IP mode file for RealThread.X-CUBE-RT-Thread_Nano.4.1.1
2024-11-07 10:15:31,538 [WARN] PackLoader:240 - Cannot read IP mode file for STMicroelectronics.FP-ATR-SIGFOX1.3.2.0
2024-11-07 10:15:31,542 [WARN] PackLoader:240 - Cannot read IP mode file for wolfSSL.I-CUBE-wolfSSL.5.7.2
2024-11-07 10:15:31,551 [WARN] PackLoader:240 - Cannot read IP mode file for STMicroelectronics.X-CUBE-EEPRMA1.5.1.0
2024-11-07 10:15:31,560 [WARN] PackLoader:240 - Cannot read IP mode file for ITTIA_DB.I-CUBE-ITTIADB.8.9.0
2024-11-07 10:15:31,618 [WARN] PackLoader:240 - Cannot read IP mode file for SEGGER.I-CUBE-embOS.1.3.1
2024-11-07 10:15:31,698 [WARN] PackLoader:240 - Cannot read IP mode file for STMicroelectronics.X-CUBE-ALGOBUILD.1.4.0
2024-11-07 10:15:31,704 [WARN] PackLoader:240 - Cannot read IP mode file for STMicroelectronics.X-CUBE-AI.9.1.0
2024-11-07 10:15:31,735 [WARN] PackLoader:240 - Cannot read IP mode file for STMicroelectronics.X-CUBE-AZRTOS-F4.1.1.0
2024-11-07 10:15:31,748 [WARN] PackLoader:240 - Cannot read IP mode file for STMicroelectronics.X-CUBE-ISPU.2.1.0
2024-11-07 10:15:31,756 [WARN] PackLoader:240 - Cannot read IP mode file for STMicroelectronics.X-CUBE-FREERTOS.1.2.0
2024-11-07 10:15:31,797 [WARN] PackLoader:240 - Cannot read IP mode file for STMicroelectronics.X-CUBE-AZRTOS-L5.2.0.0
2024-11-07 10:15:31,811 [WARN] PackLoader:240 - Cannot read IP mode file for STMicroelectronics.X-CUBE-NFC6.3.1.0
2024-11-07 10:15:31,819 [WARN] PackLoader:240 - Cannot read IP mode file for STMicroelectronics.X-CUBE-DPower.1.2.0
2024-11-07 10:15:31,823 [WARN] PackLoader:240 - Cannot read IP mode file for STMicroelectronics.X-CUBE-AI.9.0.0
2024-11-07 10:15:31,829 [WARN] PackLoader:240 - Cannot read IP mode file for STMicroelectronics.X-CUBE-NFC7.1.0.1
2024-11-07 10:15:31,856 [WARN] ConditionMgr:438 - getConditionDescription Invalid condition id : LAN8742 Phy interface Condition cause : null
2024-11-07 10:15:31,857 [WARN] PackLoader:240 - Cannot read IP mode file for STMicroelectronics.X-CUBE-AZRTOS-L4.2.0.0
2024-11-07 10:15:31,858 [WARN] ConditionMgr:1039 - genDependencies : Invalid condition id : LAN8742 Phy interface Condition cause : null
2024-11-07 10:15:31,859 [WARN] ConditionMgr:1039 - genDependencies : Invalid condition id : LAN8742 Phy interface Condition cause : null
2024-11-07 10:15:31,860 [WARN] ConditionMgr:1039 - genDependencies : Invalid condition id : LAN8742 Phy interface Condition cause : null
2024-11-07 10:15:31,867 [WARN] PackLoader:240 - Cannot read IP mode file for STMicroelectronics.X-CUBE-SFXS2LP1.4.0.0
2024-11-07 10:15:31,891 [WARN] PackLoader:240 - Cannot read IP mode file for STMicroelectronics.X-CUBE-AZRTOS-H7.3.3.0
2024-11-07 10:15:31,911 [WARN] PackLoader:240 - Cannot read IP mode file for STMicroelectronics.X-CUBE-IPS.3.0.0
2024-11-07 10:15:31,929 [WARN] ConditionMgr:438 - getConditionDescription Invalid condition id : UX DEVICE CLASS RTOS Condition cause : null
2024-11-07 10:15:31,929 [WARN] ConditionMgr:438 - getConditionDescription Invalid condition id : UX DEVICE CLASS RTOS Condition cause : null
2024-11-07 10:15:31,931 [WARN] PackLoader:240 - Cannot read IP mode file for STMicroelectronics.X-CUBE-AZRTOS-WB.2.0.0
2024-11-07 10:15:31,932 [WARN] ConditionMgr:1039 - genDependencies : Invalid condition id : UX DEVICE CLASS RTOS Condition cause : null
2024-11-07 10:15:31,932 [WARN] ConditionMgr:1039 - genDependencies : Invalid condition id : UX DEVICE CLASS RTOS Condition cause : null
2024-11-07 10:15:31,932 [WARN] ConditionMgr:1039 - genDependencies : Invalid condition id : UX DEVICE CLASS RTOS Condition cause : null
2024-11-07 10:15:31,933 [WARN] ConditionMgr:1039 - genDependencies : Invalid condition id : UX DEVICE CLASS RTOS Condition cause : null
2024-11-07 10:15:31,933 [WARN] ConditionMgr:1039 - genDependencies : Invalid condition id : UX DEVICE CLASS RTOS Condition cause : null
2024-11-07 10:15:31,938 [WARN] PackLoader:240 - Cannot read IP mode file for STMicroelectronics.X-CUBE-GNSS1.7.0.0
2024-11-07 10:15:31,951 [WARN] PackLoader:240 - Cannot read IP mode file for STMicroelectronics.FP-SNS-STBOX1.2.0.0
2024-11-07 10:15:31,966 [WARN] PackLoader:240 - Cannot read IP mode file for STMicroelectronics.X-CUBE-SUBG2.5.0.0
2024-11-07 10:15:31,976 [WARN] PackLoader:240 - Cannot read IP mode file for Cesanta.I-CUBE-Mongoose.7.13.0
2024-11-07 10:15:32,000 [WARN] PackLoader:240 - Cannot read IP mode file for STMicroelectronics.X-CUBE-AZRTOS-G4.2.0.0
2024-11-07 10:15:32,006 [WARN] PackLoader:240 - Cannot read IP mode file for STMicroelectronics.X-CUBE-ALS.1.0.2
2024-11-07 10:15:32,011 [WARN] PackLoader:240 - Cannot read IP mode file for STMicroelectronics.X-CUBE-TOUCHGFX.4.24.1
2024-11-07 10:15:32,014 [WARN] PackLoader:240 - Cannot read IP mode file for wolfSSL.I-CUBE-wolfTPM.3.4.0
2024-11-07 10:15:32,019 [WARN] PackLoader:240 - Cannot read IP mode file for portGmbH.I-Cube-SoM-uGOAL.1.1.0
2024-11-07 10:15:32,044 [WARN] PackLoader:240 - Cannot read IP mode file for STMicroelectronics.X-CUBE-AZRTOS-H7RS.1.0.0
2024-11-07 10:15:32,052 [WARN] PackLoader:240 - Cannot read IP mode file for STMicroelectronics.FP-ATR-ASTRA1.2.0.0
2024-11-07 10:15:32,068 [WARN] PackLoader:240 - Cannot read IP mode file for STMicroelectronics.X-CUBE-TOF1.3.4.2
2024-11-07 10:15:32,116 [WARN] PackLoader:240 - Cannot read IP mode file for Infineon.AIROC-Wi-Fi-Bluetooth-STM32.1.6.1
2024-11-07 10:15:32,127 [WARN] PackLoader:240 - Cannot read IP mode file for wolfSSL.I-CUBE-wolfSSH.1.4.17
2024-11-07 10:15:32,128 [INFO] ThirdParty:978 - Integrity check success = true
2024-11-07 10:15:32,128 [INFO] IntegrityCheckThread:100 - exiting critical section [integrity check]
2024-11-07 10:15:32,128 [INFO] IntegrityCheckThread:103 - End integrity checks thread
2024-11-07 10:40:41,584 [ERROR] LogOutputStream:75 - [STDERR_REDIRECT] 
