../../Drivers/CMSIS/Include/core_cm4.h:1933:34:__NVIC_SystemReset	0	static,ignoring_inline_asm
/home/irregular/D7039E-Beehive/workspace_1.16.1/LoRaWAN_End_Node/LoRaWAN/App/lora_app.c:880:13:OnSysTimeUpdate	0	static
/home/irregular/D7039E-Beehive/workspace_1.16.1/LoRaWAN_End_Node/LoRaWAN/App/lora_app.c:928:13:OnTxFrameCtrlChanged	0	static
/home/irregular/D7039E-Beehive/workspace_1.16.1/LoRaWAN_End_Node/LoRaWAN/App/lora_app.c:939:13:OnPingSlotPeriodicityChanged	0	static
/home/irregular/D7039E-Beehive/workspace_1.16.1/LoRaWAN_End_Node/LoRaWAN/App/lora_app.c:845:13:OnBeaconStatusChange	72	static
/home/irregular/D7039E-Beehive/workspace_1.16.1/LoRaWAN_End_Node/LoRaWAN/App/lora_app.c:887:13:OnClassChange	16	static
/home/irregular/D7039E-Beehive/workspace_1.16.1/LoRaWAN_End_Node/LoRaWAN/App/lora_app.c:1039:13:OnNvmDataChange	8	static
/home/irregular/D7039E-Beehive/workspace_1.16.1/LoRaWAN_End_Node/LoRaWAN/App/lora_app.c:754:13:OnTxTimerEvent	8	static
/home/irregular/D7039E-Beehive/workspace_1.16.1/LoRaWAN_End_Node/LoRaWAN/App/lora_app.c:894:13:OnMacProcessNotify	8	static
/home/irregular/D7039E-Beehive/workspace_1.16.1/LoRaWAN_End_Node/LoRaWAN/App/lora_app.c:950:13:OnSystemReset	8	static
/home/irregular/D7039E-Beehive/workspace_1.16.1/LoRaWAN_End_Node/LoRaWAN/App/lora_app.c:906:13:OnTxPeriodicityChanged	8	static
/home/irregular/D7039E-Beehive/workspace_1.16.1/LoRaWAN_End_Node/LoRaWAN/App/lora_app.c:786:13:OnTxData	24	static
/home/irregular/D7039E-Beehive/workspace_1.16.1/LoRaWAN_End_Node/LoRaWAN/App/lora_app.c:815:13:OnJoinRequest	16	static
/home/irregular/D7039E-Beehive/workspace_1.16.1/LoRaWAN_End_Node/LoRaWAN/App/lora_app.c:1001:13:OnStopJoinTimerEvent	8	static
/home/irregular/D7039E-Beehive/workspace_1.16.1/LoRaWAN_End_Node/LoRaWAN/App/lora_app.c:774:13:OnRxTimerLedEvent	8	static
/home/irregular/D7039E-Beehive/workspace_1.16.1/LoRaWAN_End_Node/LoRaWAN/App/lora_app.c:769:13:OnTxTimerLedEvent	8	static
/home/irregular/D7039E-Beehive/workspace_1.16.1/LoRaWAN_End_Node/LoRaWAN/App/lora_app.c:530:13:OnRxData	40	static
/home/irregular/D7039E-Beehive/workspace_1.16.1/LoRaWAN_End_Node/LoRaWAN/App/lora_app.c:1057:13:OnStoreContextRequest	16	static
/home/irregular/D7039E-Beehive/workspace_1.16.1/LoRaWAN_End_Node/LoRaWAN/App/lora_app.c:1072:13:OnRestoreContextRequest	8	static
/home/irregular/D7039E-Beehive/workspace_1.16.1/LoRaWAN_End_Node/LoRaWAN/App/lora_app.c:964:13:StopJoin	16	static
/home/irregular/D7039E-Beehive/workspace_1.16.1/LoRaWAN_End_Node/LoRaWAN/App/lora_app.c:1017:13:StoreContext	8	static
/home/irregular/D7039E-Beehive/workspace_1.16.1/LoRaWAN_End_Node/LoRaWAN/App/lora_app.c:610:13:SendTxData	56	static
/home/irregular/D7039E-Beehive/workspace_1.16.1/LoRaWAN_End_Node/LoRaWAN/App/lora_app.c:779:13:OnJoinTimerLedEvent	8	static
/home/irregular/D7039E-Beehive/workspace_1.16.1/LoRaWAN_End_Node/LoRaWAN/App/lora_app.c:374:6:LoRaWAN_Init	48	static
/home/irregular/D7039E-Beehive/workspace_1.16.1/LoRaWAN_End_Node/LoRaWAN/App/lora_app.c:469:6:HAL_GPIO_EXTI_Callback	8	static
/home/irregular/D7039E-Beehive/workspace_1.16.1/LoRaWAN_End_Node/LoRaWAN/App/lora_app.c:496:5:humidity_conversion	8	static
/home/irregular/D7039E-Beehive/workspace_1.16.1/LoRaWAN_End_Node/LoRaWAN/App/lora_app.c:500:5:temp_conversion	8	static
/home/irregular/D7039E-Beehive/workspace_1.16.1/LoRaWAN_End_Node/LoRaWAN/App/lora_app.c:504:6:read_temp_humid	56	static
