../../Drivers/CMSIS/Include/core_cm4.h:1933:34:__NVIC_SystemReset	0	static,ignoring_inline_asm
/home/ante/STM32CubeIDE/workspace_1.16.1/LoRaWAN_End_Node/LoRaWAN/App/lora_app.c:874:13:OnSysTimeUpdate	0	static
/home/ante/STM32CubeIDE/workspace_1.16.1/LoRaWAN_End_Node/LoRaWAN/App/lora_app.c:922:13:OnTxFrameCtrlChanged	0	static
/home/ante/STM32CubeIDE/workspace_1.16.1/LoRaWAN_End_Node/LoRaWAN/App/lora_app.c:933:13:OnPingSlotPeriodicityChanged	0	static
/home/ante/STM32CubeIDE/workspace_1.16.1/LoRaWAN_End_Node/LoRaWAN/App/lora_app.c:839:13:OnBeaconStatusChange	72	static
/home/ante/STM32CubeIDE/workspace_1.16.1/LoRaWAN_End_Node/LoRaWAN/App/lora_app.c:881:13:OnClassChange	16	static
/home/ante/STM32CubeIDE/workspace_1.16.1/LoRaWAN_End_Node/LoRaWAN/App/lora_app.c:1033:13:OnNvmDataChange	8	static
/home/ante/STM32CubeIDE/workspace_1.16.1/LoRaWAN_End_Node/LoRaWAN/App/lora_app.c:748:13:OnTxTimerEvent	8	static
/home/ante/STM32CubeIDE/workspace_1.16.1/LoRaWAN_End_Node/LoRaWAN/App/lora_app.c:888:13:OnMacProcessNotify	8	static
/home/ante/STM32CubeIDE/workspace_1.16.1/LoRaWAN_End_Node/LoRaWAN/App/lora_app.c:944:13:OnSystemReset	8	static
/home/ante/STM32CubeIDE/workspace_1.16.1/LoRaWAN_End_Node/LoRaWAN/App/lora_app.c:900:13:OnTxPeriodicityChanged	8	static
/home/ante/STM32CubeIDE/workspace_1.16.1/LoRaWAN_End_Node/LoRaWAN/App/lora_app.c:780:13:OnTxData	24	static
/home/ante/STM32CubeIDE/workspace_1.16.1/LoRaWAN_End_Node/LoRaWAN/App/lora_app.c:809:13:OnJoinRequest	16	static
/home/ante/STM32CubeIDE/workspace_1.16.1/LoRaWAN_End_Node/LoRaWAN/App/lora_app.c:995:13:OnStopJoinTimerEvent	8	static
/home/ante/STM32CubeIDE/workspace_1.16.1/LoRaWAN_End_Node/LoRaWAN/App/lora_app.c:768:13:OnRxTimerLedEvent	8	static
/home/ante/STM32CubeIDE/workspace_1.16.1/LoRaWAN_End_Node/LoRaWAN/App/lora_app.c:763:13:OnTxTimerLedEvent	8	static
/home/ante/STM32CubeIDE/workspace_1.16.1/LoRaWAN_End_Node/LoRaWAN/App/lora_app.c:529:13:OnRxData	40	static
/home/ante/STM32CubeIDE/workspace_1.16.1/LoRaWAN_End_Node/LoRaWAN/App/lora_app.c:1051:13:OnStoreContextRequest	16	static
/home/ante/STM32CubeIDE/workspace_1.16.1/LoRaWAN_End_Node/LoRaWAN/App/lora_app.c:1066:13:OnRestoreContextRequest	8	static
/home/ante/STM32CubeIDE/workspace_1.16.1/LoRaWAN_End_Node/LoRaWAN/App/lora_app.c:958:13:StopJoin	16	static
/home/ante/STM32CubeIDE/workspace_1.16.1/LoRaWAN_End_Node/LoRaWAN/App/lora_app.c:1011:13:StoreContext	8	static
/home/ante/STM32CubeIDE/workspace_1.16.1/LoRaWAN_End_Node/LoRaWAN/App/lora_app.c:773:13:OnJoinTimerLedEvent	8	static
/home/ante/STM32CubeIDE/workspace_1.16.1/LoRaWAN_End_Node/LoRaWAN/App/lora_app.c:373:6:LoRaWAN_Init	48	static
/home/ante/STM32CubeIDE/workspace_1.16.1/LoRaWAN_End_Node/LoRaWAN/App/lora_app.c:468:6:HAL_GPIO_EXTI_Callback	8	static
/home/ante/STM32CubeIDE/workspace_1.16.1/LoRaWAN_End_Node/LoRaWAN/App/lora_app.c:495:5:humidity_conversion	8	static
/home/ante/STM32CubeIDE/workspace_1.16.1/LoRaWAN_End_Node/LoRaWAN/App/lora_app.c:499:5:temp_conversion	8	static
/home/ante/STM32CubeIDE/workspace_1.16.1/LoRaWAN_End_Node/LoRaWAN/App/lora_app.c:503:6:read_temp_humid	56	static
/home/ante/STM32CubeIDE/workspace_1.16.1/LoRaWAN_End_Node/LoRaWAN/App/lora_app.c:609:13:SendTxData	64	static
