../../Drivers/CMSIS/Include/core_cm4.h:1933:34:__NVIC_SystemReset	0	static,ignoring_inline_asm
/home/ante/STM32CubeIDE/workspace_1.16.1/LoRaWAN_End_Node/LoRaWAN/App/lora_app.c:871:13:OnSysTimeUpdate	0	static
/home/ante/STM32CubeIDE/workspace_1.16.1/LoRaWAN_End_Node/LoRaWAN/App/lora_app.c:919:13:OnTxFrameCtrlChanged	0	static
/home/ante/STM32CubeIDE/workspace_1.16.1/LoRaWAN_End_Node/LoRaWAN/App/lora_app.c:930:13:OnPingSlotPeriodicityChanged	0	static
/home/ante/STM32CubeIDE/workspace_1.16.1/LoRaWAN_End_Node/LoRaWAN/App/lora_app.c:836:13:OnBeaconStatusChange	72	static
/home/ante/STM32CubeIDE/workspace_1.16.1/LoRaWAN_End_Node/LoRaWAN/App/lora_app.c:878:13:OnClassChange	16	static
/home/ante/STM32CubeIDE/workspace_1.16.1/LoRaWAN_End_Node/LoRaWAN/App/lora_app.c:1030:13:OnNvmDataChange	8	static
/home/ante/STM32CubeIDE/workspace_1.16.1/LoRaWAN_End_Node/LoRaWAN/App/lora_app.c:745:13:OnTxTimerEvent	8	static
/home/ante/STM32CubeIDE/workspace_1.16.1/LoRaWAN_End_Node/LoRaWAN/App/lora_app.c:885:13:OnMacProcessNotify	8	static
/home/ante/STM32CubeIDE/workspace_1.16.1/LoRaWAN_End_Node/LoRaWAN/App/lora_app.c:941:13:OnSystemReset	8	static
/home/ante/STM32CubeIDE/workspace_1.16.1/LoRaWAN_End_Node/LoRaWAN/App/lora_app.c:897:13:OnTxPeriodicityChanged	8	static
/home/ante/STM32CubeIDE/workspace_1.16.1/LoRaWAN_End_Node/LoRaWAN/App/lora_app.c:777:13:OnTxData	24	static
/home/ante/STM32CubeIDE/workspace_1.16.1/LoRaWAN_End_Node/LoRaWAN/App/lora_app.c:806:13:OnJoinRequest	16	static
/home/ante/STM32CubeIDE/workspace_1.16.1/LoRaWAN_End_Node/LoRaWAN/App/lora_app.c:992:13:OnStopJoinTimerEvent	8	static
/home/ante/STM32CubeIDE/workspace_1.16.1/LoRaWAN_End_Node/LoRaWAN/App/lora_app.c:765:13:OnRxTimerLedEvent	8	static
/home/ante/STM32CubeIDE/workspace_1.16.1/LoRaWAN_End_Node/LoRaWAN/App/lora_app.c:760:13:OnTxTimerLedEvent	8	static
/home/ante/STM32CubeIDE/workspace_1.16.1/LoRaWAN_End_Node/LoRaWAN/App/lora_app.c:526:13:OnRxData	40	static
/home/ante/STM32CubeIDE/workspace_1.16.1/LoRaWAN_End_Node/LoRaWAN/App/lora_app.c:1048:13:OnStoreContextRequest	16	static
/home/ante/STM32CubeIDE/workspace_1.16.1/LoRaWAN_End_Node/LoRaWAN/App/lora_app.c:1063:13:OnRestoreContextRequest	8	static
/home/ante/STM32CubeIDE/workspace_1.16.1/LoRaWAN_End_Node/LoRaWAN/App/lora_app.c:955:13:StopJoin	16	static
/home/ante/STM32CubeIDE/workspace_1.16.1/LoRaWAN_End_Node/LoRaWAN/App/lora_app.c:1008:13:StoreContext	8	static
/home/ante/STM32CubeIDE/workspace_1.16.1/LoRaWAN_End_Node/LoRaWAN/App/lora_app.c:770:13:OnJoinTimerLedEvent	8	static
/home/ante/STM32CubeIDE/workspace_1.16.1/LoRaWAN_End_Node/LoRaWAN/App/lora_app.c:372:6:LoRaWAN_Init	48	static
/home/ante/STM32CubeIDE/workspace_1.16.1/LoRaWAN_End_Node/LoRaWAN/App/lora_app.c:467:6:HAL_GPIO_EXTI_Callback	8	static
/home/ante/STM32CubeIDE/workspace_1.16.1/LoRaWAN_End_Node/LoRaWAN/App/lora_app.c:494:5:humidity_conversion	8	static
/home/ante/STM32CubeIDE/workspace_1.16.1/LoRaWAN_End_Node/LoRaWAN/App/lora_app.c:498:5:temp_conversion	8	static
/home/ante/STM32CubeIDE/workspace_1.16.1/LoRaWAN_End_Node/LoRaWAN/App/lora_app.c:502:6:read_temp_humid	56	static
/home/ante/STM32CubeIDE/workspace_1.16.1/LoRaWAN_End_Node/LoRaWAN/App/lora_app.c:606:13:SendTxData	56	static
