../../Drivers/CMSIS/Include/core_cm4.h:1933:34:__NVIC_SystemReset	0	static,ignoring_inline_asm
/home/irregular/D7039E-Beehive/workspace_1.16.1/LoRaWAN_End_Node/LoRaWAN/App/lora_app.c:878:13:OnSysTimeUpdate	0	static
/home/irregular/D7039E-Beehive/workspace_1.16.1/LoRaWAN_End_Node/LoRaWAN/App/lora_app.c:926:13:OnTxFrameCtrlChanged	0	static
/home/irregular/D7039E-Beehive/workspace_1.16.1/LoRaWAN_End_Node/LoRaWAN/App/lora_app.c:937:13:OnPingSlotPeriodicityChanged	0	static
/home/irregular/D7039E-Beehive/workspace_1.16.1/LoRaWAN_End_Node/LoRaWAN/App/lora_app.c:843:13:OnBeaconStatusChange	72	static
/home/irregular/D7039E-Beehive/workspace_1.16.1/LoRaWAN_End_Node/LoRaWAN/App/lora_app.c:885:13:OnClassChange	16	static
/home/irregular/D7039E-Beehive/workspace_1.16.1/LoRaWAN_End_Node/LoRaWAN/App/lora_app.c:1037:13:OnNvmDataChange	8	static
/home/irregular/D7039E-Beehive/workspace_1.16.1/LoRaWAN_End_Node/LoRaWAN/App/lora_app.c:752:13:OnTxTimerEvent	8	static
/home/irregular/D7039E-Beehive/workspace_1.16.1/LoRaWAN_End_Node/LoRaWAN/App/lora_app.c:892:13:OnMacProcessNotify	8	static
/home/irregular/D7039E-Beehive/workspace_1.16.1/LoRaWAN_End_Node/LoRaWAN/App/lora_app.c:948:13:OnSystemReset	8	static
/home/irregular/D7039E-Beehive/workspace_1.16.1/LoRaWAN_End_Node/LoRaWAN/App/lora_app.c:904:13:OnTxPeriodicityChanged	8	static
/home/irregular/D7039E-Beehive/workspace_1.16.1/LoRaWAN_End_Node/LoRaWAN/App/lora_app.c:784:13:OnTxData	24	static
/home/irregular/D7039E-Beehive/workspace_1.16.1/LoRaWAN_End_Node/LoRaWAN/App/lora_app.c:813:13:OnJoinRequest	16	static
/home/irregular/D7039E-Beehive/workspace_1.16.1/LoRaWAN_End_Node/LoRaWAN/App/lora_app.c:999:13:OnStopJoinTimerEvent	8	static
/home/irregular/D7039E-Beehive/workspace_1.16.1/LoRaWAN_End_Node/LoRaWAN/App/lora_app.c:772:13:OnRxTimerLedEvent	8	static
/home/irregular/D7039E-Beehive/workspace_1.16.1/LoRaWAN_End_Node/LoRaWAN/App/lora_app.c:767:13:OnTxTimerLedEvent	8	static
/home/irregular/D7039E-Beehive/workspace_1.16.1/LoRaWAN_End_Node/LoRaWAN/App/lora_app.c:529:13:OnRxData	40	static
/home/irregular/D7039E-Beehive/workspace_1.16.1/LoRaWAN_End_Node/LoRaWAN/App/lora_app.c:1055:13:OnStoreContextRequest	16	static
/home/irregular/D7039E-Beehive/workspace_1.16.1/LoRaWAN_End_Node/LoRaWAN/App/lora_app.c:1070:13:OnRestoreContextRequest	8	static
/home/irregular/D7039E-Beehive/workspace_1.16.1/LoRaWAN_End_Node/LoRaWAN/App/lora_app.c:962:13:StopJoin	16	static
/home/irregular/D7039E-Beehive/workspace_1.16.1/LoRaWAN_End_Node/LoRaWAN/App/lora_app.c:1015:13:StoreContext	8	static
/home/irregular/D7039E-Beehive/workspace_1.16.1/LoRaWAN_End_Node/LoRaWAN/App/lora_app.c:777:13:OnJoinTimerLedEvent	8	static
/home/irregular/D7039E-Beehive/workspace_1.16.1/LoRaWAN_End_Node/LoRaWAN/App/lora_app.c:373:6:LoRaWAN_Init	48	static
/home/irregular/D7039E-Beehive/workspace_1.16.1/LoRaWAN_End_Node/LoRaWAN/App/lora_app.c:468:6:HAL_GPIO_EXTI_Callback	8	static
/home/irregular/D7039E-Beehive/workspace_1.16.1/LoRaWAN_End_Node/LoRaWAN/App/lora_app.c:495:5:humidity_conversion	8	static
/home/irregular/D7039E-Beehive/workspace_1.16.1/LoRaWAN_End_Node/LoRaWAN/App/lora_app.c:499:5:temp_conversion	8	static
/home/irregular/D7039E-Beehive/workspace_1.16.1/LoRaWAN_End_Node/LoRaWAN/App/lora_app.c:503:6:read_temp_humid	56	static
/home/irregular/D7039E-Beehive/workspace_1.16.1/LoRaWAN_End_Node/LoRaWAN/App/lora_app.c:609:13:SendTxData	64	static
